Archive member included to satisfy reference by file (symbol)

c:/st/stm32cubeide_1.5.1/stm32cubeide/plugins/com.st.stm32cube.ide.mcu.externaltools.gnu-tools-for-stm32.9-2020-q2-update.win32_1.5.0.202011040924/tools/bin/../lib/gcc/arm-none-eabi/9.3.1/../../../../arm-none-eabi/lib/thumb/v7e-m+fp/hard\libc_nano.a(lib_a-errno.o)
                              Core/Src/syscalls.o (__errno)
c:/st/stm32cubeide_1.5.1/stm32cubeide/plugins/com.st.stm32cube.ide.mcu.externaltools.gnu-tools-for-stm32.9-2020-q2-update.win32_1.5.0.202011040924/tools/bin/../lib/gcc/arm-none-eabi/9.3.1/../../../../arm-none-eabi/lib/thumb/v7e-m+fp/hard\libc_nano.a(lib_a-exit.o)
                              c:/st/stm32cubeide_1.5.1/stm32cubeide/plugins/com.st.stm32cube.ide.mcu.externaltools.gnu-tools-for-stm32.9-2020-q2-update.win32_1.5.0.202011040924/tools/bin/../lib/gcc/arm-none-eabi/9.3.1/../../../../arm-none-eabi/lib/thumb/v7e-m+fp/hard/crt0.o (exit)
c:/st/stm32cubeide_1.5.1/stm32cubeide/plugins/com.st.stm32cube.ide.mcu.externaltools.gnu-tools-for-stm32.9-2020-q2-update.win32_1.5.0.202011040924/tools/bin/../lib/gcc/arm-none-eabi/9.3.1/../../../../arm-none-eabi/lib/thumb/v7e-m+fp/hard\libc_nano.a(lib_a-impure.o)
                              c:/st/stm32cubeide_1.5.1/stm32cubeide/plugins/com.st.stm32cube.ide.mcu.externaltools.gnu-tools-for-stm32.9-2020-q2-update.win32_1.5.0.202011040924/tools/bin/../lib/gcc/arm-none-eabi/9.3.1/../../../../arm-none-eabi/lib/thumb/v7e-m+fp/hard\libc_nano.a(lib_a-exit.o) (_global_impure_ptr)
c:/st/stm32cubeide_1.5.1/stm32cubeide/plugins/com.st.stm32cube.ide.mcu.externaltools.gnu-tools-for-stm32.9-2020-q2-update.win32_1.5.0.202011040924/tools/bin/../lib/gcc/arm-none-eabi/9.3.1/../../../../arm-none-eabi/lib/thumb/v7e-m+fp/hard\libc_nano.a(lib_a-init.o)
                              c:/st/stm32cubeide_1.5.1/stm32cubeide/plugins/com.st.stm32cube.ide.mcu.externaltools.gnu-tools-for-stm32.9-2020-q2-update.win32_1.5.0.202011040924/tools/bin/../lib/gcc/arm-none-eabi/9.3.1/../../../../arm-none-eabi/lib/thumb/v7e-m+fp/hard/crt0.o (__libc_init_array)
c:/st/stm32cubeide_1.5.1/stm32cubeide/plugins/com.st.stm32cube.ide.mcu.externaltools.gnu-tools-for-stm32.9-2020-q2-update.win32_1.5.0.202011040924/tools/bin/../lib/gcc/arm-none-eabi/9.3.1/../../../../arm-none-eabi/lib/thumb/v7e-m+fp/hard\libc_nano.a(lib_a-memcpy-stub.o)
                              Middlewares/Third_Party/FreeRTOS/Source/queue.o (memcpy)
c:/st/stm32cubeide_1.5.1/stm32cubeide/plugins/com.st.stm32cube.ide.mcu.externaltools.gnu-tools-for-stm32.9-2020-q2-update.win32_1.5.0.202011040924/tools/bin/../lib/gcc/arm-none-eabi/9.3.1/../../../../arm-none-eabi/lib/thumb/v7e-m+fp/hard\libc_nano.a(lib_a-memset.o)
                              c:/st/stm32cubeide_1.5.1/stm32cubeide/plugins/com.st.stm32cube.ide.mcu.externaltools.gnu-tools-for-stm32.9-2020-q2-update.win32_1.5.0.202011040924/tools/bin/../lib/gcc/arm-none-eabi/9.3.1/../../../../arm-none-eabi/lib/thumb/v7e-m+fp/hard/crt0.o (memset)
c:/st/stm32cubeide_1.5.1/stm32cubeide/plugins/com.st.stm32cube.ide.mcu.externaltools.gnu-tools-for-stm32.9-2020-q2-update.win32_1.5.0.202011040924/tools/bin/../lib/gcc/arm-none-eabi/9.3.1/../../../../arm-none-eabi/lib/thumb/v7e-m+fp/hard\libc_nano.a(lib_a-sprintf.o)
                              Core/Src/main.o (sprintf)
c:/st/stm32cubeide_1.5.1/stm32cubeide/plugins/com.st.stm32cube.ide.mcu.externaltools.gnu-tools-for-stm32.9-2020-q2-update.win32_1.5.0.202011040924/tools/bin/../lib/gcc/arm-none-eabi/9.3.1/../../../../arm-none-eabi/lib/thumb/v7e-m+fp/hard\libc_nano.a(lib_a-nano-svfprintf.o)
                              c:/st/stm32cubeide_1.5.1/stm32cubeide/plugins/com.st.stm32cube.ide.mcu.externaltools.gnu-tools-for-stm32.9-2020-q2-update.win32_1.5.0.202011040924/tools/bin/../lib/gcc/arm-none-eabi/9.3.1/../../../../arm-none-eabi/lib/thumb/v7e-m+fp/hard\libc_nano.a(lib_a-sprintf.o) (_svfprintf_r)
c:/st/stm32cubeide_1.5.1/stm32cubeide/plugins/com.st.stm32cube.ide.mcu.externaltools.gnu-tools-for-stm32.9-2020-q2-update.win32_1.5.0.202011040924/tools/bin/../lib/gcc/arm-none-eabi/9.3.1/../../../../arm-none-eabi/lib/thumb/v7e-m+fp/hard\libc_nano.a(lib_a-nano-vfprintf_i.o)
                              c:/st/stm32cubeide_1.5.1/stm32cubeide/plugins/com.st.stm32cube.ide.mcu.externaltools.gnu-tools-for-stm32.9-2020-q2-update.win32_1.5.0.202011040924/tools/bin/../lib/gcc/arm-none-eabi/9.3.1/../../../../arm-none-eabi/lib/thumb/v7e-m+fp/hard\libc_nano.a(lib_a-nano-svfprintf.o) (_printf_i)
c:/st/stm32cubeide_1.5.1/stm32cubeide/plugins/com.st.stm32cube.ide.mcu.externaltools.gnu-tools-for-stm32.9-2020-q2-update.win32_1.5.0.202011040924/tools/bin/../lib/gcc/arm-none-eabi/9.3.1/../../../../arm-none-eabi/lib/thumb/v7e-m+fp/hard\libc_nano.a(lib_a-memchr.o)
[...]
Memory Configuration

Name             Origin             Length             Attributes
RAM              0x0000000020000000 0x0000000000050000 xrw
FLASH            0x0000000008000000 0x0000000000100000 xr
*default*        0x0000000000000000 0xffffffffffffffff

Linker script and memory map

LOAD c:/st/stm32cubeide_1.5.1/stm32cubeide/plugins/com.st.stm32cube.ide.mcu.externaltools.gnu-tools-for-stm32.9-2020-q2-update.win32_1.5.0.202011040924/tools/bin/../lib/gcc/arm-none-eabi/9.3.1/thumb/v7e-m+fp/hard/crti.o
LOAD c:/st/stm32cubeide_1.5.1/stm32cubeide/plugins/com.st.stm32cube.ide.mcu.externaltools.gnu-tools-for-stm32.9-2020-q2-update.win32_1.5.0.202011040924/tools/bin/../lib/gcc/arm-none-eabi/9.3.1/thumb/v7e-m+fp/hard/crtbegin.o
LOAD c:/st/stm32cubeide_1.5.1/stm32cubeide/plugins/com.st.stm32cube.ide.mcu.externaltools.gnu-tools-for-stm32.9-2020-q2-update.win32_1.5.0.202011040924/tools/bin/../lib/gcc/arm-none-eabi/9.3.1/../../../../arm-none-eabi/lib/thumb/v7e-m+fp/hard/crt0.o
LOAD Core/Src/freertos.o
LOAD Core/Src/ft5336.o
LOAD Core/Src/main.o
LOAD Core/Src/stm32746g_discovery.o
LOAD Core/Src/stm32746g_discovery_lcd.o
LOAD Core/Src/stm32746g_discovery_sdram.o
LOAD Core/Src/stm32746g_discovery_ts.o
LOAD Core/Src/stm32f7xx_hal_msp.o
LOAD Core/Src/stm32f7xx_hal_timebase_tim.o
LOAD Core/Src/stm32f7xx_it.o
LOAD Core/Src/syscalls.o
LOAD Core/Src/sysmem.o
LOAD Core/Src/system_stm32f7xx.o
LOAD Core/Startup/startup_stm32f746nghx.o
LOAD Drivers/STM32F7xx_HAL_Driver/Src/stm32f7xx_hal.o
LOAD Drivers/STM32F7xx_HAL_Driver/Src/stm32f7xx_hal_adc.o
LOAD Drivers/STM32F7xx_HAL_Driver/Src/stm32f7xx_hal_adc_ex.o
LOAD Drivers/STM32F7xx_HAL_Driver/Src/stm32f7xx_hal_cortex.o
LOAD Drivers/STM32F7xx_HAL_Driver/Src/stm32f7xx_hal_dac.o
LOAD Drivers/STM32F7xx_HAL_Driver/Src/stm32f7xx_hal_dac_ex.o
LOAD Drivers/STM32F7xx_HAL_Driver/Src/stm32f7xx_hal_dma.o
LOAD Drivers/STM32F7xx_HAL_Driver/Src/stm32f7xx_hal_dma2d.o
LOAD Drivers/STM32F7xx_HAL_Driver/Src/stm32f7xx_hal_dma_ex.o
LOAD Drivers/STM32F7xx_HAL_Driver/Src/stm32f7xx_hal_dsi.o
LOAD Drivers/STM32F7xx_HAL_Driver/Src/stm32f7xx_hal_exti.o
LOAD Drivers/STM32F7xx_HAL_Driver/Src/stm32f7xx_hal_flash.o
LOAD Drivers/STM32F7xx_HAL_Driver/Src/stm32f7xx_hal_flash_ex.o
LOAD Drivers/STM32F7xx_HAL_Driver/Src/stm32f7xx_hal_gpio.o
LOAD Drivers/STM32F7xx_HAL_Driver/Src/stm32f7xx_hal_i2c.o
LOAD Drivers/STM32F7xx_HAL_Driver/Src/stm32f7xx_hal_i2c_ex.o
LOAD Drivers/STM32F7xx_HAL_Driver/Src/stm32f7xx_hal_ltdc.o
LOAD Drivers/STM32F7xx_HAL_Driver/Src/stm32f7xx_hal_ltdc_ex.o
LOAD Drivers/STM32F7xx_HAL_Driver/Src/stm32f7xx_hal_pwr.o
LOAD Drivers/STM32F7xx_HAL_Driver/Src/stm32f7xx_hal_pwr_ex.o
LOAD Drivers/STM32F7xx_HAL_Driver/Src/stm32f7xx_hal_rcc.o
LOAD Drivers/STM32F7xx_HAL_Driver/Src/stm32f7xx_hal_rcc_ex.o
LOAD Drivers/STM32F7xx_HAL_Driver/Src/stm32f7xx_hal_rtc.o
LOAD Drivers/STM32F7xx_HAL_Driver/Src/stm32f7xx_hal_rtc_ex.o
LOAD Drivers/STM32F7xx_HAL_Driver/Src/stm32f7xx_hal_sdram.o
LOAD Drivers/STM32F7xx_HAL_Driver/Src/stm32f7xx_hal_spi.o
LOAD Drivers/STM32F7xx_HAL_Driver/Src/stm32f7xx_hal_spi_ex.o
LOAD Drivers/STM32F7xx_HAL_Driver/Src/stm32f7xx_hal_tim.o
LOAD Drivers/STM32F7xx_HAL_Driver/Src/stm32f7xx_hal_tim_ex.o
LOAD Drivers/STM32F7xx_HAL_Driver/Src/stm32f7xx_hal_uart.o
LOAD Drivers/STM32F7xx_HAL_Driver/Src/stm32f7xx_hal_uart_ex.o
LOAD Drivers/STM32F7xx_HAL_Driver/Src/stm32f7xx_ll_fmc.o
LOAD Middlewares/Third_Party/FreeRTOS/Source/CMSIS_RTOS/cmsis_os.o
LOAD Middlewares/Third_Party/FreeRTOS/Source/croutine.o
LOAD Middlewares/Third_Party/FreeRTOS/Source/event_groups.o
LOAD Middlewares/Third_Party/FreeRTOS/Source/list.o
LOAD Middlewares/Third_Party/FreeRTOS/Source/queue.o
LOAD Middlewares/Third_Party/FreeRTOS/Source/stream_buffer.o
LOAD Middlewares/Third_Party/FreeRTOS/Source/tasks.o
LOAD Middlewares/Third_Party/FreeRTOS/Source/timers.o
LOAD Middlewares/Third_Party/FreeRTOS/Source/portable/GCC/ARM_CM7/r0p1/port.o
LOAD Middlewares/Third_Party/FreeRTOS/Source/portable/MemMang/heap_4.o
START GROUP
LOAD c:/st/stm32cubeide_1.5.1/stm32cubeide/plugins/com.st.stm32cube.ide.mcu.externaltools.gnu-tools-for-stm32.9-2020-q2-update.win32_1.5.0.202011040924/tools/bin/../lib/gcc/arm-none-eabi/9.3.1/../../../../arm-none-eabi/lib/thumb/v7e-m+fp/hard\libc_nano.a
LOAD c:/st/stm32cubeide_1.5.1/stm32cubeide/plugins/com.st.stm32cube.ide.mcu.externaltools.gnu-tools-for-stm32.9-2020-q2-update.win32_1.5.0.202011040924/tools/bin/../lib/gcc/arm-none-eabi/9.3.1/../../../../arm-none-eabi/lib/thumb/v7e-m+fp/hard\libm.a
END GROUP
START GROUP
LOAD c:/st/stm32cubeide_1.5.1/stm32cubeide/plugins/com.st.stm32cube.ide.mcu.externaltools.gnu-tools-for-stm32.9-2020-q2-update.win32_1.5.0.202011040924/tools/bin/../lib/gcc/arm-none-eabi/9.3.1/thumb/v7e-m+fp/hard\libgcc.a
LOAD c:/st/stm32cubeide_1.5.1/stm32cubeide/plugins/com.st.stm32cube.ide.mcu.externaltools.gnu-tools-for-stm32.9-2020-q2-update.win32_1.5.0.202011040924/tools/bin/../lib/gcc/arm-none-eabi/9.3.1/../../../../arm-none-eabi/lib/thumb/v7e-m+fp/hard\libc_nano.a
END GROUP
START GROUP
LOAD c:/st/stm32cubeide_1.5.1/stm32cubeide/plugins/com.st.stm32cube.ide.mcu.externaltools.gnu-tools-for-stm32.9-2020-q2-update.win32_1.5.0.202011040924/tools/bin/../lib/gcc/arm-none-eabi/9.3.1/thumb/v7e-m+fp/hard\libgcc.a
LOAD c:/st/stm32cubeide_1.5.1/stm32cubeide/plugins/com.st.stm32cube.ide.mcu.externaltools.gnu-tools-for-stm32.9-2020-q2-update.win32_1.5.0.202011040924/tools/bin/../lib/gcc/arm-none-eabi/9.3.1/../../../../arm-none-eabi/lib/thumb/v7e-m+fp/hard\libc_nano.a
LOAD c:/st/stm32cubeide_1.5.1/stm32cubeide/plugins/com.st.stm32cube.ide.mcu.externaltools.gnu-tools-for-stm32.9-2020-q2-update.win32_1.5.0.202011040924/tools/bin/../lib/gcc/arm-none-eabi/9.3.1/../../../../arm-none-eabi/lib/thumb/v7e-m+fp/hard\libnosys.a
END GROUP
START GROUP
LOAD c:/st/stm32cubeide_1.5.1/stm32cubeide/plugins/com.st.stm32cube.ide.mcu.externaltools.gnu-tools-for-stm32.9-2020-q2-update.win32_1.5.0.202011040924/tools/bin/../lib/gcc/arm-none-eabi/9.3.1/thumb/v7e-m+fp/hard\libgcc.a
LOAD c:/st/stm32cubeide_1.5.1/stm32cubeide/plugins/com.st.stm32cube.ide.mcu.externaltools.gnu-tools-for-stm32.9-2020-q2-update.win32_1.5.0.202011040924/tools/bin/../lib/gcc/arm-none-eabi/9.3.1/../../../../arm-none-eabi/lib/thumb/v7e-m+fp/hard\libc_nano.a
LOAD c:/st/stm32cubeide_1.5.1/stm32cubeide/plugins/com.st.stm32cube.ide.mcu.externaltools.gnu-tools-for-stm32.9-2020-q2-update.win32_1.5.0.202011040924/tools/bin/../lib/gcc/arm-none-eabi/9.3.1/../../../../arm-none-eabi/lib/thumb/v7e-m+fp/hard\libnosys.a
END GROUP
LOAD c:/st/stm32cubeide_1.5.1/stm32cubeide/plugins/com.st.stm32cube.ide.mcu.externaltools.gnu-tools-for-stm32.9-2020-q2-update.win32_1.5.0.202011040924/tools/bin/../lib/gcc/arm-none-eabi/9.3.1/thumb/v7e-m+fp/hard/crtend.o
LOAD c:/st/stm32cubeide_1.5.1/stm32cubeide/plugins/com.st.stm32cube.ide.mcu.externaltools.gnu-tools-for-stm32.9-2020-q2-update.win32_1.5.0.202011040924/tools/bin/../lib/gcc/arm-none-eabi/9.3.1/thumb/v7e-m+fp/hard/crtn.o
                0x0000000020050000                _estack = (ORIGIN (RAM) + LENGTH (RAM))
                0x0000000000000200                _Min_Heap_Size = 0x200
                0x0000000000000400                _Min_Stack_Size = 0x400

.isr_vector     0x0000000008000000      0x1c8
                0x0000000008000000                . = ALIGN (0x4)
 *(.isr_vector)
 .isr_vector    0x0000000008000000      0x1c8 Core/Startup/startup_stm32f746nghx.o
                0x0000000008000000                g_pfnVectors
                0x00000000080001c8                . = ALIGN (0x4)

.text           0x00000000080001d0     0xb880
                0x00000000080001d0                . = ALIGN (0x4)
 *(.text)
 .text          0x00000000080001d0       0x40 c:/st/stm32cubeide_1.5.1/stm32cubeide/plugins/com.st.stm32cube.ide.mcu.externaltools.gnu-tools-for-stm32.9-2020-q2-update.win32_1.5.0.202011040924/tools/bin/../lib/gcc/arm-none-eabi/9.3.1/thumb/v7e-m+fp/hard/crtbegin.o
 .text          0x0000000008000210       0x30 c:/st/stm32cubeide_1.5.1/stm32cubeide/plugins/com.st.stm32cube.ide.mcu.externaltools.gnu-tools-for-stm32.9-2020-q2-update.win32_1.5.0.202011040924/tools/bin/../lib/gcc/arm-none-eabi/9.3.1/thumb/v7e-m+fp/hard\libgcc.a(_aeabi_uldivmod.o)
                0x0000000008000210                __aeabi_uldivmod
 .text          0x0000000008000240      0x2c4 c:/st/stm32cubeide_1.5.1/stm32cubeide/plugins/com.st.stm32cube.ide.mcu.externaltools.gnu-tools-for-stm32.9-2020-q2-update.win32_1.5.0.202011040924/tools/bin/../lib/gcc/arm-none-eabi/9.3.1/thumb/v7e-m+fp/hard\libgcc.a(_udivmoddi4.o)
                0x0000000008000240                __udivmoddi4
 .text          0x0000000008000504        0x4 c:/st/stm32cubeide_1.5.1/stm32cubeide/plugins/com.st.stm32cube.ide.mcu.externaltools.gnu-tools-for-stm32.9-2020-q2-update.win32_1.5.0.202011040924/tools/bin/../lib/gcc/arm-none-eabi/9.3.1/thumb/v7e-m+fp/hard\libgcc.a(_dvmd_tls.o)
                0x0000000008000504                __aeabi_idiv0
                0x0000000008000504                __aeabi_ldiv0
 *(.text*)
 .text.ft5336_Init
                0x0000000008000508       0x1c Core/Src/ft5336.o
                0x0000000008000508                ft5336_Init
 .text.ft5336_Reset
                0x0000000008000524       0x16 Core/Src/ft5336.o
                0x0000000008000524                ft5336_Reset
 .text.ft5336_ReadID
                0x000000000800053a       0x5c Core/Src/ft5336.o
                0x000000000800053a                ft5336_ReadID
 .text.ft5336_TS_Start
                0x0000000008000596       0x22 Core/Src/ft5336.o
                0x0000000008000596                ft5336_TS_Start
 .text.ft5336_TS_DetectTouch
                0x00000000080005b8       0x54 Core/Src/ft5336.o
                0x00000000080005b8                ft5336_TS_DetectTouch
 .text.ft5336_TS_GetXY
                0x000000000800060c      0x1e0 Core/Src/ft5336.o
                0x000000000800060c                ft5336_TS_GetXY
 .text.ft5336_TS_EnableIT
                0x00000000080007ec       0x28 Core/Src/ft5336.o
                0x00000000080007ec                ft5336_TS_EnableIT
 .text.ft5336_TS_DisableIT
                0x0000000008000814       0x28 Core/Src/ft5336.o
                0x0000000008000814                ft5336_TS_DisableIT
 .text.ft5336_TS_ITStatus
                0x000000000800083c       0x18 Core/Src/ft5336.o
                0x000000000800083c                ft5336_TS_ITStatus
 .text.ft5336_TS_ClearIT
                0x0000000008000854       0x16 Core/Src/ft5336.o
                0x0000000008000854                ft5336_TS_ClearIT
 *fill*         0x000000000800086a        0x2 
 .text.ft5336_Get_I2C_InitializedStatus
                0x000000000800086c       0x18 Core/Src/ft5336.o
 .text.ft5336_I2C_InitializeIfRequired
                0x0000000008000884       0x20 Core/Src/ft5336.o
 .text.ft5336_TS_Configure
                0x00000000080008a4       0x1c Core/Src/ft5336.o
 .text.main     0x00000000080008c0      0x15c Core/Src/main.o
                0x00000000080008c0                main
 .text.SystemClock_Config
                0x0000000008000a1c      0x160 Core/Src/main.o
                0x0000000008000a1c                SystemClock_Config
 .text.MX_ADC1_Init
                0x0000000008000b7c       0xa4 Core/Src/main.o
 .text.MX_ADC3_Init
                0x0000000008000c20       0xa4 Core/Src/main.o
 .text.MX_DAC_Init
                0x0000000008000cc4       0x54 Core/Src/main.o
 .text.MX_DMA2D_Init
                0x0000000008000d18       0x64 Core/Src/main.o
 .text.MX_I2C1_Init
                0x0000000008000d7c       0x80 Core/Src/main.o
 .text.MX_I2C3_Init
                0x0000000008000dfc       0x80 Core/Src/main.o
 .text.MX_LTDC_Init
                0x0000000008000e7c      0x104 Core/Src/main.o
 .text.MX_RTC_Init
                0x0000000008000f80      0x14c Core/Src/main.o
 .text.MX_SPI2_Init
                0x00000000080010cc       0x7c Core/Src/main.o
 .text.MX_TIM1_Init
                0x0000000008001148       0xa8 Core/Src/main.o
 .text.MX_TIM2_Init
                0x00000000080011f0       0x9c Core/Src/main.o
 .text.MX_TIM3_Init
                0x000000000800128c      0x11c Core/Src/main.o
 .text.MX_TIM5_Init
                0x00000000080013a8       0x9c Core/Src/main.o
 .text.MX_TIM8_Init
                0x0000000008001444      0x154 Core/Src/main.o
 .text.MX_UART7_Init
                0x0000000008001598       0x60 Core/Src/main.o
 .text.MX_USART1_UART_Init
                0x00000000080015f8       0x60 Core/Src/main.o
 .text.MX_USART6_UART_Init
                0x0000000008001658       0x60 Core/Src/main.o
 .text.MX_FMC_Init
                0x00000000080016b8       0x9c Core/Src/main.o
 .text.MX_GPIO_Init
                0x0000000008001754      0x3d8 Core/Src/main.o
 .text.HAL_UART_RxCpltCallback
                0x0000000008001b2c       0x84 Core/Src/main.o
                0x0000000008001b2c                HAL_UART_RxCpltCallback
 .text.HAL_TIM_PeriodElapsedCallback
                0x0000000008001bb0       0x24 Core/Src/main.o
                0x0000000008001bb0                HAL_TIM_PeriodElapsedCallback
 .text.Error_Handler
                0x0000000008001bd4        0xa Core/Src/main.o
                0x0000000008001bd4                Error_Handler
 *fill*         0x0000000008001bde        0x2 
 .text.I2Cx_MspInit
                0x0000000008001be0      0x160 Core/Src/stm32746g_discovery.o
 .text.I2Cx_Init
                0x0000000008001d40       0x78 Core/Src/stm32746g_discovery.o
 .text.I2Cx_ReadMultiple
                0x0000000008001db8       0x5a Core/Src/stm32746g_discovery.o
 .text.I2Cx_WriteMultiple
                0x0000000008001e12       0x5a Core/Src/stm32746g_discovery.o
 .text.I2Cx_Error
                0x0000000008001e6c       0x20 Core/Src/stm32746g_discovery.o
 .text.TS_IO_Init
                0x0000000008001e8c       0x14 Core/Src/stm32746g_discovery.o
                0x0000000008001e8c                TS_IO_Init
 .text.TS_IO_Write
                0x0000000008001ea0       0x34 Core/Src/stm32746g_discovery.o
                0x0000000008001ea0                TS_IO_Write
 .text.TS_IO_Read
                0x0000000008001ed4       0x3c Core/Src/stm32746g_discovery.o
                0x0000000008001ed4                TS_IO_Read
 .text.TS_IO_Delay
                0x0000000008001f10       0x16 Core/Src/stm32746g_discovery.o
                0x0000000008001f10                TS_IO_Delay
 *fill*         0x0000000008001f26        0x2 
 .text.BSP_LCD_Init
                0x0000000008001f28       0xe0 Core/Src/stm32746g_discovery_lcd.o
                0x0000000008001f28                BSP_LCD_Init
 .text.BSP_LCD_GetXSize
                0x0000000008002008       0x28 Core/Src/stm32746g_discovery_lcd.o
                0x0000000008002008                BSP_LCD_GetXSize
 .text.BSP_LCD_GetYSize
                0x0000000008002030       0x28 Core/Src/stm32746g_discovery_lcd.o
                0x0000000008002030                BSP_LCD_GetYSize
 .text.BSP_LCD_LayerDefaultInit
                0x0000000008002058       0xc0 Core/Src/stm32746g_discovery_lcd.o
                0x0000000008002058                BSP_LCD_LayerDefaultInit
 .text.BSP_LCD_SelectLayer
                0x0000000008002118       0x20 Core/Src/stm32746g_discovery_lcd.o
                0x0000000008002118                BSP_LCD_SelectLayer
 .text.BSP_LCD_SetTextColor
                0x0000000008002138       0x30 Core/Src/stm32746g_discovery_lcd.o
                0x0000000008002138                BSP_LCD_SetTextColor
 .text.BSP_LCD_SetBackColor
                0x0000000008002168       0x34 Core/Src/stm32746g_discovery_lcd.o
                0x0000000008002168                BSP_LCD_SetBackColor
 .text.BSP_LCD_SetFont
                0x000000000800219c       0x34 Core/Src/stm32746g_discovery_lcd.o
                0x000000000800219c                BSP_LCD_SetFont
 .text.BSP_LCD_Clear
                0x00000000080021d0       0x50 Core/Src/stm32746g_discovery_lcd.o
                0x00000000080021d0                BSP_LCD_Clear
 .text.BSP_LCD_FillRect
                0x0000000008002220       0xf4 Core/Src/stm32746g_discovery_lcd.o
                0x0000000008002220                BSP_LCD_FillRect
 .text.BSP_LCD_DisplayOn
                0x0000000008002314       0x3c Core/Src/stm32746g_discovery_lcd.o
                0x0000000008002314                BSP_LCD_DisplayOn
 .text.BSP_LCD_MspInit
                0x0000000008002350      0x1b4 Core/Src/stm32746g_discovery_lcd.o
                0x0000000008002350                BSP_LCD_MspInit
 .text.BSP_LCD_ClockConfig
                0x0000000008002504       0x38 Core/Src/stm32746g_discovery_lcd.o
                0x0000000008002504                BSP_LCD_ClockConfig
 .text.LL_FillBuffer
                0x000000000800253c       0x98 Core/Src/stm32746g_discovery_lcd.o
 .text.BSP_SDRAM_Init
                0x00000000080025d4       0xbc Core/Src/stm32746g_discovery_sdram.o
                0x00000000080025d4                BSP_SDRAM_Init
 .text.BSP_SDRAM_Initialization_sequence
                0x0000000008002690       0xc0 Core/Src/stm32746g_discovery_sdram.o
                0x0000000008002690                BSP_SDRAM_Initialization_sequence
 .text.BSP_SDRAM_MspInit
                0x0000000008002750      0x1f0 Core/Src/stm32746g_discovery_sdram.o
                0x0000000008002750                BSP_SDRAM_MspInit
 .text.BSP_TS_Init
                0x0000000008002940       0x80 Core/Src/stm32746g_discovery_ts.o
                0x0000000008002940                BSP_TS_Init
 .text.HAL_MspInit
                0x00000000080029c0       0x50 Core/Src/stm32f7xx_hal_msp.o
                0x00000000080029c0                HAL_MspInit
 .text.HAL_ADC_MspInit
                0x0000000008002a10       0xdc Core/Src/stm32f7xx_hal_msp.o
                0x0000000008002a10                HAL_ADC_MspInit
 .text.HAL_DAC_MspInit
                0x0000000008002aec       0x90 Core/Src/stm32f7xx_hal_msp.o
                0x0000000008002aec                HAL_DAC_MspInit
 .text.HAL_DMA2D_MspInit
                0x0000000008002b7c       0x40 Core/Src/stm32f7xx_hal_msp.o
                0x0000000008002b7c                HAL_DMA2D_MspInit
 .text.HAL_I2C_MspInit
                0x0000000008002bbc       0xf0 Core/Src/stm32f7xx_hal_msp.o
                0x0000000008002bbc                HAL_I2C_MspInit
 .text.HAL_I2C_MspDeInit
                0x0000000008002cac       0x78 Core/Src/stm32f7xx_hal_msp.o
                0x0000000008002cac                HAL_I2C_MspDeInit
 .text.HAL_LTDC_MspInit
                0x0000000008002d24      0x190 Core/Src/stm32f7xx_hal_msp.o
                0x0000000008002d24                HAL_LTDC_MspInit
 .text.HAL_RTC_MspInit
                0x0000000008002eb4       0x34 Core/Src/stm32f7xx_hal_msp.o
                0x0000000008002eb4                HAL_RTC_MspInit
 .text.HAL_SPI_MspInit
                0x0000000008002ee8       0xe4 Core/Src/stm32f7xx_hal_msp.o
                0x0000000008002ee8                HAL_SPI_MspInit
 .text.HAL_TIM_Base_MspInit
                0x0000000008002fcc       0xdc Core/Src/stm32f7xx_hal_msp.o
                0x0000000008002fcc                HAL_TIM_Base_MspInit
 .text.HAL_TIM_MspPostInit
                0x00000000080030a8       0xbc Core/Src/stm32f7xx_hal_msp.o
                0x00000000080030a8                HAL_TIM_MspPostInit
 .text.HAL_UART_MspInit
                0x0000000008003164      0x19c Core/Src/stm32f7xx_hal_msp.o
                0x0000000008003164                HAL_UART_MspInit
 .text.HAL_FMC_MspInit
                0x0000000008003300      0x120 Core/Src/stm32f7xx_hal_msp.o
 .text.HAL_SDRAM_MspInit
                0x0000000008003420       0x14 Core/Src/stm32f7xx_hal_msp.o
                0x0000000008003420                HAL_SDRAM_MspInit
 .text.HAL_InitTick
                0x0000000008003434       0xb0 Core/Src/stm32f7xx_hal_timebase_tim.o
                0x0000000008003434                HAL_InitTick
 .text.NMI_Handler
                0x00000000080034e4        0x6 Core/Src/stm32f7xx_it.o
                0x00000000080034e4                NMI_Handler
 .text.HardFault_Handler
                0x00000000080034ea        0x6 Core/Src/stm32f7xx_it.o
                0x00000000080034ea                HardFault_Handler
 .text.MemManage_Handler
                0x00000000080034f0        0x6 Core/Src/stm32f7xx_it.o
                0x00000000080034f0                MemManage_Handler
 .text.BusFault_Handler
                0x00000000080034f6        0x6 Core/Src/stm32f7xx_it.o
                0x00000000080034f6                BusFault_Handler
 .text.UsageFault_Handler
                0x00000000080034fc        0x6 Core/Src/stm32f7xx_it.o
                0x00000000080034fc                UsageFault_Handler
 .text.DebugMon_Handler
                0x0000000008003502        0xe Core/Src/stm32f7xx_it.o
                0x0000000008003502                DebugMon_Handler
 .text.USART1_IRQHandler
                0x0000000008003510       0x14 Core/Src/stm32f7xx_it.o
                0x0000000008003510                USART1_IRQHandler
 .text.TIM6_DAC_IRQHandler
                0x0000000008003524       0x28 Core/Src/stm32f7xx_it.o
                0x0000000008003524                TIM6_DAC_IRQHandler
 .text.LTDC_IRQHandler
                0x000000000800354c       0x14 Core/Src/stm32f7xx_it.o
                0x000000000800354c                LTDC_IRQHandler
 .text.SystemInit
                0x0000000008003560       0x2c Core/Src/system_stm32f7xx.o
                0x0000000008003560                SystemInit
 .text.Reset_Handler
                0x000000000800358c       0x50 Core/Startup/startup_stm32f746nghx.o
                0x000000000800358c                Reset_Handler
 .text.Default_Handler
                0x00000000080035dc        0x2 Core/Startup/startup_stm32f746nghx.o
                0x00000000080035dc                RTC_Alarm_IRQHandler
                0x00000000080035dc                EXTI2_IRQHandler
                0x00000000080035dc                TIM8_CC_IRQHandler
                0x00000000080035dc                UART8_IRQHandler
                0x00000000080035dc                SPI4_IRQHandler
                0x00000000080035dc                TIM1_CC_IRQHandler
                0x00000000080035dc                DMA2_Stream5_IRQHandler
                0x00000000080035dc                DMA1_Stream5_IRQHandler
                0x00000000080035dc                PVD_IRQHandler
                0x00000000080035dc                TAMP_STAMP_IRQHandler
                0x00000000080035dc                CAN2_RX1_IRQHandler
                0x00000000080035dc                EXTI3_IRQHandler
                0x00000000080035dc                TIM8_TRG_COM_TIM14_IRQHandler
                0x00000000080035dc                TIM1_UP_TIM10_IRQHandler
                0x00000000080035dc                TIM8_UP_TIM13_IRQHandler
                0x00000000080035dc                I2C3_ER_IRQHandler
                0x00000000080035dc                EXTI0_IRQHandler
                0x00000000080035dc                I2C2_EV_IRQHandler
                0x00000000080035dc                DMA1_Stream2_IRQHandler
                0x00000000080035dc                CAN1_RX0_IRQHandler
                0x00000000080035dc                FPU_IRQHandler
                0x00000000080035dc                OTG_HS_WKUP_IRQHandler
                0x00000000080035dc                LTDC_ER_IRQHandler
                0x00000000080035dc                CAN2_SCE_IRQHandler
                0x00000000080035dc                DMA2_Stream2_IRQHandler
                0x00000000080035dc                SPI1_IRQHandler
                0x00000000080035dc                TIM1_BRK_TIM9_IRQHandler
                0x00000000080035dc                DCMI_IRQHandler
                0x00000000080035dc                CAN2_RX0_IRQHandler
                0x00000000080035dc                DMA2_Stream3_IRQHandler
                0x00000000080035dc                SAI2_IRQHandler
                0x00000000080035dc                USART6_IRQHandler
                0x00000000080035dc                USART3_IRQHandler
                0x00000000080035dc                CAN1_RX1_IRQHandler
                0x00000000080035dc                UART5_IRQHandler
                0x00000000080035dc                DMA2_Stream0_IRQHandler
                0x00000000080035dc                TIM4_IRQHandler
                0x00000000080035dc                QUADSPI_IRQHandler
                0x00000000080035dc                I2C1_EV_IRQHandler
                0x00000000080035dc                DMA1_Stream6_IRQHandler
                0x00000000080035dc                DMA1_Stream1_IRQHandler
                0x00000000080035dc                UART4_IRQHandler
                0x00000000080035dc                TIM3_IRQHandler
                0x00000000080035dc                RCC_IRQHandler
                0x00000000080035dc                TIM8_BRK_TIM12_IRQHandler
                0x00000000080035dc                Default_Handler
                0x00000000080035dc                CEC_IRQHandler
                0x00000000080035dc                EXTI15_10_IRQHandler
                0x00000000080035dc                ADC_IRQHandler
                0x00000000080035dc                DMA1_Stream7_IRQHandler
                0x00000000080035dc                SPI5_IRQHandler
                0x00000000080035dc                TIM7_IRQHandler
                0x00000000080035dc                SDMMC1_IRQHandler
                0x00000000080035dc                CAN2_TX_IRQHandler
                0x00000000080035dc                TIM5_IRQHandler
                0x00000000080035dc                DMA2_Stream7_IRQHandler
                0x00000000080035dc                I2C3_EV_IRQHandler
                0x00000000080035dc                EXTI9_5_IRQHandler
                0x00000000080035dc                RTC_WKUP_IRQHandler
                0x00000000080035dc                ETH_WKUP_IRQHandler
                0x00000000080035dc                SPDIF_RX_IRQHandler
                0x00000000080035dc                SPI2_IRQHandler
                0x00000000080035dc                OTG_HS_EP1_IN_IRQHandler
                0x00000000080035dc                DMA1_Stream0_IRQHandler
                0x00000000080035dc                CAN1_TX_IRQHandler
                0x00000000080035dc                EXTI4_IRQHandler
                0x00000000080035dc                RNG_IRQHandler
                0x00000000080035dc                ETH_IRQHandler
                0x00000000080035dc                OTG_HS_EP1_OUT_IRQHandler
                0x00000000080035dc                WWDG_IRQHandler
                0x00000000080035dc                SPI6_IRQHandler
                0x00000000080035dc                I2C4_EV_IRQHandler
                0x00000000080035dc                TIM2_IRQHandler
                0x00000000080035dc                OTG_FS_WKUP_IRQHandler
                0x00000000080035dc                TIM1_TRG_COM_TIM11_IRQHandler
                0x00000000080035dc                OTG_HS_IRQHandler
                0x00000000080035dc                DMA2D_IRQHandler
                0x00000000080035dc                EXTI1_IRQHandler
                0x00000000080035dc                UART7_IRQHandler
                0x00000000080035dc                USART2_IRQHandler
                0x00000000080035dc                I2C2_ER_IRQHandler
                0x00000000080035dc                DMA2_Stream1_IRQHandler
                0x00000000080035dc                CAN1_SCE_IRQHandler
                0x00000000080035dc                FLASH_IRQHandler
                0x00000000080035dc                DMA2_Stream4_IRQHandler
                0x00000000080035dc                OTG_FS_IRQHandler
                0x00000000080035dc                SPI3_IRQHandler
                0x00000000080035dc                DMA1_Stream4_IRQHandler
                0x00000000080035dc                I2C1_ER_IRQHandler
                0x00000000080035dc                FMC_IRQHandler
                0x00000000080035dc                LPTIM1_IRQHandler
                0x00000000080035dc                I2C4_ER_IRQHandler
                0x00000000080035dc                DMA2_Stream6_IRQHandler
                0x00000000080035dc                SAI1_IRQHandler
                0x00000000080035dc                DMA1_Stream3_IRQHandler
 .text.HAL_Init
                0x00000000080035de       0x1a Drivers/STM32F7xx_HAL_Driver/Src/stm32f7xx_hal.o
                0x00000000080035de                HAL_Init
 .text.HAL_IncTick
                0x00000000080035f8       0x28 Drivers/STM32F7xx_HAL_Driver/Src/stm32f7xx_hal.o
                0x00000000080035f8                HAL_IncTick
 .text.HAL_GetTick
                0x0000000008003620       0x18 Drivers/STM32F7xx_HAL_Driver/Src/stm32f7xx_hal.o
                0x0000000008003620                HAL_GetTick
 .text.HAL_Delay
                0x0000000008003638       0x48 Drivers/STM32F7xx_HAL_Driver/Src/stm32f7xx_hal.o
                0x0000000008003638                HAL_Delay
 .text.HAL_ADC_Init
                0x0000000008003680       0x88 Drivers/STM32F7xx_HAL_Driver/Src/stm32f7xx_hal_adc.o
                0x0000000008003680                HAL_ADC_Init
 .text.HAL_ADC_ConfigChannel
                0x0000000008003708      0x294 Drivers/STM32F7xx_HAL_Driver/Src/stm32f7xx_hal_adc.o
                0x0000000008003708                HAL_ADC_ConfigChannel
 .text.ADC_Init
                0x000000000800399c      0x1f4 Drivers/STM32F7xx_HAL_Driver/Src/stm32f7xx_hal_adc.o
 .text.__NVIC_SetPriorityGrouping
                0x0000000008003b90       0x48 Drivers/STM32F7xx_HAL_Driver/Src/stm32f7xx_hal_cortex.o
 .text.__NVIC_GetPriorityGrouping
                0x0000000008003bd8       0x1c Drivers/STM32F7xx_HAL_Driver/Src/stm32f7xx_hal_cortex.o
 .text.__NVIC_EnableIRQ
                0x0000000008003bf4       0x3c Drivers/STM32F7xx_HAL_Driver/Src/stm32f7xx_hal_cortex.o
 .text.__NVIC_SetPriority
                0x0000000008003c30       0x54 Drivers/STM32F7xx_HAL_Driver/Src/stm32f7xx_hal_cortex.o
 .text.NVIC_EncodePriority
                0x0000000008003c84       0x66 Drivers/STM32F7xx_HAL_Driver/Src/stm32f7xx_hal_cortex.o
 .text.HAL_NVIC_SetPriorityGrouping
                0x0000000008003cea       0x16 Drivers/STM32F7xx_HAL_Driver/Src/stm32f7xx_hal_cortex.o
                0x0000000008003cea                HAL_NVIC_SetPriorityGrouping
 .text.HAL_NVIC_SetPriority
                0x0000000008003d00       0x38 Drivers/STM32F7xx_HAL_Driver/Src/stm32f7xx_hal_cortex.o
                0x0000000008003d00                HAL_NVIC_SetPriority
 .text.HAL_NVIC_EnableIRQ
                0x0000000008003d38       0x1c Drivers/STM32F7xx_HAL_Driver/Src/stm32f7xx_hal_cortex.o
                0x0000000008003d38                HAL_NVIC_EnableIRQ
 .text.HAL_DAC_Init
                0x0000000008003d54       0x44 Drivers/STM32F7xx_HAL_Driver/Src/stm32f7xx_hal_dac.o
                0x0000000008003d54                HAL_DAC_Init
 .text.HAL_DAC_IRQHandler
                0x0000000008003d98       0xb4 Drivers/STM32F7xx_HAL_Driver/Src/stm32f7xx_hal_dac.o
                0x0000000008003d98                HAL_DAC_IRQHandler
 .text.HAL_DAC_DMAUnderrunCallbackCh1
                0x0000000008003e4c       0x14 Drivers/STM32F7xx_HAL_Driver/Src/stm32f7xx_hal_dac.o
                0x0000000008003e4c                HAL_DAC_DMAUnderrunCallbackCh1
 .text.HAL_DAC_ConfigChannel
                0x0000000008003e60       0x9e Drivers/STM32F7xx_HAL_Driver/Src/stm32f7xx_hal_dac.o
                0x0000000008003e60                HAL_DAC_ConfigChannel
 .text.HAL_DACEx_DMAUnderrunCallbackCh2
                0x0000000008003efe       0x14 Drivers/STM32F7xx_HAL_Driver/Src/stm32f7xx_hal_dac_ex.o
                0x0000000008003efe                HAL_DACEx_DMAUnderrunCallbackCh2
 *fill*         0x0000000008003f12        0x2 
 .text.HAL_DMA_Init
                0x0000000008003f14      0x15c Drivers/STM32F7xx_HAL_Driver/Src/stm32f7xx_hal_dma.o
                0x0000000008003f14                HAL_DMA_Init
 .text.HAL_DMA_DeInit
                0x0000000008004070       0xbc Drivers/STM32F7xx_HAL_Driver/Src/stm32f7xx_hal_dma.o
                0x0000000008004070                HAL_DMA_DeInit
 .text.HAL_DMA_Abort
                0x000000000800412c       0xe0 Drivers/STM32F7xx_HAL_Driver/Src/stm32f7xx_hal_dma.o
                0x000000000800412c                HAL_DMA_Abort
 .text.HAL_DMA_Abort_IT
                0x000000000800420c       0x44 Drivers/STM32F7xx_HAL_Driver/Src/stm32f7xx_hal_dma.o
                0x000000000800420c                HAL_DMA_Abort_IT
 .text.DMA_CalcBaseAndBitshift
                0x0000000008004250       0x6c Drivers/STM32F7xx_HAL_Driver/Src/stm32f7xx_hal_dma.o
 .text.DMA_CheckFifoParam
                0x00000000080042bc       0xf8 Drivers/STM32F7xx_HAL_Driver/Src/stm32f7xx_hal_dma.o
 .text.HAL_DMA2D_Init
                0x00000000080043b4       0x94 Drivers/STM32F7xx_HAL_Driver/Src/stm32f7xx_hal_dma2d.o
                0x00000000080043b4                HAL_DMA2D_Init
 .text.HAL_DMA2D_Start
                0x0000000008004448       0x56 Drivers/STM32F7xx_HAL_Driver/Src/stm32f7xx_hal_dma2d.o
                0x0000000008004448                HAL_DMA2D_Start
 .text.HAL_DMA2D_PollForTransfer
                0x000000000800449e      0x1d2 Drivers/STM32F7xx_HAL_Driver/Src/stm32f7xx_hal_dma2d.o
                0x000000000800449e                HAL_DMA2D_PollForTransfer
 .text.HAL_DMA2D_ConfigLayer
                0x0000000008004670      0x124 Drivers/STM32F7xx_HAL_Driver/Src/stm32f7xx_hal_dma2d.o
                0x0000000008004670                HAL_DMA2D_ConfigLayer
 .text.DMA2D_SetConfig
                0x0000000008004794      0x138 Drivers/STM32F7xx_HAL_Driver/Src/stm32f7xx_hal_dma2d.o
 .text.HAL_GPIO_Init
                0x00000000080048cc      0x358 Drivers/STM32F7xx_HAL_Driver/Src/stm32f7xx_hal_gpio.o
                0x00000000080048cc                HAL_GPIO_Init
 .text.HAL_GPIO_DeInit
                0x0000000008004c24      0x218 Drivers/STM32F7xx_HAL_Driver/Src/stm32f7xx_hal_gpio.o
                0x0000000008004c24                HAL_GPIO_DeInit
 .text.HAL_GPIO_WritePin
                0x0000000008004e3c       0x32 Drivers/STM32F7xx_HAL_Driver/Src/stm32f7xx_hal_gpio.o
                0x0000000008004e3c                HAL_GPIO_WritePin
 *fill*         0x0000000008004e6e        0x2 
 .text.HAL_I2C_Init
                0x0000000008004e70      0x120 Drivers/STM32F7xx_HAL_Driver/Src/stm32f7xx_hal_i2c.o
                0x0000000008004e70                HAL_I2C_Init
 .text.HAL_I2C_DeInit
                0x0000000008004f90       0x5e Drivers/STM32F7xx_HAL_Driver/Src/stm32f7xx_hal_i2c.o
                0x0000000008004f90                HAL_I2C_DeInit
 *fill*         0x0000000008004fee        0x2 
 .text.HAL_I2C_Mem_Write
                0x0000000008004ff0      0x228 Drivers/STM32F7xx_HAL_Driver/Src/stm32f7xx_hal_i2c.o
                0x0000000008004ff0                HAL_I2C_Mem_Write
 .text.HAL_I2C_Mem_Read
                0x0000000008005218      0x234 Drivers/STM32F7xx_HAL_Driver/Src/stm32f7xx_hal_i2c.o
                0x0000000008005218                HAL_I2C_Mem_Read
 .text.HAL_I2C_GetState
                0x000000000800544c       0x1c Drivers/STM32F7xx_HAL_Driver/Src/stm32f7xx_hal_i2c.o
                0x000000000800544c                HAL_I2C_GetState
 .text.I2C_RequestMemoryWrite
                0x0000000008005468       0xa8 Drivers/STM32F7xx_HAL_Driver/Src/stm32f7xx_hal_i2c.o
 .text.I2C_RequestMemoryRead
                0x0000000008005510       0xa8 Drivers/STM32F7xx_HAL_Driver/Src/stm32f7xx_hal_i2c.o
 .text.I2C_Flush_TXDR
                0x00000000080055b8       0x48 Drivers/STM32F7xx_HAL_Driver/Src/stm32f7xx_hal_i2c.o
 .text.I2C_WaitOnFlagUntilTimeout
                0x0000000008005600       0x80 Drivers/STM32F7xx_HAL_Driver/Src/stm32f7xx_hal_i2c.o
 .text.I2C_WaitOnTXISFlagUntilTimeout
                0x0000000008005680       0x80 Drivers/STM32F7xx_HAL_Driver/Src/stm32f7xx_hal_i2c.o
 .text.I2C_WaitOnSTOPFlagUntilTimeout
                0x0000000008005700       0x78 Drivers/STM32F7xx_HAL_Driver/Src/stm32f7xx_hal_i2c.o
 .text.I2C_IsAcknowledgeFailed
                0x0000000008005778       0xcc Drivers/STM32F7xx_HAL_Driver/Src/stm32f7xx_hal_i2c.o
 .text.I2C_TransferConfig
                0x0000000008005844       0x5c Drivers/STM32F7xx_HAL_Driver/Src/stm32f7xx_hal_i2c.o
 .text.HAL_I2CEx_ConfigAnalogFilter
                0x00000000080058a0       0x96 Drivers/STM32F7xx_HAL_Driver/Src/stm32f7xx_hal_i2c_ex.o
                0x00000000080058a0                HAL_I2CEx_ConfigAnalogFilter
 .text.HAL_I2CEx_ConfigDigitalFilter
                0x0000000008005936       0x98 Drivers/STM32F7xx_HAL_Driver/Src/stm32f7xx_hal_i2c_ex.o
                0x0000000008005936                HAL_I2CEx_ConfigDigitalFilter
 *fill*         0x00000000080059ce        0x2 
 .text.HAL_LTDC_Init
                0x00000000080059d0      0x1a0 Drivers/STM32F7xx_HAL_Driver/Src/stm32f7xx_hal_ltdc.o
                0x00000000080059d0                HAL_LTDC_Init
 .text.HAL_LTDC_IRQHandler
                0x0000000008005b70      0x148 Drivers/STM32F7xx_HAL_Driver/Src/stm32f7xx_hal_ltdc.o
                0x0000000008005b70                HAL_LTDC_IRQHandler
 .text.HAL_LTDC_ErrorCallback
                0x0000000008005cb8       0x14 Drivers/STM32F7xx_HAL_Driver/Src/stm32f7xx_hal_ltdc.o
                0x0000000008005cb8                HAL_LTDC_ErrorCallback
 .text.HAL_LTDC_LineEventCallback
                0x0000000008005ccc       0x14 Drivers/STM32F7xx_HAL_Driver/Src/stm32f7xx_hal_ltdc.o
                0x0000000008005ccc                HAL_LTDC_LineEventCallback
 .text.HAL_LTDC_ReloadEventCallback
                0x0000000008005ce0       0x14 Drivers/STM32F7xx_HAL_Driver/Src/stm32f7xx_hal_ltdc.o
                0x0000000008005ce0                HAL_LTDC_ReloadEventCallback
 .text.HAL_LTDC_ConfigLayer
                0x0000000008005cf4       0x7c Drivers/STM32F7xx_HAL_Driver/Src/stm32f7xx_hal_ltdc.o
                0x0000000008005cf4                HAL_LTDC_ConfigLayer
 .text.HAL_LTDC_GetState
                0x0000000008005d70       0x1c Drivers/STM32F7xx_HAL_Driver/Src/stm32f7xx_hal_ltdc.o
                0x0000000008005d70                HAL_LTDC_GetState
 .text.LTDC_SetConfig
                0x0000000008005d8c      0x334 Drivers/STM32F7xx_HAL_Driver/Src/stm32f7xx_hal_ltdc.o
 .text.HAL_PWR_EnableBkUpAccess
                0x00000000080060c0       0x20 Drivers/STM32F7xx_HAL_Driver/Src/stm32f7xx_hal_pwr.o
                0x00000000080060c0                HAL_PWR_EnableBkUpAccess
 .text.HAL_PWREx_EnableOverDrive
                0x00000000080060e0       0xa0 Drivers/STM32F7xx_HAL_Driver/Src/stm32f7xx_hal_pwr_ex.o
                0x00000000080060e0                HAL_PWREx_EnableOverDrive
 .text.HAL_RCC_OscConfig
                0x0000000008006180      0x548 Drivers/STM32F7xx_HAL_Driver/Src/stm32f7xx_hal_rcc.o
                0x0000000008006180                HAL_RCC_OscConfig
 .text.HAL_RCC_ClockConfig
                0x00000000080066c8      0x1d8 Drivers/STM32F7xx_HAL_Driver/Src/stm32f7xx_hal_rcc.o
                0x00000000080066c8                HAL_RCC_ClockConfig
 .text.HAL_RCC_GetSysClockFreq
                0x00000000080068a0      0x16c Drivers/STM32F7xx_HAL_Driver/Src/stm32f7xx_hal_rcc.o
                0x00000000080068a0                HAL_RCC_GetSysClockFreq
 .text.HAL_RCC_GetHCLKFreq
                0x0000000008006a0c       0x18 Drivers/STM32F7xx_HAL_Driver/Src/stm32f7xx_hal_rcc.o
                0x0000000008006a0c                HAL_RCC_GetHCLKFreq
 .text.HAL_RCC_GetPCLK1Freq
                0x0000000008006a24       0x28 Drivers/STM32F7xx_HAL_Driver/Src/stm32f7xx_hal_rcc.o
                0x0000000008006a24                HAL_RCC_GetPCLK1Freq
 .text.HAL_RCC_GetPCLK2Freq
                0x0000000008006a4c       0x28 Drivers/STM32F7xx_HAL_Driver/Src/stm32f7xx_hal_rcc.o
                0x0000000008006a4c                HAL_RCC_GetPCLK2Freq
 .text.HAL_RCC_GetClockConfig
                0x0000000008006a74       0x64 Drivers/STM32F7xx_HAL_Driver/Src/stm32f7xx_hal_rcc.o
                0x0000000008006a74                HAL_RCC_GetClockConfig
 .text.HAL_RCCEx_PeriphCLKConfig
                0x0000000008006ad8      0x7e0 Drivers/STM32F7xx_HAL_Driver/Src/stm32f7xx_hal_rcc_ex.o
                0x0000000008006ad8                HAL_RCCEx_PeriphCLKConfig
 .text.HAL_RTC_Init
                0x00000000080072b8      0x124 Drivers/STM32F7xx_HAL_Driver/Src/stm32f7xx_hal_rtc.o
                0x00000000080072b8                HAL_RTC_Init
 .text.HAL_RTC_SetTime
                0x00000000080073dc      0x17c Drivers/STM32F7xx_HAL_Driver/Src/stm32f7xx_hal_rtc.o
                0x00000000080073dc                HAL_RTC_SetTime
 .text.HAL_RTC_SetDate
                0x0000000008007558      0x150 Drivers/STM32F7xx_HAL_Driver/Src/stm32f7xx_hal_rtc.o
                0x0000000008007558                HAL_RTC_SetDate
 .text.HAL_RTC_SetAlarm
                0x00000000080076a8      0x230 Drivers/STM32F7xx_HAL_Driver/Src/stm32f7xx_hal_rtc.o
                0x00000000080076a8                HAL_RTC_SetAlarm
 .text.HAL_RTC_WaitForSynchro
                0x00000000080078d8       0x50 Drivers/STM32F7xx_HAL_Driver/Src/stm32f7xx_hal_rtc.o
                0x00000000080078d8                HAL_RTC_WaitForSynchro
 .text.RTC_EnterInitMode
                0x0000000008007928       0x58 Drivers/STM32F7xx_HAL_Driver/Src/stm32f7xx_hal_rtc.o
                0x0000000008007928                RTC_EnterInitMode
 .text.RTC_ByteToBcd2
                0x0000000008007980       0x3c Drivers/STM32F7xx_HAL_Driver/Src/stm32f7xx_hal_rtc.o
                0x0000000008007980                RTC_ByteToBcd2
 .text.HAL_RTCEx_SetTimeStamp
                0x00000000080079bc       0xac Drivers/STM32F7xx_HAL_Driver/Src/stm32f7xx_hal_rtc_ex.o
                0x00000000080079bc                HAL_RTCEx_SetTimeStamp
 .text.HAL_SDRAM_Init
                0x0000000008007a68       0x68 Drivers/STM32F7xx_HAL_Driver/Src/stm32f7xx_hal_sdram.o
                0x0000000008007a68                HAL_SDRAM_Init
 .text.HAL_SDRAM_SendCommand
                0x0000000008007ad0       0x56 Drivers/STM32F7xx_HAL_Driver/Src/stm32f7xx_hal_sdram.o
                0x0000000008007ad0                HAL_SDRAM_SendCommand
 .text.HAL_SDRAM_ProgramRefreshRate
                0x0000000008007b26       0x40 Drivers/STM32F7xx_HAL_Driver/Src/stm32f7xx_hal_sdram.o
                0x0000000008007b26                HAL_SDRAM_ProgramRefreshRate
 .text.HAL_SPI_Init
                0x0000000008007b66      0x156 Drivers/STM32F7xx_HAL_Driver/Src/stm32f7xx_hal_spi.o
                0x0000000008007b66                HAL_SPI_Init
 .text.HAL_TIM_Base_Init
                0x0000000008007cbc       0xae Drivers/STM32F7xx_HAL_Driver/Src/stm32f7xx_hal_tim.o
                0x0000000008007cbc                HAL_TIM_Base_Init
 *fill*         0x0000000008007d6a        0x2 
 .text.HAL_TIM_Base_Start_IT
                0x0000000008007d6c       0xf0 Drivers/STM32F7xx_HAL_Driver/Src/stm32f7xx_hal_tim.o
                0x0000000008007d6c                HAL_TIM_Base_Start_IT
 .text.HAL_TIM_PWM_Init
                0x0000000008007e5c       0xae Drivers/STM32F7xx_HAL_Driver/Src/stm32f7xx_hal_tim.o
                0x0000000008007e5c                HAL_TIM_PWM_Init
 .text.HAL_TIM_PWM_MspInit
                0x0000000008007f0a       0x14 Drivers/STM32F7xx_HAL_Driver/Src/stm32f7xx_hal_tim.o
                0x0000000008007f0a                HAL_TIM_PWM_MspInit
 .text.HAL_TIM_IRQHandler
                0x0000000008007f1e      0x23e Drivers/STM32F7xx_HAL_Driver/Src/stm32f7xx_hal_tim.o
                0x0000000008007f1e                HAL_TIM_IRQHandler
 .text.HAL_TIM_PWM_ConfigChannel
                0x000000000800815c      0x220 Drivers/STM32F7xx_HAL_Driver/Src/stm32f7xx_hal_tim.o
                0x000000000800815c                HAL_TIM_PWM_ConfigChannel
 .text.HAL_TIM_ConfigClockSource
                0x000000000800837c      0x18c Drivers/STM32F7xx_HAL_Driver/Src/stm32f7xx_hal_tim.o
                0x000000000800837c                HAL_TIM_ConfigClockSource
 .text.HAL_TIM_SlaveConfigSynchro
                0x0000000008008508       0x84 Drivers/STM32F7xx_HAL_Driver/Src/stm32f7xx_hal_tim.o
                0x0000000008008508                HAL_TIM_SlaveConfigSynchro
 .text.HAL_TIM_OC_DelayElapsedCallback
                0x000000000800858c       0x14 Drivers/STM32F7xx_HAL_Driver/Src/stm32f7xx_hal_tim.o
                0x000000000800858c                HAL_TIM_OC_DelayElapsedCallback
 .text.HAL_TIM_IC_CaptureCallback
                0x00000000080085a0       0x14 Drivers/STM32F7xx_HAL_Driver/Src/stm32f7xx_hal_tim.o
                0x00000000080085a0                HAL_TIM_IC_CaptureCallback
 .text.HAL_TIM_PWM_PulseFinishedCallback
                0x00000000080085b4       0x14 Drivers/STM32F7xx_HAL_Driver/Src/stm32f7xx_hal_tim.o
                0x00000000080085b4                HAL_TIM_PWM_PulseFinishedCallback
 .text.HAL_TIM_TriggerCallback
                0x00000000080085c8       0x14 Drivers/STM32F7xx_HAL_Driver/Src/stm32f7xx_hal_tim.o
                0x00000000080085c8                HAL_TIM_TriggerCallback
 .text.TIM_Base_SetConfig
                0x00000000080085dc      0x140 Drivers/STM32F7xx_HAL_Driver/Src/stm32f7xx_hal_tim.o
                0x00000000080085dc                TIM_Base_SetConfig
 .text.TIM_OC1_SetConfig
                0x000000000800871c       0xe4 Drivers/STM32F7xx_HAL_Driver/Src/stm32f7xx_hal_tim.o
 .text.TIM_OC2_SetConfig
                0x0000000008008800       0xf0 Drivers/STM32F7xx_HAL_Driver/Src/stm32f7xx_hal_tim.o
                0x0000000008008800                TIM_OC2_SetConfig
 .text.TIM_OC3_SetConfig
                0x00000000080088f0       0xec Drivers/STM32F7xx_HAL_Driver/Src/stm32f7xx_hal_tim.o
 .text.TIM_OC4_SetConfig
                0x00000000080089dc       0xb0 Drivers/STM32F7xx_HAL_Driver/Src/stm32f7xx_hal_tim.o
 .text.TIM_OC5_SetConfig
                0x0000000008008a8c       0xa4 Drivers/STM32F7xx_HAL_Driver/Src/stm32f7xx_hal_tim.o
 .text.TIM_OC6_SetConfig
                0x0000000008008b30       0xa8 Drivers/STM32F7xx_HAL_Driver/Src/stm32f7xx_hal_tim.o
 .text.TIM_SlaveTimer_SetConfig
                0x0000000008008bd8      0x120 Drivers/STM32F7xx_HAL_Driver/Src/stm32f7xx_hal_tim.o
 .text.TIM_TI1_ConfigInputStage
                0x0000000008008cf8       0x5e Drivers/STM32F7xx_HAL_Driver/Src/stm32f7xx_hal_tim.o
 .text.TIM_TI2_ConfigInputStage
                0x0000000008008d56       0x60 Drivers/STM32F7xx_HAL_Driver/Src/stm32f7xx_hal_tim.o
 .text.TIM_ITRx_SetConfig
                0x0000000008008db6       0x36 Drivers/STM32F7xx_HAL_Driver/Src/stm32f7xx_hal_tim.o
 .text.TIM_ETR_SetConfig
                0x0000000008008dec       0x40 Drivers/STM32F7xx_HAL_Driver/Src/stm32f7xx_hal_tim.o
                0x0000000008008dec                TIM_ETR_SetConfig
 .text.HAL_TIMEx_MasterConfigSynchronization
                0x0000000008008e2c      0x11c Drivers/STM32F7xx_HAL_Driver/Src/stm32f7xx_hal_tim_ex.o
                0x0000000008008e2c                HAL_TIMEx_MasterConfigSynchronization
 .text.HAL_TIMEx_ConfigBreakDeadTime
                0x0000000008008f48       0xfc Drivers/STM32F7xx_HAL_Driver/Src/stm32f7xx_hal_tim_ex.o
                0x0000000008008f48                HAL_TIMEx_ConfigBreakDeadTime
 .text.HAL_TIMEx_CommutCallback
                0x0000000008009044       0x14 Drivers/STM32F7xx_HAL_Driver/Src/stm32f7xx_hal_tim_ex.o
                0x0000000008009044                HAL_TIMEx_CommutCallback
 .text.HAL_TIMEx_BreakCallback
                0x0000000008009058       0x14 Drivers/STM32F7xx_HAL_Driver/Src/stm32f7xx_hal_tim_ex.o
                0x0000000008009058                HAL_TIMEx_BreakCallback
 .text.HAL_TIMEx_Break2Callback
                0x000000000800906c       0x14 Drivers/STM32F7xx_HAL_Driver/Src/stm32f7xx_hal_tim_ex.o
                0x000000000800906c                HAL_TIMEx_Break2Callback
 .text.HAL_UART_Init
                0x0000000008009080       0x9c Drivers/STM32F7xx_HAL_Driver/Src/stm32f7xx_hal_uart.o
                0x0000000008009080                HAL_UART_Init
 .text.HAL_UART_Receive_IT
                0x000000000800911c       0x7a Drivers/STM32F7xx_HAL_Driver/Src/stm32f7xx_hal_uart.o
                0x000000000800911c                HAL_UART_Receive_IT
 *fill*         0x0000000008009196        0x2 
 .text.HAL_UART_IRQHandler
                0x0000000008009198      0x3d8 Drivers/STM32F7xx_HAL_Driver/Src/stm32f7xx_hal_uart.o
                0x0000000008009198                HAL_UART_IRQHandler
 .text.HAL_UART_TxCpltCallback
                0x0000000008009570       0x14 Drivers/STM32F7xx_HAL_Driver/Src/stm32f7xx_hal_uart.o
                0x0000000008009570                HAL_UART_TxCpltCallback
 .text.HAL_UART_ErrorCallback
                0x0000000008009584       0x14 Drivers/STM32F7xx_HAL_Driver/Src/stm32f7xx_hal_uart.o
                0x0000000008009584                HAL_UART_ErrorCallback
 .text.HAL_UARTEx_RxEventCallback
                0x0000000008009598       0x18 Drivers/STM32F7xx_HAL_Driver/Src/stm32f7xx_hal_uart.o
                0x0000000008009598                HAL_UARTEx_RxEventCallback
 .text.UART_SetConfig
                0x00000000080095b0      0x4c4 Drivers/STM32F7xx_HAL_Driver/Src/stm32f7xx_hal_uart.o
                0x00000000080095b0                UART_SetConfig
 .text.UART_AdvFeatureConfig
                0x0000000008009a74      0x144 Drivers/STM32F7xx_HAL_Driver/Src/stm32f7xx_hal_uart.o
                0x0000000008009a74                UART_AdvFeatureConfig
 .text.UART_CheckIdleState
                0x0000000008009bb8       0x66 Drivers/STM32F7xx_HAL_Driver/Src/stm32f7xx_hal_uart.o
                0x0000000008009bb8                UART_CheckIdleState
 .text.UART_WaitOnFlagUntilTimeout
                0x0000000008009c1e       0xf8 Drivers/STM32F7xx_HAL_Driver/Src/stm32f7xx_hal_uart.o
                0x0000000008009c1e                UART_WaitOnFlagUntilTimeout
 *fill*         0x0000000008009d16        0x2 
 .text.UART_Start_Receive_IT
                0x0000000008009d18      0x110 Drivers/STM32F7xx_HAL_Driver/Src/stm32f7xx_hal_uart.o
                0x0000000008009d18                UART_Start_Receive_IT
 .text.UART_EndRxTransfer
                0x0000000008009e28       0x5e Drivers/STM32F7xx_HAL_Driver/Src/stm32f7xx_hal_uart.o
 .text.UART_DMAAbortOnError
                0x0000000008009e86       0x2c Drivers/STM32F7xx_HAL_Driver/Src/stm32f7xx_hal_uart.o
 .text.UART_EndTransmit_IT
                0x0000000008009eb2       0x32 Drivers/STM32F7xx_HAL_Driver/Src/stm32f7xx_hal_uart.o
 .text.UART_RxISR_8BIT
                0x0000000008009ee4       0xd4 Drivers/STM32F7xx_HAL_Driver/Src/stm32f7xx_hal_uart.o
 .text.UART_RxISR_16BIT
                0x0000000008009fb8       0xd4 Drivers/STM32F7xx_HAL_Driver/Src/stm32f7xx_hal_uart.o
 .text.FMC_SDRAM_Init
                0x000000000800a08c       0xe4 Drivers/STM32F7xx_HAL_Driver/Src/stm32f7xx_ll_fmc.o
                0x000000000800a08c                FMC_SDRAM_Init
 .text.FMC_SDRAM_Timing_Init
                0x000000000800a170      0x100 Drivers/STM32F7xx_HAL_Driver/Src/stm32f7xx_ll_fmc.o
                0x000000000800a170                FMC_SDRAM_Timing_Init
 .text.FMC_SDRAM_SendCommand
                0x000000000800a270       0x48 Drivers/STM32F7xx_HAL_Driver/Src/stm32f7xx_ll_fmc.o
                0x000000000800a270                FMC_SDRAM_SendCommand
 .text.FMC_SDRAM_ProgramRefreshRate
                0x000000000800a2b8       0x26 Drivers/STM32F7xx_HAL_Driver/Src/stm32f7xx_ll_fmc.o
                0x000000000800a2b8                FMC_SDRAM_ProgramRefreshRate
 .text.osMutexCreate
                0x000000000800a2de       0x30 Middlewares/Third_Party/FreeRTOS/Source/CMSIS_RTOS/cmsis_os.o
                0x000000000800a2de                osMutexCreate
 .text.vListInitialise
                0x000000000800a30e       0x40 Middlewares/Third_Party/FreeRTOS/Source/list.o
                0x000000000800a30e                vListInitialise
 .text.vListInsertEnd
                0x000000000800a34e       0x48 Middlewares/Third_Party/FreeRTOS/Source/list.o
                0x000000000800a34e                vListInsertEnd
 .text.vListInsert
                0x000000000800a396       0x72 Middlewares/Third_Party/FreeRTOS/Source/list.o
                0x000000000800a396                vListInsert
 .text.uxListRemove
                0x000000000800a408       0x54 Middlewares/Third_Party/FreeRTOS/Source/list.o
                0x000000000800a408                uxListRemove
 .text.xQueueGenericReset
                0x000000000800a45c       0xd4 Middlewares/Third_Party/FreeRTOS/Source/queue.o
                0x000000000800a45c                xQueueGenericReset
 .text.xQueueGenericCreateStatic
                0x000000000800a530      0x104 Middlewares/Third_Party/FreeRTOS/Source/queue.o
                0x000000000800a530                xQueueGenericCreateStatic
 .text.xQueueGenericCreate
                0x000000000800a634       0x84 Middlewares/Third_Party/FreeRTOS/Source/queue.o
                0x000000000800a634                xQueueGenericCreate
 .text.prvInitialiseNewQueue
                0x000000000800a6b8       0x3e Middlewares/Third_Party/FreeRTOS/Source/queue.o
 .text.prvInitialiseMutex
                0x000000000800a6f6       0x34 Middlewares/Third_Party/FreeRTOS/Source/queue.o
 .text.xQueueCreateMutex
                0x000000000800a72a       0x30 Middlewares/Third_Party/FreeRTOS/Source/queue.o
                0x000000000800a72a                xQueueCreateMutex
 .text.xQueueCreateMutexStatic
                0x000000000800a75a       0x36 Middlewares/Third_Party/FreeRTOS/Source/queue.o
                0x000000000800a75a                xQueueCreateMutexStatic
 .text.xQueueGenericSend
                0x000000000800a790      0x20c Middlewares/Third_Party/FreeRTOS/Source/queue.o
                0x000000000800a790                xQueueGenericSend
 .text.xQueueGenericSendFromISR
                0x000000000800a99c      0x140 Middlewares/Third_Party/FreeRTOS/Source/queue.o
                0x000000000800a99c                xQueueGenericSendFromISR
 .text.prvCopyDataToQueue
                0x000000000800aadc       0xd4 Middlewares/Third_Party/FreeRTOS/Source/queue.o
 .text.prvUnlockQueue
                0x000000000800abb0       0xa4 Middlewares/Third_Party/FreeRTOS/Source/queue.o
 .text.prvIsQueueFull
                0x000000000800ac54       0x30 Middlewares/Third_Party/FreeRTOS/Source/queue.o
 .text.vTaskSuspendAll
                0x000000000800ac84       0x1c Middlewares/Third_Party/FreeRTOS/Source/tasks.o
                0x000000000800ac84                vTaskSuspendAll
 .text.xTaskResumeAll
                0x000000000800aca0      0x13c Middlewares/Third_Party/FreeRTOS/Source/tasks.o
                0x000000000800aca0                xTaskResumeAll
 .text.xTaskIncrementTick
                0x000000000800addc      0x174 Middlewares/Third_Party/FreeRTOS/Source/tasks.o
                0x000000000800addc                xTaskIncrementTick
 .text.vTaskSwitchContext
                0x000000000800af50       0xbc Middlewares/Third_Party/FreeRTOS/Source/tasks.o
                0x000000000800af50                vTaskSwitchContext
 .text.vTaskPlaceOnEventList
                0x000000000800b00c       0x4c Middlewares/Third_Party/FreeRTOS/Source/tasks.o
                0x000000000800b00c                vTaskPlaceOnEventList
 .text.xTaskRemoveFromEventList
                0x000000000800b058       0xc8 Middlewares/Third_Party/FreeRTOS/Source/tasks.o
                0x000000000800b058                xTaskRemoveFromEventList
 .text.vTaskInternalSetTimeOutState
                0x000000000800b120       0x2c Middlewares/Third_Party/FreeRTOS/Source/tasks.o
                0x000000000800b120                vTaskInternalSetTimeOutState
 .text.xTaskCheckForTimeOut
                0x000000000800b14c       0xcc Middlewares/Third_Party/FreeRTOS/Source/tasks.o
                0x000000000800b14c                xTaskCheckForTimeOut
 .text.vTaskMissedYield
                0x000000000800b218       0x18 Middlewares/Third_Party/FreeRTOS/Source/tasks.o
                0x000000000800b218                vTaskMissedYield
 .text.prvResetNextTaskUnblockTime
                0x000000000800b230       0x40 Middlewares/Third_Party/FreeRTOS/Source/tasks.o
 .text.xTaskGetSchedulerState
                0x000000000800b270       0x3c Middlewares/Third_Party/FreeRTOS/Source/tasks.o
                0x000000000800b270                xTaskGetSchedulerState
 .text.xTaskPriorityDisinherit
                0x000000000800b2ac      0x114 Middlewares/Third_Party/FreeRTOS/Source/tasks.o
                0x000000000800b2ac                xTaskPriorityDisinherit
 .text.prvAddCurrentTaskToDelayedList
                0x000000000800b3c0       0xcc Middlewares/Third_Party/FreeRTOS/Source/tasks.o
 *fill*         0x000000000800b48c        0x4 
 .text.SVC_Handler
                0x000000000800b490       0x28 Middlewares/Third_Party/FreeRTOS/Source/portable/GCC/ARM_CM7/r0p1/port.o
                0x000000000800b490                SVC_Handler
 .text.vPortEnterCritical
                0x000000000800b4b8       0x68 Middlewares/Third_Party/FreeRTOS/Source/portable/GCC/ARM_CM7/r0p1/port.o
                0x000000000800b4b8                vPortEnterCritical
 .text.vPortExitCritical
                0x000000000800b520       0x58 Middlewares/Third_Party/FreeRTOS/Source/portable/GCC/ARM_CM7/r0p1/port.o
                0x000000000800b520                vPortExitCritical
 *fill*         0x000000000800b578        0x8 
 .text.PendSV_Handler
                0x000000000800b580       0x68 Middlewares/Third_Party/FreeRTOS/Source/portable/GCC/ARM_CM7/r0p1/port.o
                0x000000000800b580                PendSV_Handler
 .text.SysTick_Handler
                0x000000000800b5e8       0x48 Middlewares/Third_Party/FreeRTOS/Source/portable/GCC/ARM_CM7/r0p1/port.o
                0x000000000800b5e8                SysTick_Handler
 .text.vPortValidateInterruptPriority
                0x000000000800b630       0x88 Middlewares/Third_Party/FreeRTOS/Source/portable/GCC/ARM_CM7/r0p1/port.o
                0x000000000800b630                vPortValidateInterruptPriority
 .text.pvPortMalloc
                0x000000000800b6b8      0x194 Middlewares/Third_Party/FreeRTOS/Source/portable/MemMang/heap_4.o
                0x000000000800b6b8                pvPortMalloc
 .text.prvHeapInit
                0x000000000800b84c       0xc4 Middlewares/Third_Party/FreeRTOS/Source/portable/MemMang/heap_4.o
 .text.prvInsertBlockIntoFreeList
                0x000000000800b910       0xb4 Middlewares/Third_Party/FreeRTOS/Source/portable/MemMang/heap_4.o
 .text.__libc_init_array
                0x000000000800b9c4       0x48 c:/st/stm32cubeide_1.5.1/stm32cubeide/plugins/com.st.stm32cube.ide.mcu.externaltools.gnu-tools-for-stm32.9-2020-q2-update.win32_1.5.0.202011040924/tools/bin/../lib/gcc/arm-none-eabi/9.3.1/../../../../arm-none-eabi/lib/thumb/v7e-m+fp/hard\libc_nano.a(lib_a-init.o)
                0x000000000800b9c4                __libc_init_array
 .text.memcpy   0x000000000800ba0c       0x1c c:/st/stm32cubeide_1.5.1/stm32cubeide/plugins/com.st.stm32cube.ide.mcu.externaltools.gnu-tools-for-stm32.9-2020-q2-update.win32_1.5.0.202011040924/tools/bin/../lib/gcc/arm-none-eabi/9.3.1/../../../../arm-none-eabi/lib/thumb/v7e-m+fp/hard\libc_nano.a(lib_a-memcpy-stub.o)
                0x000000000800ba0c                memcpy
 .text.memset   0x000000000800ba28       0x10 c:/st/stm32cubeide_1.5.1/stm32cubeide/plugins/com.st.stm32cube.ide.mcu.externaltools.gnu-tools-for-stm32.9-2020-q2-update.win32_1.5.0.202011040924/tools/bin/../lib/gcc/arm-none-eabi/9.3.1/../../../../arm-none-eabi/lib/thumb/v7e-m+fp/hard\libc_nano.a(lib_a-memset.o)
                0x000000000800ba28                memset
 *(.glue_7)
 .glue_7        0x000000000800ba38        0x0 linker stubs
 *(.glue_7t)
 .glue_7t       0x000000000800ba38        0x0 linker stubs
 *(.eh_frame)
 .eh_frame      0x000000000800ba38        0x0 c:/st/stm32cubeide_1.5.1/stm32cubeide/plugins/com.st.stm32cube.ide.mcu.externaltools.gnu-tools-for-stm32.9-2020-q2-update.win32_1.5.0.202011040924/tools/bin/../lib/gcc/arm-none-eabi/9.3.1/thumb/v7e-m+fp/hard/crtbegin.o
 *(.init)
 .init          0x000000000800ba38        0x4 c:/st/stm32cubeide_1.5.1/stm32cubeide/plugins/com.st.stm32cube.ide.mcu.externaltools.gnu-tools-for-stm32.9-2020-q2-update.win32_1.5.0.202011040924/tools/bin/../lib/gcc/arm-none-eabi/9.3.1/thumb/v7e-m+fp/hard/crti.o
                0x000000000800ba38                _init
 .init          0x000000000800ba3c        0x8 c:/st/stm32cubeide_1.5.1/stm32cubeide/plugins/com.st.stm32cube.ide.mcu.externaltools.gnu-tools-for-stm32.9-2020-q2-update.win32_1.5.0.202011040924/tools/bin/../lib/gcc/arm-none-eabi/9.3.1/thumb/v7e-m+fp/hard/crtn.o
 *(.fini)
 .fini          0x000000000800ba44        0x4 c:/st/stm32cubeide_1.5.1/stm32cubeide/plugins/com.st.stm32cube.ide.mcu.externaltools.gnu-tools-for-stm32.9-2020-q2-update.win32_1.5.0.202011040924/tools/bin/../lib/gcc/arm-none-eabi/9.3.1/thumb/v7e-m+fp/hard/crti.o
                0x000000000800ba44                _fini
 .fini          0x000000000800ba48        0x8 c:/st/stm32cubeide_1.5.1/stm32cubeide/plugins/com.st.stm32cube.ide.mcu.externaltools.gnu-tools-for-stm32.9-2020-q2-update.win32_1.5.0.202011040924/tools/bin/../lib/gcc/arm-none-eabi/9.3.1/thumb/v7e-m+fp/hard/crtn.o
                0x000000000800ba50                . = ALIGN (0x4)
                0x000000000800ba50                _etext = .

.vfp11_veneer   0x000000000800ba50        0x0
 .vfp11_veneer  0x000000000800ba50        0x0 linker stubs

.v4_bx          0x000000000800ba50        0x0
 .v4_bx         0x000000000800ba50        0x0 linker stubs

.iplt           0x000000000800ba50        0x0
 .iplt          0x000000000800ba50        0x0 c:/st/stm32cubeide_1.5.1/stm32cubeide/plugins/com.st.stm32cube.ide.mcu.externaltools.gnu-tools-for-stm32.9-2020-q2-update.win32_1.5.0.202011040924/tools/bin/../lib/gcc/arm-none-eabi/9.3.1/thumb/v7e-m+fp/hard/crtbegin.o

.rodata         0x000000000800ba50     0x1f4c
                0x000000000800ba50                . = ALIGN (0x4)
 *(.rodata)
 *(.rodata*)
 .rodata.Font24_Table
                0x000000000800ba50     0x1ab8 Core/Src/stm32746g_discovery_lcd.o
                0x000000000800ba50                Font24_Table
 .rodata.Font12_Table
                0x000000000800d508      0x474 Core/Src/stm32746g_discovery_lcd.o
                0x000000000800d508                Font12_Table
 .rodata.AHBPrescTable
                0x000000000800d97c       0x10 Core/Src/system_stm32f7xx.o
                0x000000000800d97c                AHBPrescTable
 .rodata.APBPrescTable
                0x000000000800d98c        0x8 Core/Src/system_stm32f7xx.o
                0x000000000800d98c                APBPrescTable
 .rodata.flagBitshiftOffset.10096
                0x000000000800d994        0x8 Drivers/STM32F7xx_HAL_Driver/Src/stm32f7xx_hal_dma.o
                0x000000000800d99c                . = ALIGN (0x4)

.ARM.extab      0x000000000800d99c        0x0
                0x000000000800d99c                . = ALIGN (0x4)
 *(.ARM.extab* .gnu.linkonce.armextab.*)
                0x000000000800d99c                . = ALIGN (0x4)

.ARM            0x000000000800d99c        0x8
                0x000000000800d99c                . = ALIGN (0x4)
                0x000000000800d99c                __exidx_start = .
 *(.ARM.exidx*)
 .ARM.exidx     0x000000000800d99c        0x8 c:/st/stm32cubeide_1.5.1/stm32cubeide/plugins/com.st.stm32cube.ide.mcu.externaltools.gnu-tools-for-stm32.9-2020-q2-update.win32_1.5.0.202011040924/tools/bin/../lib/gcc/arm-none-eabi/9.3.1/thumb/v7e-m+fp/hard\libgcc.a(_udivmoddi4.o)
                0x000000000800d9a4                __exidx_end = .
                0x000000000800d9a4                . = ALIGN (0x4)

.rel.dyn        0x000000000800d9a4        0x0
 .rel.iplt      0x000000000800d9a4        0x0 c:/st/stm32cubeide_1.5.1/stm32cubeide/plugins/com.st.stm32cube.ide.mcu.externaltools.gnu-tools-for-stm32.9-2020-q2-update.win32_1.5.0.202011040924/tools/bin/../lib/gcc/arm-none-eabi/9.3.1/thumb/v7e-m+fp/hard/crtbegin.o

.preinit_array  0x000000000800d9a4        0x0
                0x000000000800d9a4                . = ALIGN (0x4)
                0x000000000800d9a4                PROVIDE (__preinit_array_start = .)
 *(.preinit_array*)
                0x000000000800d9a4                PROVIDE (__preinit_array_end = .)
                0x000000000800d9a4                . = ALIGN (0x4)

.init_array     0x000000000800d9a4        0x4
                0x000000000800d9a4                . = ALIGN (0x4)
                0x000000000800d9a4                PROVIDE (__init_array_start = .)
 *(SORT_BY_NAME(.init_array.*))
 *(.init_array*)
 .init_array    0x000000000800d9a4        0x4 c:/st/stm32cubeide_1.5.1/stm32cubeide/plugins/com.st.stm32cube.ide.mcu.externaltools.gnu-tools-for-stm32.9-2020-q2-update.win32_1.5.0.202011040924/tools/bin/../lib/gcc/arm-none-eabi/9.3.1/thumb/v7e-m+fp/hard/crtbegin.o
                0x000000000800d9a8                PROVIDE (__init_array_end = .)
                0x000000000800d9a8                . = ALIGN (0x4)

.fini_array     0x000000000800d9a8        0x4
                0x000000000800d9a8                . = ALIGN (0x4)
                [!provide]                        PROVIDE (__fini_array_start = .)
 *(SORT_BY_NAME(.fini_array.*))
 *(.fini_array*)
 .fini_array    0x000000000800d9a8        0x4 c:/st/stm32cubeide_1.5.1/stm32cubeide/plugins/com.st.stm32cube.ide.mcu.externaltools.gnu-tools-for-stm32.9-2020-q2-update.win32_1.5.0.202011040924/tools/bin/../lib/gcc/arm-none-eabi/9.3.1/thumb/v7e-m+fp/hard/crtbegin.o
                [!provide]                        PROVIDE (__fini_array_end = .)
                0x000000000800d9ac                . = ALIGN (0x4)
                0x000000000800d9ac                _sidata = LOADADDR (.data)

.data           0x0000000020000000     0x148c load address 0x000000000800d9ac
                0x0000000020000000                . = ALIGN (0x4)
                0x0000000020000000                _sdata = .
 *(.data)
 *(.data*)
 .data.ft5336_ts_drv
                0x0000000020000000       0x28 Core/Src/ft5336.o
                0x0000000020000000                ft5336_ts_drv
 .data.map      0x0000000020000028     0x1440 Core/Src/main.o
                0x0000000020000028                map
 .data.Font24   0x0000000020001468        0x8 Core/Src/stm32746g_discovery_lcd.o
                0x0000000020001468                Font24
 .data.Font12   0x0000000020001470        0x8 Core/Src/stm32746g_discovery_lcd.o
                0x0000000020001470                Font12
 .data.sdramstatus.10012
                0x0000000020001478        0x1 Core/Src/stm32746g_discovery_sdram.o
 *fill*         0x0000000020001479        0x3 
 .data.SystemCoreClock
                0x000000002000147c        0x4 Core/Src/system_stm32f7xx.o
                0x000000002000147c                SystemCoreClock
 .data.uwTickPrio
                0x0000000020001480        0x4 Drivers/STM32F7xx_HAL_Driver/Src/stm32f7xx_hal.o
                0x0000000020001480                uwTickPrio
 .data.uwTickFreq
                0x0000000020001484        0x1 Drivers/STM32F7xx_HAL_Driver/Src/stm32f7xx_hal.o
                0x0000000020001484                uwTickFreq
 *fill*         0x0000000020001485        0x3 
 .data.uxCriticalNesting
                0x0000000020001488        0x4 Middlewares/Third_Party/FreeRTOS/Source/portable/GCC/ARM_CM7/r0p1/port.o
 *(.RamFunc)
 *(.RamFunc*)
                0x000000002000148c                . = ALIGN (0x4)
                0x000000002000148c                _edata = .

.igot.plt       0x000000002000148c        0x0 load address 0x000000000800ee38
 .igot.plt      0x000000002000148c        0x0 c:/st/stm32cubeide_1.5.1/stm32cubeide/plugins/com.st.stm32cube.ide.mcu.externaltools.gnu-tools-for-stm32.9-2020-q2-update.win32_1.5.0.202011040924/tools/bin/../lib/gcc/arm-none-eabi/9.3.1/thumb/v7e-m+fp/hard/crtbegin.o
                0x000000002000148c                . = ALIGN (0x4)

.bss            0x000000002000148c     0x4628 load address 0x000000000800ee38
                0x000000002000148c                _sbss = .
                0x000000002000148c                __bss_start__ = _sbss
 *(.bss)
 .bss           0x000000002000148c       0x1c c:/st/stm32cubeide_1.5.1/stm32cubeide/plugins/com.st.stm32cube.ide.mcu.externaltools.gnu-tools-for-stm32.9-2020-q2-update.win32_1.5.0.202011040924/tools/bin/../lib/gcc/arm-none-eabi/9.3.1/thumb/v7e-m+fp/hard/crtbegin.o
 *(.bss*)
 .bss.ft5336_handle
                0x00000000200014a8        0x3 Core/Src/ft5336.o
 *fill*         0x00000000200014ab        0x1 
 .bss.coord.5659
                0x00000000200014ac        0x2 Core/Src/ft5336.o
 *fill*         0x00000000200014ae        0x2 
 .bss.hI2cAudioHandler
                0x00000000200014b0       0x4c Core/Src/stm32746g_discovery.o
 .bss.hDma2dHandler
                0x00000000200014fc       0x40 Core/Src/stm32746g_discovery_lcd.o
 .bss.ActiveLayer
                0x000000002000153c        0x4 Core/Src/stm32746g_discovery_lcd.o
 .bss.DrawProp  0x0000000020001540       0x18 Core/Src/stm32746g_discovery_lcd.o
 .bss.periph_clk_init_struct.10599
                0x0000000020001558       0x84 Core/Src/stm32746g_discovery_lcd.o
 .bss.Timing    0x00000000200015dc       0x1c Core/Src/stm32746g_discovery_sdram.o
 .bss.Command   0x00000000200015f8       0x10 Core/Src/stm32746g_discovery_sdram.o
 .bss.dma_handle.10048
                0x0000000020001608       0x60 Core/Src/stm32746g_discovery_sdram.o
 .bss.tsDriver  0x0000000020001668        0x4 Core/Src/stm32746g_discovery_ts.o
 .bss.tsXBoundary
                0x000000002000166c        0x2 Core/Src/stm32746g_discovery_ts.o
 .bss.tsYBoundary
                0x000000002000166e        0x2 Core/Src/stm32746g_discovery_ts.o
 .bss.tsOrientation
                0x0000000020001670        0x1 Core/Src/stm32746g_discovery_ts.o
 .bss.I2cAddress
                0x0000000020001671        0x1 Core/Src/stm32746g_discovery_ts.o
 *fill*         0x0000000020001672        0x2 
 .bss.FMC_Initialized
                0x0000000020001674        0x4 Core/Src/stm32f7xx_hal_msp.o
 .bss.pxCurrentTCB
                0x0000000020001678        0x4 Middlewares/Third_Party/FreeRTOS/Source/tasks.o
                0x0000000020001678                pxCurrentTCB
 .bss.pxReadyTasksLists
                0x000000002000167c       0x8c Middlewares/Third_Party/FreeRTOS/Source/tasks.o
 .bss.pxDelayedTaskList
                0x0000000020001708        0x4 Middlewares/Third_Party/FreeRTOS/Source/tasks.o
 .bss.pxOverflowDelayedTaskList
                0x000000002000170c        0x4 Middlewares/Third_Party/FreeRTOS/Source/tasks.o
 .bss.xPendingReadyList
                0x0000000020001710       0x14 Middlewares/Third_Party/FreeRTOS/Source/tasks.o
 .bss.xSuspendedTaskList
                0x0000000020001724       0x14 Middlewares/Third_Party/FreeRTOS/Source/tasks.o
 .bss.uxCurrentNumberOfTasks
                0x0000000020001738        0x4 Middlewares/Third_Party/FreeRTOS/Source/tasks.o
 .bss.xTickCount
                0x000000002000173c        0x4 Middlewares/Third_Party/FreeRTOS/Source/tasks.o
 .bss.uxTopReadyPriority
                0x0000000020001740        0x4 Middlewares/Third_Party/FreeRTOS/Source/tasks.o
 .bss.xSchedulerRunning
                0x0000000020001744        0x4 Middlewares/Third_Party/FreeRTOS/Source/tasks.o
 .bss.uxPendedTicks
                0x0000000020001748        0x4 Middlewares/Third_Party/FreeRTOS/Source/tasks.o
 .bss.xYieldPending
                0x000000002000174c        0x4 Middlewares/Third_Party/FreeRTOS/Source/tasks.o
 .bss.xNumOfOverflows
                0x0000000020001750        0x4 Middlewares/Third_Party/FreeRTOS/Source/tasks.o
 .bss.xNextTaskUnblockTime
                0x0000000020001754        0x4 Middlewares/Third_Party/FreeRTOS/Source/tasks.o
 .bss.uxSchedulerSuspended
                0x0000000020001758        0x4 Middlewares/Third_Party/FreeRTOS/Source/tasks.o
 .bss.ucMaxSysCallPriority
                0x000000002000175c        0x1 Middlewares/Third_Party/FreeRTOS/Source/portable/GCC/ARM_CM7/r0p1/port.o
 *fill*         0x000000002000175d        0x3 
 .bss.ulMaxPRIGROUPValue
                0x0000000020001760        0x4 Middlewares/Third_Party/FreeRTOS/Source/portable/GCC/ARM_CM7/r0p1/port.o
 .bss.ucHeap    0x0000000020001764     0x3c00 Middlewares/Third_Party/FreeRTOS/Source/portable/MemMang/heap_4.o
 .bss.xStart    0x0000000020005364        0x8 Middlewares/Third_Party/FreeRTOS/Source/portable/MemMang/heap_4.o
 .bss.pxEnd     0x000000002000536c        0x4 Middlewares/Third_Party/FreeRTOS/Source/portable/MemMang/heap_4.o
 .bss.xFreeBytesRemaining
                0x0000000020005370        0x4 Middlewares/Third_Party/FreeRTOS/Source/portable/MemMang/heap_4.o
 .bss.xMinimumEverFreeBytesRemaining
                0x0000000020005374        0x4 Middlewares/Third_Party/FreeRTOS/Source/portable/MemMang/heap_4.o
 .bss.xBlockAllocatedBit
                0x0000000020005378        0x4 Middlewares/Third_Party/FreeRTOS/Source/portable/MemMang/heap_4.o
 *(COMMON)
 COMMON         0x000000002000537c      0x60c Core/Src/main.o
                0x000000002000537c                SourisHandle
                0x0000000020005380                defaultTaskHandle
                0x0000000020005384                hi2c3
                0x00000000200053d0                hspi2
                0x0000000020005434                huart7
                0x00000000200054b8                htim8
                0x0000000020005504                hi2c1
                0x0000000020005550                htim5
                0x000000002000559c                htim3
                0x00000000200055e8                hltdc
                0x0000000020005690                hadc1
                0x00000000200056d8                affichageHandle
                0x00000000200056dc                myQueueP2VHandle
                0x00000000200056e0                hadc3
                0x0000000020005728                huart1
                0x00000000200057ac                ChatHandle
                0x00000000200057b0                hdac
                0x00000000200057c4                TimeHandle
                0x00000000200057c8                hrtc
                0x00000000200057e8                htim1
                0x0000000020005834                huart6
                0x00000000200058b8                hdma2d
                0x00000000200058f8                htim2
                0x0000000020005944                hsdram1
                0x0000000020005978                rxbuffer
                0x0000000020005984                myQueueU2HHandle
 COMMON         0x0000000020005988       0xa8 Core/Src/stm32746g_discovery_lcd.o
                0x0000000020005988                hLtdcHandler
 COMMON         0x0000000020005a30       0x34 Core/Src/stm32746g_discovery_sdram.o
                0x0000000020005a30                sdramHandle
 COMMON         0x0000000020005a64       0x4c Core/Src/stm32f7xx_hal_timebase_tim.o
                0x0000000020005a64                htim6
 COMMON         0x0000000020005ab0        0x4 Drivers/STM32F7xx_HAL_Driver/Src/stm32f7xx_hal.o
                0x0000000020005ab0                uwTick
                0x0000000020005ab4                . = ALIGN (0x4)
                0x0000000020005ab4                _ebss = .
                0x0000000020005ab4                __bss_end__ = _ebss

._user_heap_stack
                0x0000000020005ab4      0x604 load address 0x000000000800ee38
                0x0000000020005ab8                . = ALIGN (0x8)
 *fill*         0x0000000020005ab4        0x4 
                [!provide]                        PROVIDE (end = .)
                0x0000000020005ab8                PROVIDE (_end = .)
                0x0000000020005cb8                . = (. + _Min_Heap_Size)
 *fill*         0x0000000020005ab8      0x200 
                0x00000000200060b8                . = (. + _Min_Stack_Size)
 *fill*         0x0000000020005cb8      0x400 
                0x00000000200060b8                . = ALIGN (0x8)

/DISCARD/
 libc.a(*)
 libm.a(*)
 libgcc.a(*)

.ARM.attributes
                0x0000000000000000       0x30
 *(.ARM.attributes)
 .ARM.attributes
                0x0000000000000000       0x1e c:/st/stm32cubeide_1.5.1/stm32cubeide/plugins/com.st.stm32cube.ide.mcu.externaltools.gnu-tools-for-stm32.9-2020-q2-update.win32_1.5.0.202011040924/tools/bin/../lib/gcc/arm-none-eabi/9.3.1/thumb/v7e-m+fp/hard/crti.o
 .ARM.attributes
                0x000000000000001e       0x34 c:/st/stm32cubeide_1.5.1/stm32cubeide/plugins/com.st.stm32cube.ide.mcu.externaltools.gnu-tools-for-stm32.9-2020-q2-update.win32_1.5.0.202011040924/tools/bin/../lib/gcc/arm-none-eabi/9.3.1/thumb/v7e-m+fp/hard/crtbegin.o
 .ARM.attributes
                0x0000000000000052       0x34 Core/Src/ft5336.o
 .ARM.attributes
                0x0000000000000086       0x34 Core/Src/main.o
 .ARM.attributes
                0x00000000000000ba       0x34 Core/Src/stm32746g_discovery.o
 .ARM.attributes
                0x00000000000000ee       0x34 Core/Src/stm32746g_discovery_lcd.o
 .ARM.attributes
                0x0000000000000122       0x34 Core/Src/stm32746g_discovery_sdram.o
 .ARM.attributes
                0x0000000000000156       0x34 Core/Src/stm32746g_discovery_ts.o
 .ARM.attributes
                0x000000000000018a       0x34 Core/Src/stm32f7xx_hal_msp.o
 .ARM.attributes
                0x00000000000001be       0x34 Core/Src/stm32f7xx_hal_timebase_tim.o
 .ARM.attributes
                0x00000000000001f2       0x34 Core/Src/stm32f7xx_it.o
 .ARM.attributes
                0x0000000000000226       0x34 Core/Src/system_stm32f7xx.o
 .ARM.attributes
                0x000000000000025a       0x21 Core/Startup/startup_stm32f746nghx.o
 .ARM.attributes
                0x000000000000027b       0x34 Drivers/STM32F7xx_HAL_Driver/Src/stm32f7xx_hal.o
 .ARM.attributes
                0x00000000000002af       0x34 Drivers/STM32F7xx_HAL_Driver/Src/stm32f7xx_hal_adc.o
 .ARM.attributes
                0x00000000000002e3       0x34 Drivers/STM32F7xx_HAL_Driver/Src/stm32f7xx_hal_cortex.o
 .ARM.attributes
                0x0000000000000317       0x34 Drivers/STM32F7xx_HAL_Driver/Src/stm32f7xx_hal_dac.o
 .ARM.attributes
                0x000000000000034b       0x34 Drivers/STM32F7xx_HAL_Driver/Src/stm32f7xx_hal_dac_ex.o
 .ARM.attributes
                0x000000000000037f       0x34 Drivers/STM32F7xx_HAL_Driver/Src/stm32f7xx_hal_dma.o
 .ARM.attributes
                0x00000000000003b3       0x34 Drivers/STM32F7xx_HAL_Driver/Src/stm32f7xx_hal_dma2d.o
 .ARM.attributes
                0x00000000000003e7       0x34 Drivers/STM32F7xx_HAL_Driver/Src/stm32f7xx_hal_gpio.o
 .ARM.attributes
                0x000000000000041b       0x34 Drivers/STM32F7xx_HAL_Driver/Src/stm32f7xx_hal_i2c.o
 .ARM.attributes
                0x000000000000044f       0x34 Drivers/STM32F7xx_HAL_Driver/Src/stm32f7xx_hal_i2c_ex.o
 .ARM.attributes
                0x0000000000000483       0x34 Drivers/STM32F7xx_HAL_Driver/Src/stm32f7xx_hal_ltdc.o
 .ARM.attributes
                0x00000000000004b7       0x34 Drivers/STM32F7xx_HAL_Driver/Src/stm32f7xx_hal_pwr.o
 .ARM.attributes
                0x00000000000004eb       0x34 Drivers/STM32F7xx_HAL_Driver/Src/stm32f7xx_hal_pwr_ex.o
 .ARM.attributes
                0x000000000000051f       0x34 Drivers/STM32F7xx_HAL_Driver/Src/stm32f7xx_hal_rcc.o
 .ARM.attributes
                0x0000000000000553       0x34 Drivers/STM32F7xx_HAL_Driver/Src/stm32f7xx_hal_rcc_ex.o
 .ARM.attributes
                0x0000000000000587       0x34 Drivers/STM32F7xx_HAL_Driver/Src/stm32f7xx_hal_rtc.o
 .ARM.attributes
                0x00000000000005bb       0x34 Drivers/STM32F7xx_HAL_Driver/Src/stm32f7xx_hal_rtc_ex.o
 .ARM.attributes
                0x00000000000005ef       0x34 Drivers/STM32F7xx_HAL_Driver/Src/stm32f7xx_hal_sdram.o
 .ARM.attributes
                0x0000000000000623       0x34 Drivers/STM32F7xx_HAL_Driver/Src/stm32f7xx_hal_spi.o
 .ARM.attributes
                0x0000000000000657       0x34 Drivers/STM32F7xx_HAL_Driver/Src/stm32f7xx_hal_tim.o
 .ARM.attributes
                0x000000000000068b       0x34 Drivers/STM32F7xx_HAL_Driver/Src/stm32f7xx_hal_tim_ex.o
 .ARM.attributes
                0x00000000000006bf       0x34 Drivers/STM32F7xx_HAL_Driver/Src/stm32f7xx_hal_uart.o
 .ARM.attributes
                0x00000000000006f3       0x34 Drivers/STM32F7xx_HAL_Driver/Src/stm32f7xx_ll_fmc.o
 .ARM.attributes
                0x0000000000000727       0x34 Middlewares/Third_Party/FreeRTOS/Source/CMSIS_RTOS/cmsis_os.o
 .ARM.attributes
                0x000000000000075b       0x34 Middlewares/Third_Party/FreeRTOS/Source/list.o
 .ARM.attributes
                0x000000000000078f       0x34 Middlewares/Third_Party/FreeRTOS/Source/queue.o
 .ARM.attributes
                0x00000000000007c3       0x34 Middlewares/Third_Party/FreeRTOS/Source/tasks.o
 .ARM.attributes
                0x00000000000007f7       0x34 Middlewares/Third_Party/FreeRTOS/Source/portable/GCC/ARM_CM7/r0p1/port.o
 .ARM.attributes
                0x000000000000082b       0x34 Middlewares/Third_Party/FreeRTOS/Source/portable/MemMang/heap_4.o
 .ARM.attributes
                0x000000000000085f       0x34 c:/st/stm32cubeide_1.5.1/stm32cubeide/plugins/com.st.stm32cube.ide.mcu.externaltools.gnu-tools-for-stm32.9-2020-q2-update.win32_1.5.0.202011040924/tools/bin/../lib/gcc/arm-none-eabi/9.3.1/../../../../arm-none-eabi/lib/thumb/v7e-m+fp/hard\libc_nano.a(lib_a-init.o)
 .ARM.attributes
                0x0000000000000893       0x34 c:/st/stm32cubeide_1.5.1/stm32cubeide/plugins/com.st.stm32cube.ide.mcu.externaltools.gnu-tools-for-stm32.9-2020-q2-update.win32_1.5.0.202011040924/tools/bin/../lib/gcc/arm-none-eabi/9.3.1/../../../../arm-none-eabi/lib/thumb/v7e-m+fp/hard\libc_nano.a(lib_a-memcpy-stub.o)
 .ARM.attributes
                0x00000000000008c7       0x34 c:/st/stm32cubeide_1.5.1/stm32cubeide/plugins/com.st.stm32cube.ide.mcu.externaltools.gnu-tools-for-stm32.9-2020-q2-update.win32_1.5.0.202011040924/tools/bin/../lib/gcc/arm-none-eabi/9.3.1/../../../../arm-none-eabi/lib/thumb/v7e-m+fp/hard\libc_nano.a(lib_a-memset.o)
 .ARM.attributes
                0x00000000000008fb       0x1e c:/st/stm32cubeide_1.5.1/stm32cubeide/plugins/com.st.stm32cube.ide.mcu.externaltools.gnu-tools-for-stm32.9-2020-q2-update.win32_1.5.0.202011040924/tools/bin/../lib/gcc/arm-none-eabi/9.3.1/thumb/v7e-m+fp/hard\libgcc.a(_aeabi_uldivmod.o)
 .ARM.attributes
                0x0000000000000919       0x34 c:/st/stm32cubeide_1.5.1/stm32cubeide/plugins/com.st.stm32cube.ide.mcu.externaltools.gnu-tools-for-stm32.9-2020-q2-update.win32_1.5.0.202011040924/tools/bin/../lib/gcc/arm-none-eabi/9.3.1/thumb/v7e-m+fp/hard\libgcc.a(_udivmoddi4.o)
 .ARM.attributes
                0x000000000000094d       0x1e c:/st/stm32cubeide_1.5.1/stm32cubeide/plugins/com.st.stm32cube.ide.mcu.externaltools.gnu-tools-for-stm32.9-2020-q2-update.win32_1.5.0.202011040924/tools/bin/../lib/gcc/arm-none-eabi/9.3.1/thumb/v7e-m+fp/hard\libgcc.a(_dvmd_tls.o)
 .ARM.attributes
                0x000000000000096b       0x1e c:/st/stm32cubeide_1.5.1/stm32cubeide/plugins/com.st.stm32cube.ide.mcu.externaltools.gnu-tools-for-stm32.9-2020-q2-update.win32_1.5.0.202011040924/tools/bin/../lib/gcc/arm-none-eabi/9.3.1/thumb/v7e-m+fp/hard/crtn.o
OUTPUT(rtos_service.elf elf32-littlearm)
LOAD linker stubs
LOAD c:/st/stm32cubeide_1.5.1/stm32cubeide/plugins/com.st.stm32cube.ide.mcu.externaltools.gnu-tools-for-stm32.9-2020-q2-update.win32_1.5.0.202011040924/tools/bin/../lib/gcc/arm-none-eabi/9.3.1/../../../../arm-none-eabi/lib/thumb/v7e-m+fp/hard\libc.a
LOAD c:/st/stm32cubeide_1.5.1/stm32cubeide/plugins/com.st.stm32cube.ide.mcu.externaltools.gnu-tools-for-stm32.9-2020-q2-update.win32_1.5.0.202011040924/tools/bin/../lib/gcc/arm-none-eabi/9.3.1/../../../../arm-none-eabi/lib/thumb/v7e-m+fp/hard\libm.a
LOAD c:/st/stm32cubeide_1.5.1/stm32cubeide/plugins/com.st.stm32cube.ide.mcu.externaltools.gnu-tools-for-stm32.9-2020-q2-update.win32_1.5.0.202011040924/tools/bin/../lib/gcc/arm-none-eabi/9.3.1/thumb/v7e-m+fp/hard\libgcc.a

.debug_info     0x0000000000000000    0x2e5e3
 .debug_info    0x0000000000000000      0x5e0 Core/Src/ft5336.o
 .debug_info    0x00000000000005e0     0x4177 Core/Src/main.o
 .debug_info    0x0000000000004757     0x1b43 Core/Src/stm32746g_discovery.o
 .debug_info    0x000000000000629a     0x2492 Core/Src/stm32746g_discovery_lcd.o
 .debug_info    0x000000000000872c      0xfe8 Core/Src/stm32746g_discovery_sdram.o
 .debug_info    0x0000000000009714      0xa42 Core/Src/stm32746g_discovery_ts.o
 .debug_info    0x000000000000a156     0x2e6f Core/Src/stm32f7xx_hal_msp.o
 .debug_info    0x000000000000cfc5      0xd41 Core/Src/stm32f7xx_hal_timebase_tim.o
 .debug_info    0x000000000000dd06     0x10c2 Core/Src/stm32f7xx_it.o
 .debug_info    0x000000000000edc8      0x7ad Core/Src/system_stm32f7xx.o
 .debug_info    0x000000000000f575       0x22 Core/Startup/startup_stm32f746nghx.o
 .debug_info    0x000000000000f597      0xa42 Drivers/STM32F7xx_HAL_Driver/Src/stm32f7xx_hal.o
 .debug_info    0x000000000000ffd9      0xd66 Drivers/STM32F7xx_HAL_Driver/Src/stm32f7xx_hal_adc.o
 .debug_info    0x0000000000010d3f     0x1116 Drivers/STM32F7xx_HAL_Driver/Src/stm32f7xx_hal_cortex.o
 .debug_info    0x0000000000011e55      0xac4 Drivers/STM32F7xx_HAL_Driver/Src/stm32f7xx_hal_dac.o
 .debug_info    0x0000000000012919      0x8a7 Drivers/STM32F7xx_HAL_Driver/Src/stm32f7xx_hal_dac_ex.o
 .debug_info    0x00000000000131c0      0x9f1 Drivers/STM32F7xx_HAL_Driver/Src/stm32f7xx_hal_dma.o
 .debug_info    0x0000000000013bb1     0x1067 Drivers/STM32F7xx_HAL_Driver/Src/stm32f7xx_hal_dma2d.o
 .debug_info    0x0000000000014c18      0x868 Drivers/STM32F7xx_HAL_Driver/Src/stm32f7xx_hal_gpio.o
 .debug_info    0x0000000000015480     0x221e Drivers/STM32F7xx_HAL_Driver/Src/stm32f7xx_hal_i2c.o
 .debug_info    0x000000000001769e      0x7a8 Drivers/STM32F7xx_HAL_Driver/Src/stm32f7xx_hal_i2c_ex.o
 .debug_info    0x0000000000017e46     0x1205 Drivers/STM32F7xx_HAL_Driver/Src/stm32f7xx_hal_ltdc.o
 .debug_info    0x000000000001904b      0xa4c Drivers/STM32F7xx_HAL_Driver/Src/stm32f7xx_hal_pwr.o
 .debug_info    0x0000000000019a97      0x9f6 Drivers/STM32F7xx_HAL_Driver/Src/stm32f7xx_hal_pwr_ex.o
 .debug_info    0x000000000001a48d      0x9cc Drivers/STM32F7xx_HAL_Driver/Src/stm32f7xx_hal_rcc.o
 .debug_info    0x000000000001ae59      0x82c Drivers/STM32F7xx_HAL_Driver/Src/stm32f7xx_hal_rcc_ex.o
 .debug_info    0x000000000001b685      0xde8 Drivers/STM32F7xx_HAL_Driver/Src/stm32f7xx_hal_rtc.o
 .debug_info    0x000000000001c46d     0x10f0 Drivers/STM32F7xx_HAL_Driver/Src/stm32f7xx_hal_rtc_ex.o
 .debug_info    0x000000000001d55d      0xd5f Drivers/STM32F7xx_HAL_Driver/Src/stm32f7xx_hal_sdram.o
 .debug_info    0x000000000001e2bc     0x1825 Drivers/STM32F7xx_HAL_Driver/Src/stm32f7xx_hal_spi.o
 .debug_info    0x000000000001fae1     0x2bad Drivers/STM32F7xx_HAL_Driver/Src/stm32f7xx_hal_tim.o
 .debug_info    0x000000000002268e     0x1608 Drivers/STM32F7xx_HAL_Driver/Src/stm32f7xx_hal_tim_ex.o
 .debug_info    0x0000000000023c96     0x194c Drivers/STM32F7xx_HAL_Driver/Src/stm32f7xx_hal_uart.o
 .debug_info    0x00000000000255e2      0xd81 Drivers/STM32F7xx_HAL_Driver/Src/stm32f7xx_ll_fmc.o
 .debug_info    0x0000000000026363     0x204a Middlewares/Third_Party/FreeRTOS/Source/CMSIS_RTOS/cmsis_os.o
 .debug_info    0x00000000000283ad      0xb82 Middlewares/Third_Party/FreeRTOS/Source/list.o
 .debug_info    0x0000000000028f2f     0x1fea Middlewares/Third_Party/FreeRTOS/Source/queue.o
 .debug_info    0x000000000002af19     0x259f Middlewares/Third_Party/FreeRTOS/Source/tasks.o
 .debug_info    0x000000000002d4b8      0x4b4 Middlewares/Third_Party/FreeRTOS/Source/portable/GCC/ARM_CM7/r0p1/port.o
 .debug_info    0x000000000002d96c      0xc77 Middlewares/Third_Party/FreeRTOS/Source/portable/MemMang/heap_4.o

.debug_abbrev   0x0000000000000000     0x595e
 .debug_abbrev  0x0000000000000000      0x212 Core/Src/ft5336.o
 .debug_abbrev  0x0000000000000212      0x337 Core/Src/main.o
 .debug_abbrev  0x0000000000000549      0x2bd Core/Src/stm32746g_discovery.o
 .debug_abbrev  0x0000000000000806      0x2d2 Core/Src/stm32746g_discovery_lcd.o
 .debug_abbrev  0x0000000000000ad8      0x244 Core/Src/stm32746g_discovery_sdram.o
 .debug_abbrev  0x0000000000000d1c      0x259 Core/Src/stm32746g_discovery_ts.o
 .debug_abbrev  0x0000000000000f75      0x27f Core/Src/stm32f7xx_hal_msp.o
 .debug_abbrev  0x00000000000011f4      0x1bf Core/Src/stm32f7xx_hal_timebase_tim.o
 .debug_abbrev  0x00000000000013b3      0x187 Core/Src/stm32f7xx_it.o
 .debug_abbrev  0x000000000000153a      0x165 Core/Src/system_stm32f7xx.o
 .debug_abbrev  0x000000000000169f       0x12 Core/Startup/startup_stm32f746nghx.o
 .debug_abbrev  0x00000000000016b1      0x1ed Drivers/STM32F7xx_HAL_Driver/Src/stm32f7xx_hal.o
 .debug_abbrev  0x000000000000189e      0x22f Drivers/STM32F7xx_HAL_Driver/Src/stm32f7xx_hal_adc.o
 .debug_abbrev  0x0000000000001acd      0x33c Drivers/STM32F7xx_HAL_Driver/Src/stm32f7xx_hal_cortex.o
 .debug_abbrev  0x0000000000001e09      0x1f2 Drivers/STM32F7xx_HAL_Driver/Src/stm32f7xx_hal_dac.o
 .debug_abbrev  0x0000000000001ffb      0x214 Drivers/STM32F7xx_HAL_Driver/Src/stm32f7xx_hal_dac_ex.o
 .debug_abbrev  0x000000000000220f      0x259 Drivers/STM32F7xx_HAL_Driver/Src/stm32f7xx_hal_dma.o
 .debug_abbrev  0x0000000000002468      0x23f Drivers/STM32F7xx_HAL_Driver/Src/stm32f7xx_hal_dma2d.o
 .debug_abbrev  0x00000000000026a7      0x1f1 Drivers/STM32F7xx_HAL_Driver/Src/stm32f7xx_hal_gpio.o
 .debug_abbrev  0x0000000000002898      0x256 Drivers/STM32F7xx_HAL_Driver/Src/stm32f7xx_hal_i2c.o
 .debug_abbrev  0x0000000000002aee      0x196 Drivers/STM32F7xx_HAL_Driver/Src/stm32f7xx_hal_i2c_ex.o
 .debug_abbrev  0x0000000000002c84      0x239 Drivers/STM32F7xx_HAL_Driver/Src/stm32f7xx_hal_ltdc.o
 .debug_abbrev  0x0000000000002ebd      0x1de Drivers/STM32F7xx_HAL_Driver/Src/stm32f7xx_hal_pwr.o
 .debug_abbrev  0x000000000000309b      0x1dc Drivers/STM32F7xx_HAL_Driver/Src/stm32f7xx_hal_pwr_ex.o
 .debug_abbrev  0x0000000000003277      0x246 Drivers/STM32F7xx_HAL_Driver/Src/stm32f7xx_hal_rcc.o
 .debug_abbrev  0x00000000000034bd      0x1d1 Drivers/STM32F7xx_HAL_Driver/Src/stm32f7xx_hal_rcc_ex.o
 .debug_abbrev  0x000000000000368e      0x1e4 Drivers/STM32F7xx_HAL_Driver/Src/stm32f7xx_hal_rtc.o
 .debug_abbrev  0x0000000000003872      0x213 Drivers/STM32F7xx_HAL_Driver/Src/stm32f7xx_hal_rtc_ex.o
 .debug_abbrev  0x0000000000003a85      0x221 Drivers/STM32F7xx_HAL_Driver/Src/stm32f7xx_hal_sdram.o
 .debug_abbrev  0x0000000000003ca6      0x254 Drivers/STM32F7xx_HAL_Driver/Src/stm32f7xx_hal_spi.o
 .debug_abbrev  0x0000000000003efa      0x25e Drivers/STM32F7xx_HAL_Driver/Src/stm32f7xx_hal_tim.o
 .debug_abbrev  0x0000000000004158      0x266 Drivers/STM32F7xx_HAL_Driver/Src/stm32f7xx_hal_tim_ex.o
 .debug_abbrev  0x00000000000043be      0x23f Drivers/STM32F7xx_HAL_Driver/Src/stm32f7xx_hal_uart.o
 .debug_abbrev  0x00000000000045fd      0x18e Drivers/STM32F7xx_HAL_Driver/Src/stm32f7xx_ll_fmc.o
 .debug_abbrev  0x000000000000478b      0x3c2 Middlewares/Third_Party/FreeRTOS/Source/CMSIS_RTOS/cmsis_os.o
 .debug_abbrev  0x0000000000004b4d      0x1f7 Middlewares/Third_Party/FreeRTOS/Source/list.o
 .debug_abbrev  0x0000000000004d44      0x380 Middlewares/Third_Party/FreeRTOS/Source/queue.o
 .debug_abbrev  0x00000000000050c4      0x380 Middlewares/Third_Party/FreeRTOS/Source/tasks.o
 .debug_abbrev  0x0000000000005444      0x247 Middlewares/Third_Party/FreeRTOS/Source/portable/GCC/ARM_CM7/r0p1/port.o
 .debug_abbrev  0x000000000000568b      0x2d3 Middlewares/Third_Party/FreeRTOS/Source/portable/MemMang/heap_4.o

.debug_aranges  0x0000000000000000     0x25e8
 .debug_aranges
                0x0000000000000000       0x90 Core/Src/ft5336.o
 .debug_aranges
                0x0000000000000090       0xe8 Core/Src/main.o
 .debug_aranges
                0x0000000000000178      0x128 Core/Src/stm32746g_discovery.o
 .debug_aranges
                0x00000000000002a0      0x1d8 Core/Src/stm32746g_discovery_lcd.o
 .debug_aranges
                0x0000000000000478       0x68 Core/Src/stm32746g_discovery_sdram.o
 .debug_aranges
                0x00000000000004e0       0x58 Core/Src/stm32746g_discovery_ts.o
 .debug_aranges
                0x0000000000000538       0xd8 Core/Src/stm32f7xx_hal_msp.o
 .debug_aranges
                0x0000000000000610       0x30 Core/Src/stm32f7xx_hal_timebase_tim.o
 .debug_aranges
                0x0000000000000640       0x60 Core/Src/stm32f7xx_it.o
 .debug_aranges
                0x00000000000006a0       0x28 Core/Src/system_stm32f7xx.o
 .debug_aranges
                0x00000000000006c8       0x28 Core/Startup/startup_stm32f746nghx.o
 .debug_aranges
                0x00000000000006f0      0x100 Drivers/STM32F7xx_HAL_Driver/Src/stm32f7xx_hal.o
 .debug_aranges
                0x00000000000007f0       0xe8 Drivers/STM32F7xx_HAL_Driver/Src/stm32f7xx_hal_adc.o
 .debug_aranges
                0x00000000000008d8      0x118 Drivers/STM32F7xx_HAL_Driver/Src/stm32f7xx_hal_cortex.o
 .debug_aranges
                0x00000000000009f0       0xc0 Drivers/STM32F7xx_HAL_Driver/Src/stm32f7xx_hal_dac.o
 .debug_aranges
                0x0000000000000ab0       0x80 Drivers/STM32F7xx_HAL_Driver/Src/stm32f7xx_hal_dac_ex.o
 .debug_aranges
                0x0000000000000b30       0x90 Drivers/STM32F7xx_HAL_Driver/Src/stm32f7xx_hal_dma.o
 .debug_aranges
                0x0000000000000bc0      0x118 Drivers/STM32F7xx_HAL_Driver/Src/stm32f7xx_hal_dma2d.o
 .debug_aranges
                0x0000000000000cd8       0x58 Drivers/STM32F7xx_HAL_Driver/Src/stm32f7xx_hal_gpio.o
 .debug_aranges
                0x0000000000000d30      0x290 Drivers/STM32F7xx_HAL_Driver/Src/stm32f7xx_hal_i2c.o
 .debug_aranges
                0x0000000000000fc0       0x28 Drivers/STM32F7xx_HAL_Driver/Src/stm32f7xx_hal_i2c_ex.o
 .debug_aranges
                0x0000000000000fe8      0x158 Drivers/STM32F7xx_HAL_Driver/Src/stm32f7xx_hal_ltdc.o
 .debug_aranges
                0x0000000000001140       0xa0 Drivers/STM32F7xx_HAL_Driver/Src/stm32f7xx_hal_pwr.o
 .debug_aranges
                0x00000000000011e0       0x80 Drivers/STM32F7xx_HAL_Driver/Src/stm32f7xx_hal_pwr_ex.o
 .debug_aranges
                0x0000000000001260       0x88 Drivers/STM32F7xx_HAL_Driver/Src/stm32f7xx_hal_rcc.o
 .debug_aranges
                0x00000000000012e8       0x50 Drivers/STM32F7xx_HAL_Driver/Src/stm32f7xx_hal_rcc_ex.o
 .debug_aranges