main.c:123:5:main	168	static
main.c:242:6:SystemClock_Config	216	static
main.c:316:13:MX_NVIC_Init	8	static
main.c:331:13:MX_ADC1_Init	24	static
main.c:381:13:MX_ADC3_Init	24	static
main.c:431:13:MX_DAC_Init	16	static
main.c:469:13:MX_DMA2D_Init	8	static
main.c:506:13:MX_I2C1_Init	8	static
main.c:552:13:MX_I2C3_Init	8	static
main.c:598:13:MX_LTDC_Init	64	static
main.c:660:13:MX_RTC_Init	80	static
main.c:752:13:MX_SPI2_Init	8	static
main.c:792:13:MX_TIM1_Init	40	static
main.c:839:13:MX_TIM2_Init	40	static
main.c:884:13:MX_TIM3_Init	88	static
main.c:950:13:MX_TIM5_Init	40	static
main.c:995:13:MX_TIM8_Init	112	static
main.c:1074:13:MX_UART7_Init	8	static
main.c:1109:13:MX_USART1_UART_Init	8	static
main.c:1144:13:MX_USART6_UART_Init	8	static
main.c:1175:13:MX_FMC_Init	40	static
main.c:1226:13:MX_GPIO_Init	72	static
main.c:1413:6:StartDefaultTask	16	static
main.c:1431:6:GetTime	16	static
main.c:1449:6:MouseTask	16	static
main.c:1467:6:CatTask	16	static
main.c:1486:6:HAL_TIM_PeriodElapsedCallback	16	static
main.c:1503:6:Error_Handler	4	static,ignoring_inline_asm
