main.c:236:5:main	32	static
main.c:403:6:SystemClock_Config	216	static
main.c:478:13:MX_ADC1_Init	24	static
main.c:528:13:MX_ADC3_Init	24	static
main.c:578:13:MX_DAC_Init	16	static
main.c:616:13:MX_DMA2D_Init	8	static
main.c:653:13:MX_I2C1_Init	8	static
main.c:699:13:MX_I2C3_Init	8	static
main.c:745:13:MX_LTDC_Init	64	static
main.c:807:13:MX_RTC_Init	80	static
main.c:899:13:MX_SPI2_Init	8	static
main.c:939:13:MX_TIM1_Init	40	static
main.c:986:13:MX_TIM2_Init	40	static
main.c:1031:13:MX_TIM3_Init	88	static
main.c:1097:13:MX_TIM5_Init	40	static
main.c:1142:13:MX_TIM8_Init	112	static
main.c:1221:13:MX_UART7_Init	8	static
main.c:1256:13:MX_USART1_UART_Init	8	static
main.c:1291:13:MX_USART6_UART_Init	8	static
main.c:1322:13:MX_FMC_Init	40	static
main.c:1373:13:MX_GPIO_Init	72	static
main.c:1550:6:HAL_UART_RxCpltCallback	24	static
main.c:1573:6:StartDefaultTask	16	static
main.c:1591:6:GetTime	88	static
main.c:1844:6:HAL_TIM_PeriodElapsedCallback	16	static
main.c:1861:6:Error_Handler	4	static,ignoring_inline_asm
