Archive member included to satisfy reference by file (symbol)

c:/st/stm32cubeide_1.5.1/stm32cubeide/plugins/com.st.stm32cube.ide.mcu.externaltools.gnu-tools-for-stm32.9-2020-q2-update.win32_1.5.0.202011040924/tools/bin/../lib/gcc/arm-none-eabi/9.3.1/../../../../arm-none-eabi/lib/thumb/v7e-m+fp/hard\libc_nano.a(lib_a-exit.o)
                              c:/st/stm32cubeide_1.5.1/stm32cubeide/plugins/com.st.stm32cube.ide.mcu.externaltools.gnu-tools-for-stm32.9-2020-q2-update.win32_1.5.0.202011040924/tools/bin/../lib/gcc/arm-none-eabi/9.3.1/../../../../arm-none-eabi/lib/thumb/v7e-m+fp/hard/crt0.o (exit)
c:/st/stm32cubeide_1.5.1/stm32cubeide/plugins/com.st.stm32cube.ide.mcu.externaltools.gnu-tools-for-stm32.9-2020-q2-update.win32_1.5.0.202011040924/tools/bin/../lib/gcc/arm-none-eabi/9.3.1/../../../../arm-none-eabi/lib/thumb/v7e-m+fp/hard\libc_nano.a(lib_a-impure.o)
                              c:/st/stm32cubeide_1.5.1/stm32cubeide/plugins/com.st.stm32cube.ide.mcu.externaltools.gnu-tools-for-stm32.9-2020-q2-update.win32_1.5.0.202011040924/tools/bin/../lib/gcc/arm-none-eabi/9.3.1/../../../../arm-none-eabi/lib/thumb/v7e-m+fp/hard\libc_nano.a(lib_a-exit.o) (_global_impure_ptr)
c:/st/stm32cubeide_1.5.1/stm32cubeide/plugins/com.st.stm32cube.ide.mcu.externaltools.gnu-tools-for-stm32.9-2020-q2-update.win32_1.5.0.202011040924/tools/bin/../lib/gcc/arm-none-eabi/9.3.1/../../../../arm-none-eabi/lib/thumb/v7e-m+fp/hard\libc_nano.a(lib_a-init.o)
                              c:/st/stm32cubeide_1.5.1/stm32cubeide/plugins/com.st.stm32cube.ide.mcu.externaltools.gnu-tools-for-stm32.9-2020-q2-update.win32_1.5.0.202011040924/tools/bin/../lib/gcc/arm-none-eabi/9.3.1/../../../../arm-none-eabi/lib/thumb/v7e-m+fp/hard/crt0.o (__libc_init_array)
c:/st/stm32cubeide_1.5.1/stm32cubeide/plugins/com.st.stm32cube.ide.mcu.externaltools.gnu-tools-for-stm32.9-2020-q2-update.win32_1.5.0.202011040924/tools/bin/../lib/gcc/arm-none-eabi/9.3.1/../../../../arm-none-eabi/lib/thumb/v7e-m+fp/hard\libc_nano.a(lib_a-memcpy-stub.o)
                              Middlewares/Third_Party/FreeRTOS/Source/queue.o (memcpy)
c:/st/stm32cubeide_1.5.1/stm32cubeide/plugins/com.st.stm32cube.ide.mcu.externaltools.gnu-tools-for-stm32.9-2020-q2-update.win32_1.5.0.202011040924/tools/bin/../lib/gcc/arm-none-eabi/9.3.1/../../../../arm-none-eabi/lib/thumb/v7e-m+fp/hard\libc_nano.a(lib_a-memset.o)
                              c:/st/stm32cubeide_1.5.1/stm32cubeide/plugins/com.st.stm32cube.ide.mcu.externaltools.gnu-tools-for-stm32.9-2020-q2-update.win32_1.5.0.202011040924/tools/bin/../lib/gcc/arm-none-eabi/9.3.1/../../../../arm-none-eabi/lib/thumb/v7e-m+fp/hard/crt0.o (memset)
c:/st/stm32cubeide_1.5.1/stm32cubeide/plugins/com.st.stm32cube.ide.mcu.externaltools.gnu-tools-for-stm32.9-2020-q2-update.win32_1.5.0.202011040924/tools/bin/../lib/gcc/arm-none-eabi/9.3.1/thumb/v7e-m+fp/hard\libgcc.a(_aeabi_uldivmod.o)
                              Drivers/STM32F7xx_HAL_Driver/Src/stm32f7xx_hal_rcc.o (__aeabi_uldivmod)
c:/st/stm32cubeide_1.5.1/stm32cubeide/plugins/com.st.stm32cube.ide.mcu.externaltools.gnu-tools-for-stm32.9-2020-q2-update.win32_1.5.0.202011040924/tools/bin/../lib/gcc/arm-none-eabi/9.3.1/thumb/v7e-m+fp/hard\libgcc.a(_udivmoddi4.o)
                              c:/st/stm32cubeide_1.5.1/stm32cubeide/plugins/com.st.stm32cube.ide.mcu.externaltools.gnu-tools-for-stm32.9-2020-q2-update.win32_1.5.0.202011040924/tools/bin/../lib/gcc/arm-none-eabi/9.3.1/thumb/v7e-m+fp/hard\libgcc.a(_aeabi_uldivmod.o) (__udivmoddi4)
c:/st/stm32cubeide_1.5.1/stm32cubeide/plugins/com.st.stm32cube.ide.mcu.externaltools.gnu-tools-for-stm32.9-2020-q2-update.win32_1.5.0.202011040924/tools/bin/../lib/gcc/arm-none-eabi/9.3.1/thumb/v7e-m+fp/hard\libgcc.a(_dvmd_tls.o)
                              c:/st/stm32cubeide_1.5.1/stm32cubeide/plugins/com.st.stm32cube.ide.mcu.externaltools.gnu-tools-for-stm32.9-2020-q2-update.win32_1.5.0.202011040924/tools/bin/../lib/gcc/arm-none-eabi/9.3.1/thumb/v7e-m+fp/hard\libgcc.a(_aeabi_uldivmod.o) (__aeabi_ldiv0)
c:/st/stm32cubeide_1.5.1/stm32cubeide/plugins/com.st.stm32cube.ide.mcu.externaltools.gnu-tools-for-stm32.9-2020-q2-update.win32_1.5.0.202011040924/tools/bin/../lib/gcc/arm-none-eabi/9.3.1/../../../../arm-none-eabi/lib/thumb/v7e-m+fp/hard\libnosys.a(_exit.o)
                              c:/st/stm32cubeide_1.5.1/stm32cubeide/plugins/com.st.stm32cube.ide.mcu.externaltools.gnu-tools-for-stm32.9-2020-q2-update.win32_1.5.0.202011040924/tools/bin/../lib/gcc/arm-none-eabi/9.3.1/../../../../arm-none-eabi/lib/thumb/v7e-m+fp/hard\libc_nano.a(lib_a-exit.o) (_exit)

Allocating common symbols
Common symbol       size              file

SourisHandle        0x4               Core/Src/main.o
defaultTaskHandle   0x4               Core/Src/main.o
hi2c3               0x4c              Core/Src/main.o
hspi2               0x64              Core/Src/main.o
huart7              0x84              Core/Src/main.o
htim8               0x4c              Core/Src/main.o
[...]
Memory Configuration

Name             Origin             Length             Attributes
RAM              0x0000000020000000 0x0000000000050000 xrw
FLASH            0x0000000008000000 0x0000000000100000 xr
*default*        0x0000000000000000 0xffffffffffffffff

Linker script and memory map

LOAD c:/st/stm32cubeide_1.5.1/stm32cubeide/plugins/com.st.stm32cube.ide.mcu.externaltools.gnu-tools-for-stm32.9-2020-q2-update.win32_1.5.0.202011040924/tools/bin/../lib/gcc/arm-none-eabi/9.3.1/thumb/v7e-m+fp/hard/crti.o
LOAD c:/st/stm32cubeide_1.5.1/stm32cubeide/plugins/com.st.stm32cube.ide.mcu.externaltools.gnu-tools-for-stm32.9-2020-q2-update.win32_1.5.0.202011040924/tools/bin/../lib/gcc/arm-none-eabi/9.3.1/thumb/v7e-m+fp/hard/crtbegin.o
LOAD c:/st/stm32cubeide_1.5.1/stm32cubeide/plugins/com.st.stm32cube.ide.mcu.externaltools.gnu-tools-for-stm32.9-2020-q2-update.win32_1.5.0.202011040924/tools/bin/../lib/gcc/arm-none-eabi/9.3.1/../../../../arm-none-eabi/lib/thumb/v7e-m+fp/hard/crt0.o
LOAD Core/Src/freertos.o
LOAD Core/Src/main.o
LOAD Core/Src/stm32f7xx_hal_msp.o
LOAD Core/Src/stm32f7xx_hal_timebase_tim.o
LOAD Core/Src/stm32f7xx_it.o
LOAD Core/Src/system_stm32f7xx.o
LOAD Core/Startup/startup_stm32f746nghx.o
LOAD Drivers/STM32F7xx_HAL_Driver/Src/stm32f7xx_hal.o
LOAD Drivers/STM32F7xx_HAL_Driver/Src/stm32f7xx_hal_adc.o
LOAD Drivers/STM32F7xx_HAL_Driver/Src/stm32f7xx_hal_adc_ex.o
LOAD Drivers/STM32F7xx_HAL_Driver/Src/stm32f7xx_hal_cortex.o
LOAD Drivers/STM32F7xx_HAL_Driver/Src/stm32f7xx_hal_dac.o
LOAD Drivers/STM32F7xx_HAL_Driver/Src/stm32f7xx_hal_dac_ex.o
LOAD Drivers/STM32F7xx_HAL_Driver/Src/stm32f7xx_hal_dma.o
LOAD Drivers/STM32F7xx_HAL_Driver/Src/stm32f7xx_hal_dma2d.o
LOAD Drivers/STM32F7xx_HAL_Driver/Src/stm32f7xx_hal_dma_ex.o
LOAD Drivers/STM32F7xx_HAL_Driver/Src/stm32f7xx_hal_dsi.o
LOAD Drivers/STM32F7xx_HAL_Driver/Src/stm32f7xx_hal_exti.o
LOAD Drivers/STM32F7xx_HAL_Driver/Src/stm32f7xx_hal_flash.o
LOAD Drivers/STM32F7xx_HAL_Driver/Src/stm32f7xx_hal_flash_ex.o
LOAD Drivers/STM32F7xx_HAL_Driver/Src/stm32f7xx_hal_gpio.o
LOAD Drivers/STM32F7xx_HAL_Driver/Src/stm32f7xx_hal_i2c.o
LOAD Drivers/STM32F7xx_HAL_Driver/Src/stm32f7xx_hal_i2c_ex.o
LOAD Drivers/STM32F7xx_HAL_Driver/Src/stm32f7xx_hal_ltdc.o
LOAD Drivers/STM32F7xx_HAL_Driver/Src/stm32f7xx_hal_ltdc_ex.o
LOAD Drivers/STM32F7xx_HAL_Driver/Src/stm32f7xx_hal_pwr.o
LOAD Drivers/STM32F7xx_HAL_Driver/Src/stm32f7xx_hal_pwr_ex.o
LOAD Drivers/STM32F7xx_HAL_Driver/Src/stm32f7xx_hal_rcc.o
LOAD Drivers/STM32F7xx_HAL_Driver/Src/stm32f7xx_hal_rcc_ex.o
LOAD Drivers/STM32F7xx_HAL_Driver/Src/stm32f7xx_hal_rtc.o
LOAD Drivers/STM32F7xx_HAL_Driver/Src/stm32f7xx_hal_rtc_ex.o
LOAD Drivers/STM32F7xx_HAL_Driver/Src/stm32f7xx_hal_sdram.o
LOAD Drivers/STM32F7xx_HAL_Driver/Src/stm32f7xx_hal_spi.o
LOAD Drivers/STM32F7xx_HAL_Driver/Src/stm32f7xx_hal_spi_ex.o
LOAD Drivers/STM32F7xx_HAL_Driver/Src/stm32f7xx_hal_tim.o
LOAD Drivers/STM32F7xx_HAL_Driver/Src/stm32f7xx_hal_tim_ex.o
LOAD Drivers/STM32F7xx_HAL_Driver/Src/stm32f7xx_hal_uart.o
LOAD Drivers/STM32F7xx_HAL_Driver/Src/stm32f7xx_hal_uart_ex.o
LOAD Drivers/STM32F7xx_HAL_Driver/Src/stm32f7xx_ll_fmc.o
LOAD Middlewares/Third_Party/FreeRTOS/Source/CMSIS_RTOS/cmsis_os.o
LOAD Middlewares/Third_Party/FreeRTOS/Source/croutine.o
LOAD Middlewares/Third_Party/FreeRTOS/Source/event_groups.o
LOAD Middlewares/Third_Party/FreeRTOS/Source/list.o
LOAD Middlewares/Third_Party/FreeRTOS/Source/queue.o
LOAD Middlewares/Third_Party/FreeRTOS/Source/stream_buffer.o
LOAD Middlewares/Third_Party/FreeRTOS/Source/tasks.o
LOAD Middlewares/Third_Party/FreeRTOS/Source/timers.o
LOAD Middlewares/Third_Party/FreeRTOS/Source/portable/GCC/ARM_CM7/r0p1/port.o
LOAD Middlewares/Third_Party/FreeRTOS/Source/portable/MemMang/heap_4.o
START GROUP
LOAD c:/st/stm32cubeide_1.5.1/stm32cubeide/plugins/com.st.stm32cube.ide.mcu.externaltools.gnu-tools-for-stm32.9-2020-q2-update.win32_1.5.0.202011040924/tools/bin/../lib/gcc/arm-none-eabi/9.3.1/../../../../arm-none-eabi/lib/thumb/v7e-m+fp/hard\libc_nano.a
LOAD c:/st/stm32cubeide_1.5.1/stm32cubeide/plugins/com.st.stm32cube.ide.mcu.externaltools.gnu-tools-for-stm32.9-2020-q2-update.win32_1.5.0.202011040924/tools/bin/../lib/gcc/arm-none-eabi/9.3.1/../../../../arm-none-eabi/lib/thumb/v7e-m+fp/hard\libm.a
END GROUP
START GROUP
LOAD c:/st/stm32cubeide_1.5.1/stm32cubeide/plugins/com.st.stm32cube.ide.mcu.externaltools.gnu-tools-for-stm32.9-2020-q2-update.win32_1.5.0.202011040924/tools/bin/../lib/gcc/arm-none-eabi/9.3.1/thumb/v7e-m+fp/hard\libgcc.a
LOAD c:/st/stm32cubeide_1.5.1/stm32cubeide/plugins/com.st.stm32cube.ide.mcu.externaltools.gnu-tools-for-stm32.9-2020-q2-update.win32_1.5.0.202011040924/tools/bin/../lib/gcc/arm-none-eabi/9.3.1/../../../../arm-none-eabi/lib/thumb/v7e-m+fp/hard\libc_nano.a
END GROUP
START GROUP
LOAD c:/st/stm32cubeide_1.5.1/stm32cubeide/plugins/com.st.stm32cube.ide.mcu.externaltools.gnu-tools-for-stm32.9-2020-q2-update.win32_1.5.0.202011040924/tools/bin/../lib/gcc/arm-none-eabi/9.3.1/thumb/v7e-m+fp/hard\libgcc.a
LOAD c:/st/stm32cubeide_1.5.1/stm32cubeide/plugins/com.st.stm32cube.ide.mcu.externaltools.gnu-tools-for-stm32.9-2020-q2-update.win32_1.5.0.202011040924/tools/bin/../lib/gcc/arm-none-eabi/9.3.1/../../../../arm-none-eabi/lib/thumb/v7e-m+fp/hard\libc_nano.a
LOAD c:/st/stm32cubeide_1.5.1/stm32cubeide/plugins/com.st.stm32cube.ide.mcu.externaltools.gnu-tools-for-stm32.9-2020-q2-update.win32_1.5.0.202011040924/tools/bin/../lib/gcc/arm-none-eabi/9.3.1/../../../../arm-none-eabi/lib/thumb/v7e-m+fp/hard\libnosys.a
END GROUP
START GROUP
LOAD c:/st/stm32cubeide_1.5.1/stm32cubeide/plugins/com.st.stm32cube.ide.mcu.externaltools.gnu-tools-for-stm32.9-2020-q2-update.win32_1.5.0.202011040924/tools/bin/../lib/gcc/arm-none-eabi/9.3.1/thumb/v7e-m+fp/hard\libgcc.a
LOAD c:/st/stm32cubeide_1.5.1/stm32cubeide/plugins/com.st.stm32cube.ide.mcu.externaltools.gnu-tools-for-stm32.9-2020-q2-update.win32_1.5.0.202011040924/tools/bin/../lib/gcc/arm-none-eabi/9.3.1/../../../../arm-none-eabi/lib/thumb/v7e-m+fp/hard\libc_nano.a
LOAD c:/st/stm32cubeide_1.5.1/stm32cubeide/plugins/com.st.stm32cube.ide.mcu.externaltools.gnu-tools-for-stm32.9-2020-q2-update.win32_1.5.0.202011040924/tools/bin/../lib/gcc/arm-none-eabi/9.3.1/../../../../arm-none-eabi/lib/thumb/v7e-m+fp/hard\libnosys.a
END GROUP
LOAD c:/st/stm32cubeide_1.5.1/stm32cubeide/plugins/com.st.stm32cube.ide.mcu.externaltools.gnu-tools-for-stm32.9-2020-q2-update.win32_1.5.0.202011040924/tools/bin/../lib/gcc/arm-none-eabi/9.3.1/thumb/v7e-m+fp/hard/crtend.o
LOAD c:/st/stm32cubeide_1.5.1/stm32cubeide/plugins/com.st.stm32cube.ide.mcu.externaltools.gnu-tools-for-stm32.9-2020-q2-update.win32_1.5.0.202011040924/tools/bin/../lib/gcc/arm-none-eabi/9.3.1/thumb/v7e-m+fp/hard/crtn.o
                0x0000000020050000                _estack = (ORIGIN (RAM) + LENGTH (RAM))
                0x0000000000000200                _Min_Heap_Size = 0x200
                0x0000000000000400                _Min_Stack_Size = 0x400

.isr_vector     0x0000000008000000      0x1c8
                0x0000000008000000                . = ALIGN (0x4)
 *(.isr_vector)
 .isr_vector    0x0000000008000000      0x1c8 Core/Startup/startup_stm32f746nghx.o
                0x0000000008000000                g_pfnVectors
                0x00000000080001c8                . = ALIGN (0x4)

.text           0x00000000080001d0     0x98f0
                0x00000000080001d0                . = ALIGN (0x4)
 *(.text)
 .text          0x00000000080001d0       0x40 c:/st/stm32cubeide_1.5.1/stm32cubeide/plugins/com.st.stm32cube.ide.mcu.externaltools.gnu-tools-for-stm32.9-2020-q2-update.win32_1.5.0.202011040924/tools/bin/../lib/gcc/arm-none-eabi/9.3.1/thumb/v7e-m+fp/hard/crtbegin.o
 .text          0x0000000008000210       0x30 c:/st/stm32cubeide_1.5.1/stm32cubeide/plugins/com.st.stm32cube.ide.mcu.externaltools.gnu-tools-for-stm32.9-2020-q2-update.win32_1.5.0.202011040924/tools/bin/../lib/gcc/arm-none-eabi/9.3.1/thumb/v7e-m+fp/hard\libgcc.a(_aeabi_uldivmod.o)
                0x0000000008000210                __aeabi_uldivmod
 .text          0x0000000008000240      0x2c4 c:/st/stm32cubeide_1.5.1/stm32cubeide/plugins/com.st.stm32cube.ide.mcu.externaltools.gnu-tools-for-stm32.9-2020-q2-update.win32_1.5.0.202011040924/tools/bin/../lib/gcc/arm-none-eabi/9.3.1/thumb/v7e-m+fp/hard\libgcc.a(_udivmoddi4.o)
                0x0000000008000240                __udivmoddi4
 .text          0x0000000008000504        0x4 c:/st/stm32cubeide_1.5.1/stm32cubeide/plugins/com.st.stm32cube.ide.mcu.externaltools.gnu-tools-for-stm32.9-2020-q2-update.win32_1.5.0.202011040924/tools/bin/../lib/gcc/arm-none-eabi/9.3.1/thumb/v7e-m+fp/hard\libgcc.a(_dvmd_tls.o)
                0x0000000008000504                __aeabi_idiv0
                0x0000000008000504                __aeabi_ldiv0
 *(.text*)
 .text.vApplicationGetIdleTaskMemory
                0x0000000008000508       0x34 Core/Src/freertos.o
                0x0000000008000508                vApplicationGetIdleTaskMemory
 .text.main     0x000000000800053c      0x184 Core/Src/main.o
                0x000000000800053c                main
 .text.SystemClock_Config
                0x00000000080006c0      0x160 Core/Src/main.o
                0x00000000080006c0                SystemClock_Config
 .text.MX_NVIC_Init
                0x0000000008000820       0x28 Core/Src/main.o
 .text.MX_ADC1_Init
                0x0000000008000848       0xa4 Core/Src/main.o
 .text.MX_ADC3_Init
                0x00000000080008ec       0xa4 Core/Src/main.o
 .text.MX_DAC_Init
                0x0000000008000990       0x54 Core/Src/main.o
 .text.MX_DMA2D_Init
                0x00000000080009e4       0x64 Core/Src/main.o
 .text.MX_I2C1_Init
                0x0000000008000a48       0x80 Core/Src/main.o
 .text.MX_I2C3_Init
                0x0000000008000ac8       0x80 Core/Src/main.o
 .text.MX_LTDC_Init
                0x0000000008000b48      0x104 Core/Src/main.o
 .text.MX_RTC_Init
                0x0000000008000c4c      0x14c Core/Src/main.o
 .text.MX_SPI2_Init
                0x0000000008000d98       0x7c Core/Src/main.o
 .text.MX_TIM1_Init
                0x0000000008000e14       0xa8 Core/Src/main.o
 .text.MX_TIM2_Init
                0x0000000008000ebc       0x9c Core/Src/main.o
 .text.MX_TIM3_Init
                0x0000000008000f58      0x11c Core/Src/main.o
 .text.MX_TIM5_Init
                0x0000000008001074       0x9c Core/Src/main.o
 .text.MX_TIM8_Init
                0x0000000008001110      0x154 Core/Src/main.o
 .text.MX_UART7_Init
                0x0000000008001264       0x60 Core/Src/main.o
 .text.MX_USART1_UART_Init
                0x00000000080012c4       0x60 Core/Src/main.o
 .text.MX_USART6_UART_Init
                0x0000000008001324       0x60 Core/Src/main.o
 .text.MX_FMC_Init
                0x0000000008001384       0x9c Core/Src/main.o
 .text.MX_GPIO_Init
                0x0000000008001420      0x3dc Core/Src/main.o
 .text.StartDefaultTask
                0x00000000080017fc       0x10 Core/Src/main.o
                0x00000000080017fc                StartDefaultTask
 .text.GetTime  0x000000000800180c       0x10 Core/Src/main.o
                0x000000000800180c                GetTime
 .text.MouseTask
                0x000000000800181c       0x10 Core/Src/main.o
                0x000000000800181c                MouseTask
 .text.CatTask  0x000000000800182c       0x10 Core/Src/main.o
                0x000000000800182c                CatTask
 .text.HAL_TIM_PeriodElapsedCallback
                0x000000000800183c       0x24 Core/Src/main.o
                0x000000000800183c                HAL_TIM_PeriodElapsedCallback
 .text.Error_Handler
                0x0000000008001860        0xa Core/Src/main.o
                0x0000000008001860                Error_Handler
 *fill*         0x000000000800186a        0x2 
 .text.HAL_MspInit
                0x000000000800186c       0x50 Core/Src/stm32f7xx_hal_msp.o
                0x000000000800186c                HAL_MspInit
 .text.HAL_ADC_MspInit
                0x00000000080018bc       0xdc Core/Src/stm32f7xx_hal_msp.o
                0x00000000080018bc                HAL_ADC_MspInit
 .text.HAL_DAC_MspInit
                0x0000000008001998       0x90 Core/Src/stm32f7xx_hal_msp.o
                0x0000000008001998                HAL_DAC_MspInit
 .text.HAL_DMA2D_MspInit
                0x0000000008001a28       0x40 Core/Src/stm32f7xx_hal_msp.o
                0x0000000008001a28                HAL_DMA2D_MspInit
 .text.HAL_I2C_MspInit
                0x0000000008001a68       0xf0 Core/Src/stm32f7xx_hal_msp.o
                0x0000000008001a68                HAL_I2C_MspInit
 .text.HAL_LTDC_MspInit
                0x0000000008001b58      0x190 Core/Src/stm32f7xx_hal_msp.o
                0x0000000008001b58                HAL_LTDC_MspInit
 .text.HAL_RTC_MspInit
                0x0000000008001ce8       0x34 Core/Src/stm32f7xx_hal_msp.o
                0x0000000008001ce8                HAL_RTC_MspInit
 .text.HAL_SPI_MspInit
                0x0000000008001d1c       0xe4 Core/Src/stm32f7xx_hal_msp.o
                0x0000000008001d1c                HAL_SPI_MspInit
 .text.HAL_TIM_Base_MspInit
                0x0000000008001e00       0xdc Core/Src/stm32f7xx_hal_msp.o
                0x0000000008001e00                HAL_TIM_Base_MspInit
 .text.HAL_TIM_MspPostInit
                0x0000000008001edc       0xbc Core/Src/stm32f7xx_hal_msp.o
                0x0000000008001edc                HAL_TIM_MspPostInit
 .text.HAL_UART_MspInit
                0x0000000008001f98      0x19c Core/Src/stm32f7xx_hal_msp.o
                0x0000000008001f98                HAL_UART_MspInit
 .text.HAL_FMC_MspInit
                0x0000000008002134      0x120 Core/Src/stm32f7xx_hal_msp.o
 .text.HAL_SDRAM_MspInit
                0x0000000008002254       0x14 Core/Src/stm32f7xx_hal_msp.o
                0x0000000008002254                HAL_SDRAM_MspInit
 .text.HAL_InitTick
                0x0000000008002268       0xb0 Core/Src/stm32f7xx_hal_timebase_tim.o
                0x0000000008002268                HAL_InitTick
 .text.NMI_Handler
                0x0000000008002318        0x6 Core/Src/stm32f7xx_it.o
                0x0000000008002318                NMI_Handler
 .text.HardFault_Handler
                0x000000000800231e        0x6 Core/Src/stm32f7xx_it.o
                0x000000000800231e                HardFault_Handler
 .text.MemManage_Handler
                0x0000000008002324        0x6 Core/Src/stm32f7xx_it.o
                0x0000000008002324                MemManage_Handler
 .text.BusFault_Handler
                0x000000000800232a        0x6 Core/Src/stm32f7xx_it.o
                0x000000000800232a                BusFault_Handler
 .text.UsageFault_Handler
                0x0000000008002330        0x6 Core/Src/stm32f7xx_it.o
                0x0000000008002330                UsageFault_Handler
 .text.DebugMon_Handler
                0x0000000008002336        0xe Core/Src/stm32f7xx_it.o
                0x0000000008002336                DebugMon_Handler
 .text.EXTI9_5_IRQHandler
                0x0000000008002344       0x10 Core/Src/stm32f7xx_it.o
                0x0000000008002344                EXTI9_5_IRQHandler
 .text.USART1_IRQHandler
                0x0000000008002354       0x14 Core/Src/stm32f7xx_it.o
                0x0000000008002354                USART1_IRQHandler
 .text.EXTI15_10_IRQHandler
                0x0000000008002368       0x10 Core/Src/stm32f7xx_it.o
                0x0000000008002368                EXTI15_10_IRQHandler
 .text.TIM6_DAC_IRQHandler
                0x0000000008002378       0x28 Core/Src/stm32f7xx_it.o
                0x0000000008002378                TIM6_DAC_IRQHandler
 .text.LTDC_IRQHandler
                0x00000000080023a0       0x14 Core/Src/stm32f7xx_it.o
                0x00000000080023a0                LTDC_IRQHandler
 .text.SystemInit
                0x00000000080023b4       0x24 Core/Src/system_stm32f7xx.o
                0x00000000080023b4                SystemInit
 .text.Reset_Handler
                0x00000000080023d8       0x50 Core/Startup/startup_stm32f746nghx.o
                0x00000000080023d8                Reset_Handler
 .text.Default_Handler
                0x0000000008002428        0x2 Core/Startup/startup_stm32f746nghx.o
                0x0000000008002428                RTC_Alarm_IRQHandler
                0x0000000008002428                EXTI2_IRQHandler
                0x0000000008002428                TIM8_CC_IRQHandler
                0x0000000008002428                UART8_IRQHandler
                0x0000000008002428                SPI4_IRQHandler
                0x0000000008002428                TIM1_CC_IRQHandler
                0x0000000008002428                DMA2_Stream5_IRQHandler
                0x0000000008002428                DMA1_Stream5_IRQHandler
                0x0000000008002428                PVD_IRQHandler
                0x0000000008002428                TAMP_STAMP_IRQHandler
                0x0000000008002428                CAN2_RX1_IRQHandler
                0x0000000008002428                EXTI3_IRQHandler
                0x0000000008002428                TIM8_TRG_COM_TIM14_IRQHandler
                0x0000000008002428                TIM1_UP_TIM10_IRQHandler
                0x0000000008002428                TIM8_UP_TIM13_IRQHandler
                0x0000000008002428                I2C3_ER_IRQHandler
                0x0000000008002428                EXTI0_IRQHandler
                0x0000000008002428                I2C2_EV_IRQHandler
                0x0000000008002428                DMA1_Stream2_IRQHandler
                0x0000000008002428                CAN1_RX0_IRQHandler
                0x0000000008002428                FPU_IRQHandler
                0x0000000008002428                OTG_HS_WKUP_IRQHandler
                0x0000000008002428                LTDC_ER_IRQHandler
                0x0000000008002428                CAN2_SCE_IRQHandler
                0x0000000008002428                DMA2_Stream2_IRQHandler
                0x0000000008002428                SPI1_IRQHandler
                0x0000000008002428                TIM1_BRK_TIM9_IRQHandler
                0x0000000008002428                DCMI_IRQHandler
                0x0000000008002428                CAN2_RX0_IRQHandler
                0x0000000008002428                DMA2_Stream3_IRQHandler
                0x0000000008002428                SAI2_IRQHandler
                0x0000000008002428                USART6_IRQHandler
                0x0000000008002428                USART3_IRQHandler
                0x0000000008002428                CAN1_RX1_IRQHandler
                0x0000000008002428                UART5_IRQHandler
                0x0000000008002428                DMA2_Stream0_IRQHandler
                0x0000000008002428                TIM4_IRQHandler
                0x0000000008002428                QUADSPI_IRQHandler
                0x0000000008002428                I2C1_EV_IRQHandler
                0x0000000008002428                DMA1_Stream6_IRQHandler
                0x0000000008002428                DMA1_Stream1_IRQHandler
                0x0000000008002428                UART4_IRQHandler
                0x0000000008002428                TIM3_IRQHandler
                0x0000000008002428                RCC_IRQHandler
                0x0000000008002428                TIM8_BRK_TIM12_IRQHandler
                0x0000000008002428                Default_Handler
                0x0000000008002428                CEC_IRQHandler
                0x0000000008002428                ADC_IRQHandler
                0x0000000008002428                DMA1_Stream7_IRQHandler
                0x0000000008002428                SPI5_IRQHandler
                0x0000000008002428                TIM7_IRQHandler
                0x0000000008002428                SDMMC1_IRQHandler
                0x0000000008002428                CAN2_TX_IRQHandler
                0x0000000008002428                TIM5_IRQHandler
                0x0000000008002428                DMA2_Stream7_IRQHandler
                0x0000000008002428                I2C3_EV_IRQHandler
                0x0000000008002428                RTC_WKUP_IRQHandler
                0x0000000008002428                ETH_WKUP_IRQHandler
                0x0000000008002428                SPDIF_RX_IRQHandler
                0x0000000008002428                SPI2_IRQHandler
                0x0000000008002428                OTG_HS_EP1_IN_IRQHandler
                0x0000000008002428                DMA1_Stream0_IRQHandler
                0x0000000008002428                CAN1_TX_IRQHandler
                0x0000000008002428                EXTI4_IRQHandler
                0x0000000008002428                RNG_IRQHandler
                0x0000000008002428                ETH_IRQHandler
                0x0000000008002428                OTG_HS_EP1_OUT_IRQHandler
                0x0000000008002428                WWDG_IRQHandler
                0x0000000008002428                SPI6_IRQHandler
                0x0000000008002428                I2C4_EV_IRQHandler
                0x0000000008002428                TIM2_IRQHandler
                0x0000000008002428                OTG_FS_WKUP_IRQHandler
                0x0000000008002428                TIM1_TRG_COM_TIM11_IRQHandler
                0x0000000008002428                OTG_HS_IRQHandler
                0x0000000008002428                DMA2D_IRQHandler
                0x0000000008002428                EXTI1_IRQHandler
                0x0000000008002428                UART7_IRQHandler
                0x0000000008002428                USART2_IRQHandler
                0x0000000008002428                I2C2_ER_IRQHandler
                0x0000000008002428                DMA2_Stream1_IRQHandler
                0x0000000008002428                CAN1_SCE_IRQHandler
                0x0000000008002428                FLASH_IRQHandler
                0x0000000008002428                DMA2_Stream4_IRQHandler
                0x0000000008002428                OTG_FS_IRQHandler
                0x0000000008002428                SPI3_IRQHandler
                0x0000000008002428                DMA1_Stream4_IRQHandler
                0x0000000008002428                I2C1_ER_IRQHandler
                0x0000000008002428                FMC_IRQHandler
                0x0000000008002428                LPTIM1_IRQHandler
                0x0000000008002428                I2C4_ER_IRQHandler
                0x0000000008002428                DMA2_Stream6_IRQHandler
                0x0000000008002428                SAI1_IRQHandler
                0x0000000008002428                DMA1_Stream3_IRQHandler
 .text.HAL_Init
                0x000000000800242a       0x1a Drivers/STM32F7xx_HAL_Driver/Src/stm32f7xx_hal.o
                0x000000000800242a                HAL_Init
 .text.HAL_IncTick
                0x0000000008002444       0x28 Drivers/STM32F7xx_HAL_Driver/Src/stm32f7xx_hal.o
                0x0000000008002444                HAL_IncTick
 .text.HAL_GetTick
                0x000000000800246c       0x18 Drivers/STM32F7xx_HAL_Driver/Src/stm32f7xx_hal.o
                0x000000000800246c                HAL_GetTick
 .text.HAL_ADC_Init
                0x0000000008002484       0x88 Drivers/STM32F7xx_HAL_Driver/Src/stm32f7xx_hal_adc.o
                0x0000000008002484                HAL_ADC_Init
 .text.HAL_ADC_ConfigChannel
                0x000000000800250c      0x294 Drivers/STM32F7xx_HAL_Driver/Src/stm32f7xx_hal_adc.o
                0x000000000800250c                HAL_ADC_ConfigChannel
 .text.ADC_Init
                0x00000000080027a0      0x1f4 Drivers/STM32F7xx_HAL_Driver/Src/stm32f7xx_hal_adc.o
 .text.__NVIC_SetPriorityGrouping
                0x0000000008002994       0x48 Drivers/STM32F7xx_HAL_Driver/Src/stm32f7xx_hal_cortex.o
 .text.__NVIC_GetPriorityGrouping
                0x00000000080029dc       0x1c Drivers/STM32F7xx_HAL_Driver/Src/stm32f7xx_hal_cortex.o
 .text.__NVIC_EnableIRQ
                0x00000000080029f8       0x3c Drivers/STM32F7xx_HAL_Driver/Src/stm32f7xx_hal_cortex.o
 .text.__NVIC_SetPriority
                0x0000000008002a34       0x54 Drivers/STM32F7xx_HAL_Driver/Src/stm32f7xx_hal_cortex.o
 .text.NVIC_EncodePriority
                0x0000000008002a88       0x66 Drivers/STM32F7xx_HAL_Driver/Src/stm32f7xx_hal_cortex.o
 .text.HAL_NVIC_SetPriorityGrouping
                0x0000000008002aee       0x16 Drivers/STM32F7xx_HAL_Driver/Src/stm32f7xx_hal_cortex.o
                0x0000000008002aee                HAL_NVIC_SetPriorityGrouping
 .text.HAL_NVIC_SetPriority
                0x0000000008002b04       0x38 Drivers/STM32F7xx_HAL_Driver/Src/stm32f7xx_hal_cortex.o
                0x0000000008002b04                HAL_NVIC_SetPriority
 .text.HAL_NVIC_EnableIRQ
                0x0000000008002b3c       0x1c Drivers/STM32F7xx_HAL_Driver/Src/stm32f7xx_hal_cortex.o
                0x0000000008002b3c                HAL_NVIC_EnableIRQ
 .text.HAL_DAC_Init
                0x0000000008002b58       0x44 Drivers/STM32F7xx_HAL_Driver/Src/stm32f7xx_hal_dac.o
                0x0000000008002b58                HAL_DAC_Init
 .text.HAL_DAC_IRQHandler
                0x0000000008002b9c       0xb4 Drivers/STM32F7xx_HAL_Driver/Src/stm32f7xx_hal_dac.o
                0x0000000008002b9c                HAL_DAC_IRQHandler
 .text.HAL_DAC_DMAUnderrunCallbackCh1
                0x0000000008002c50       0x14 Drivers/STM32F7xx_HAL_Driver/Src/stm32f7xx_hal_dac.o
                0x0000000008002c50                HAL_DAC_DMAUnderrunCallbackCh1
 .text.HAL_DAC_ConfigChannel
                0x0000000008002c64       0x9e Drivers/STM32F7xx_HAL_Driver/Src/stm32f7xx_hal_dac.o
                0x0000000008002c64                HAL_DAC_ConfigChannel
 .text.HAL_DACEx_DMAUnderrunCallbackCh2
                0x0000000008002d02       0x14 Drivers/STM32F7xx_HAL_Driver/Src/stm32f7xx_hal_dac_ex.o
                0x0000000008002d02                HAL_DACEx_DMAUnderrunCallbackCh2
 .text.HAL_DMA_Abort
                0x0000000008002d16       0xe0 Drivers/STM32F7xx_HAL_Driver/Src/stm32f7xx_hal_dma.o
                0x0000000008002d16                HAL_DMA_Abort
 .text.HAL_DMA_Abort_IT
                0x0000000008002df6       0x44 Drivers/STM32F7xx_HAL_Driver/Src/stm32f7xx_hal_dma.o
                0x0000000008002df6                HAL_DMA_Abort_IT
 *fill*         0x0000000008002e3a        0x2 
 .text.HAL_DMA2D_Init
                0x0000000008002e3c       0x94 Drivers/STM32F7xx_HAL_Driver/Src/stm32f7xx_hal_dma2d.o
                0x0000000008002e3c                HAL_DMA2D_Init
 .text.HAL_DMA2D_ConfigLayer
                0x0000000008002ed0      0x124 Drivers/STM32F7xx_HAL_Driver/Src/stm32f7xx_hal_dma2d.o
                0x0000000008002ed0                HAL_DMA2D_ConfigLayer
 .text.HAL_GPIO_Init
                0x0000000008002ff4      0x358 Drivers/STM32F7xx_HAL_Driver/Src/stm32f7xx_hal_gpio.o
                0x0000000008002ff4                HAL_GPIO_Init
 .text.HAL_GPIO_WritePin
                0x000000000800334c       0x32 Drivers/STM32F7xx_HAL_Driver/Src/stm32f7xx_hal_gpio.o
                0x000000000800334c                HAL_GPIO_WritePin
 *fill*         0x000000000800337e        0x2 
 .text.HAL_GPIO_EXTI_IRQHandler
                0x0000000008003380       0x30 Drivers/STM32F7xx_HAL_Driver/Src/stm32f7xx_hal_gpio.o
                0x0000000008003380                HAL_GPIO_EXTI_IRQHandler
 .text.HAL_GPIO_EXTI_Callback
                0x00000000080033b0       0x16 Drivers/STM32F7xx_HAL_Driver/Src/stm32f7xx_hal_gpio.o
                0x00000000080033b0                HAL_GPIO_EXTI_Callback
 *fill*         0x00000000080033c6        0x2 
 .text.HAL_I2C_Init
                0x00000000080033c8      0x120 Drivers/STM32F7xx_HAL_Driver/Src/stm32f7xx_hal_i2c.o
                0x00000000080033c8                HAL_I2C_Init
 .text.HAL_I2CEx_ConfigAnalogFilter
                0x00000000080034e8       0x96 Drivers/STM32F7xx_HAL_Driver/Src/stm32f7xx_hal_i2c_ex.o
                0x00000000080034e8                HAL_I2CEx_ConfigAnalogFilter
 .text.HAL_I2CEx_ConfigDigitalFilter
                0x000000000800357e       0x98 Drivers/STM32F7xx_HAL_Driver/Src/stm32f7xx_hal_i2c_ex.o
                0x000000000800357e                HAL_I2CEx_ConfigDigitalFilter
 *fill*         0x0000000008003616        0x2 
 .text.HAL_LTDC_Init
                0x0000000008003618      0x1a0 Drivers/STM32F7xx_HAL_Driver/Src/stm32f7xx_hal_ltdc.o
                0x0000000008003618                HAL_LTDC_Init
 .text.HAL_LTDC_IRQHandler
                0x00000000080037b8      0x148 Drivers/STM32F7xx_HAL_Driver/Src/stm32f7xx_hal_ltdc.o
                0x00000000080037b8                HAL_LTDC_IRQHandler
 .text.HAL_LTDC_ErrorCallback
                0x0000000008003900       0x14 Drivers/STM32F7xx_HAL_Driver/Src/stm32f7xx_hal_ltdc.o
                0x0000000008003900                HAL_LTDC_ErrorCallback
 .text.HAL_LTDC_LineEventCallback
                0x0000000008003914       0x14 Drivers/STM32F7xx_HAL_Driver/Src/stm32f7xx_hal_ltdc.o
                0x0000000008003914                HAL_LTDC_LineEventCallback
 .text.HAL_LTDC_ReloadEventCallback
                0x0000000008003928       0x14 Drivers/STM32F7xx_HAL_Driver/Src/stm32f7xx_hal_ltdc.o
                0x0000000008003928                HAL_LTDC_ReloadEventCallback
 .text.HAL_LTDC_ConfigLayer
                0x000000000800393c       0x7c Drivers/STM32F7xx_HAL_Driver/Src/stm32f7xx_hal_ltdc.o
                0x000000000800393c                HAL_LTDC_ConfigLayer
 .text.LTDC_SetConfig
                0x00000000080039b8      0x334 Drivers/STM32F7xx_HAL_Driver/Src/stm32f7xx_hal_ltdc.o
 .text.HAL_PWR_EnableBkUpAccess
                0x0000000008003cec       0x20 Drivers/STM32F7xx_HAL_Driver/Src/stm32f7xx_hal_pwr.o
                0x0000000008003cec                HAL_PWR_EnableBkUpAccess
 .text.HAL_PWREx_EnableOverDrive
                0x0000000008003d0c       0xa0 Drivers/STM32F7xx_HAL_Driver/Src/stm32f7xx_hal_pwr_ex.o
                0x0000000008003d0c                HAL_PWREx_EnableOverDrive
 .text.HAL_RCC_OscConfig
                0x0000000008003dac      0x548 Drivers/STM32F7xx_HAL_Driver/Src/stm32f7xx_hal_rcc.o
                0x0000000008003dac                HAL_RCC_OscConfig
 .text.HAL_RCC_ClockConfig
                0x00000000080042f4      0x1d8 Drivers/STM32F7xx_HAL_Driver/Src/stm32f7xx_hal_rcc.o
                0x00000000080042f4                HAL_RCC_ClockConfig
 .text.HAL_RCC_GetSysClockFreq
                0x00000000080044cc      0x16c Drivers/STM32F7xx_HAL_Driver/Src/stm32f7xx_hal_rcc.o
                0x00000000080044cc                HAL_RCC_GetSysClockFreq
 .text.HAL_RCC_GetHCLKFreq
                0x0000000008004638       0x18 Drivers/STM32F7xx_HAL_Driver/Src/stm32f7xx_hal_rcc.o
                0x0000000008004638                HAL_RCC_GetHCLKFreq
 .text.HAL_RCC_GetPCLK1Freq
                0x0000000008004650       0x28 Drivers/STM32F7xx_HAL_Driver/Src/stm32f7xx_hal_rcc.o
                0x0000000008004650                HAL_RCC_GetPCLK1Freq
 .text.HAL_RCC_GetPCLK2Freq
                0x0000000008004678       0x28 Drivers/STM32F7xx_HAL_Driver/Src/stm32f7xx_hal_rcc.o
                0x0000000008004678                HAL_RCC_GetPCLK2Freq
 .text.HAL_RCC_GetClockConfig
                0x00000000080046a0       0x64 Drivers/STM32F7xx_HAL_Driver/Src/stm32f7xx_hal_rcc.o
                0x00000000080046a0                HAL_RCC_GetClockConfig
 .text.HAL_RCCEx_PeriphCLKConfig
                0x0000000008004704      0x7e0 Drivers/STM32F7xx_HAL_Driver/Src/stm32f7xx_hal_rcc_ex.o
                0x0000000008004704                HAL_RCCEx_PeriphCLKConfig
 .text.HAL_RTC_Init
                0x0000000008004ee4      0x124 Drivers/STM32F7xx_HAL_Driver/Src/stm32f7xx_hal_rtc.o
                0x0000000008004ee4                HAL_RTC_Init
 .text.HAL_RTC_SetTime
                0x0000000008005008      0x17c Drivers/STM32F7xx_HAL_Driver/Src/stm32f7xx_hal_rtc.o
                0x0000000008005008                HAL_RTC_SetTime
 .text.HAL_RTC_SetDate
                0x0000000008005184      0x150 Drivers/STM32F7xx_HAL_Driver/Src/stm32f7xx_hal_rtc.o
                0x0000000008005184                HAL_RTC_SetDate
 .text.HAL_RTC_SetAlarm
                0x00000000080052d4      0x230 Drivers/STM32F7xx_HAL_Driver/Src/stm32f7xx_hal_rtc.o
                0x00000000080052d4                HAL_RTC_SetAlarm
 .text.HAL_RTC_WaitForSynchro
                0x0000000008005504       0x50 Drivers/STM32F7xx_HAL_Driver/Src/stm32f7xx_hal_rtc.o
                0x0000000008005504                HAL_RTC_WaitForSynchro
 .text.RTC_EnterInitMode
                0x0000000008005554       0x58 Drivers/STM32F7xx_HAL_Driver/Src/stm32f7xx_hal_rtc.o
                0x0000000008005554                RTC_EnterInitMode
 .text.RTC_ByteToBcd2
                0x00000000080055ac       0x3c Drivers/STM32F7xx_HAL_Driver/Src/stm32f7xx_hal_rtc.o
                0x00000000080055ac                RTC_ByteToBcd2
 .text.HAL_RTCEx_SetTimeStamp
                0x00000000080055e8       0xac Drivers/STM32F7xx_HAL_Driver/Src/stm32f7xx_hal_rtc_ex.o
                0x00000000080055e8                HAL_RTCEx_SetTimeStamp
 .text.HAL_SDRAM_Init
                0x0000000008005694       0x68 Drivers/STM32F7xx_HAL_Driver/Src/stm32f7xx_hal_sdram.o
                0x0000000008005694                HAL_SDRAM_Init
 .text.HAL_SPI_Init
                0x00000000080056fc      0x156 Drivers/STM32F7xx_HAL_Driver/Src/stm32f7xx_hal_spi.o
                0x00000000080056fc                HAL_SPI_Init
 .text.HAL_TIM_Base_Init
                0x0000000008005852       0xae Drivers/STM32F7xx_HAL_Driver/Src/stm32f7xx_hal_tim.o
                0x0000000008005852                HAL_TIM_Base_Init
 .text.HAL_TIM_Base_Start_IT
                0x0000000008005900       0xf0 Drivers/STM32F7xx_HAL_Driver/Src/stm32f7xx_hal_tim.o
                0x0000000008005900                HAL_TIM_Base_Start_IT
 .text.HAL_TIM_PWM_Init
                0x00000000080059f0       0xae Drivers/STM32F7xx_HAL_Driver/Src/stm32f7xx_hal_tim.o
                0x00000000080059f0                HAL_TIM_PWM_Init
 .text.HAL_TIM_PWM_MspInit
                0x0000000008005a9e       0x14 Drivers/STM32F7xx_HAL_Driver/Src/stm32f7xx_hal_tim.o
                0x0000000008005a9e                HAL_TIM_PWM_MspInit
 .text.HAL_TIM_IRQHandler
                0x0000000008005ab2      0x23e Drivers/STM32F7xx_HAL_Driver/Src/stm32f7xx_hal_tim.o
                0x0000000008005ab2                HAL_TIM_IRQHandler
 .text.HAL_TIM_PWM_ConfigChannel
                0x0000000008005cf0      0x220 Drivers/STM32F7xx_HAL_Driver/Src/stm32f7xx_hal_tim.o
                0x0000000008005cf0                HAL_TIM_PWM_ConfigChannel
 .text.HAL_TIM_ConfigClockSource
                0x0000000008005f10      0x18c Drivers/STM32F7xx_HAL_Driver/Src/stm32f7xx_hal_tim.o
                0x0000000008005f10                HAL_TIM_ConfigClockSource
 .text.HAL_TIM_SlaveConfigSynchro
                0x000000000800609c       0x84 Drivers/STM32F7xx_HAL_Driver/Src/stm32f7xx_hal_tim.o
                0x000000000800609c                HAL_TIM_SlaveConfigSynchro
 .text.HAL_TIM_OC_DelayElapsedCallback
                0x0000000008006120       0x14 Drivers/STM32F7xx_HAL_Driver/Src/stm32f7xx_hal_tim.o
                0x0000000008006120                HAL_TIM_OC_DelayElapsedCallback
 .text.HAL_TIM_IC_CaptureCallback
                0x0000000008006134       0x14 Drivers/STM32F7xx_HAL_Driver/Src/stm32f7xx_hal_tim.o
                0x0000000008006134                HAL_TIM_IC_CaptureCallback
 .text.HAL_TIM_PWM_PulseFinishedCallback
                0x0000000008006148       0x14 Drivers/STM32F7xx_HAL_Driver/Src/stm32f7xx_hal_tim.o
                0x0000000008006148                HAL_TIM_PWM_PulseFinishedCallback
 .text.HAL_TIM_TriggerCallback
                0x000000000800615c       0x14 Drivers/STM32F7xx_HAL_Driver/Src/stm32f7xx_hal_tim.o
                0x000000000800615c                HAL_TIM_TriggerCallback
 .text.TIM_Base_SetConfig
                0x0000000008006170      0x140 Drivers/STM32F7xx_HAL_Driver/Src/stm32f7xx_hal_tim.o
                0x0000000008006170                TIM_Base_SetConfig
 .text.TIM_OC1_SetConfig
                0x00000000080062b0       0xe4 Drivers/STM32F7xx_HAL_Driver/Src/stm32f7xx_hal_tim.o
 .text.TIM_OC2_SetConfig
                0x0000000008006394       0xf0 Drivers/STM32F7xx_HAL_Driver/Src/stm32f7xx_hal_tim.o
                0x0000000008006394                TIM_OC2_SetConfig
 .text.TIM_OC3_SetConfig
                0x0000000008006484       0xec Drivers/STM32F7xx_HAL_Driver/Src/stm32f7xx_hal_tim.o
 .text.TIM_OC4_SetConfig
                0x0000000008006570       0xb0 Drivers/STM32F7xx_HAL_Driver/Src/stm32f7xx_hal_tim.o
 .text.TIM_OC5_SetConfig
                0x0000000008006620       0xa4 Drivers/STM32F7xx_HAL_Driver/Src/stm32f7xx_hal_tim.o
 .text.TIM_OC6_SetConfig
                0x00000000080066c4       0xa8 Drivers/STM32F7xx_HAL_Driver/Src/stm32f7xx_hal_tim.o
 .text.TIM_SlaveTimer_SetConfig
                0x000000000800676c      0x120 Drivers/STM32F7xx_HAL_Driver/Src/stm32f7xx_hal_tim.o
 .text.TIM_TI1_ConfigInputStage
                0x000000000800688c       0x5e Drivers/STM32F7xx_HAL_Driver/Src/stm32f7xx_hal_tim.o
 .text.TIM_TI2_ConfigInputStage
                0x00000000080068ea       0x60 Drivers/STM32F7xx_HAL_Driver/Src/stm32f7xx_hal_tim.o
 .text.TIM_ITRx_SetConfig
                0x000000000800694a       0x36 Drivers/STM32F7xx_HAL_Driver/Src/stm32f7xx_hal_tim.o
 .text.TIM_ETR_SetConfig
                0x0000000008006980       0x40 Drivers/STM32F7xx_HAL_Driver/Src/stm32f7xx_hal_tim.o
                0x0000000008006980                TIM_ETR_SetConfig
 .text.HAL_TIMEx_MasterConfigSynchronization
                0x00000000080069c0      0x11c Drivers/STM32F7xx_HAL_Driver/Src/stm32f7xx_hal_tim_ex.o
                0x00000000080069c0                HAL_TIMEx_MasterConfigSynchronization
 .text.HAL_TIMEx_ConfigBreakDeadTime
                0x0000000008006adc       0xfc Drivers/STM32F7xx_HAL_Driver/Src/stm32f7xx_hal_tim_ex.o
                0x0000000008006adc                HAL_TIMEx_ConfigBreakDeadTime
 .text.HAL_TIMEx_CommutCallback
                0x0000000008006bd8       0x14 Drivers/STM32F7xx_HAL_Driver/Src/stm32f7xx_hal_tim_ex.o
                0x0000000008006bd8                HAL_TIMEx_CommutCallback
 .text.HAL_TIMEx_BreakCallback
                0x0000000008006bec       0x14 Drivers/STM32F7xx_HAL_Driver/Src/stm32f7xx_hal_tim_ex.o
                0x0000000008006bec                HAL_TIMEx_BreakCallback
 .text.HAL_TIMEx_Break2Callback
                0x0000000008006c00       0x14 Drivers/STM32F7xx_HAL_Driver/Src/stm32f7xx_hal_tim_ex.o
                0x0000000008006c00                HAL_TIMEx_Break2Callback
 .text.HAL_UART_Init
                0x0000000008006c14       0x9c Drivers/STM32F7xx_HAL_Driver/Src/stm32f7xx_hal_uart.o
                0x0000000008006c14                HAL_UART_Init
 .text.HAL_UART_IRQHandler
                0x0000000008006cb0      0x3d8 Drivers/STM32F7xx_HAL_Driver/Src/stm32f7xx_hal_uart.o
                0x0000000008006cb0                HAL_UART_IRQHandler
 .text.HAL_UART_TxCpltCallback
                0x0000000008007088       0x14 Drivers/STM32F7xx_HAL_Driver/Src/stm32f7xx_hal_uart.o
                0x0000000008007088                HAL_UART_TxCpltCallback
 .text.HAL_UART_ErrorCallback
                0x000000000800709c       0x14 Drivers/STM32F7xx_HAL_Driver/Src/stm32f7xx_hal_uart.o
                0x000000000800709c                HAL_UART_ErrorCallback
 .text.HAL_UARTEx_RxEventCallback
                0x00000000080070b0       0x18 Drivers/STM32F7xx_HAL_Driver/Src/stm32f7xx_hal_uart.o
                0x00000000080070b0                HAL_UARTEx_RxEventCallback
 .text.UART_SetConfig
                0x00000000080070c8      0x4c4 Drivers/STM32F7xx_HAL_Driver/Src/stm32f7xx_hal_uart.o
                0x00000000080070c8                UART_SetConfig
 .text.UART_AdvFeatureConfig
                0x000000000800758c      0x144 Drivers/STM32F7xx_HAL_Driver/Src/stm32f7xx_hal_uart.o
                0x000000000800758c                UART_AdvFeatureConfig
 .text.UART_CheckIdleState
                0x00000000080076d0       0x66 Drivers/STM32F7xx_HAL_Driver/Src/stm32f7xx_hal_uart.o
                0x00000000080076d0                UART_CheckIdleState
 .text.UART_WaitOnFlagUntilTimeout
                0x0000000008007736       0xf8 Drivers/STM32F7xx_HAL_Driver/Src/stm32f7xx_hal_uart.o
                0x0000000008007736                UART_WaitOnFlagUntilTimeout
 .text.UART_EndRxTransfer
                0x000000000800782e       0x5e Drivers/STM32F7xx_HAL_Driver/Src/stm32f7xx_hal_uart.o
 .text.UART_DMAAbortOnError
                0x000000000800788c       0x2c Drivers/STM32F7xx_HAL_Driver/Src/stm32f7xx_hal_uart.o
 .text.UART_EndTransmit_IT
                0x00000000080078b8       0x32 Drivers/STM32F7xx_HAL_Driver/Src/stm32f7xx_hal_uart.o
 *fill*         0x00000000080078ea        0x2 
 .text.FMC_SDRAM_Init
                0x00000000080078ec       0xe4 Drivers/STM32F7xx_HAL_Driver/Src/stm32f7xx_ll_fmc.o
                0x00000000080078ec                FMC_SDRAM_Init
 .text.FMC_SDRAM_Timing_Init
                0x00000000080079d0      0x100 Drivers/STM32F7xx_HAL_Driver/Src/stm32f7xx_ll_fmc.o
                0x00000000080079d0                FMC_SDRAM_Timing_Init
 .text.makeFreeRtosPriority
                0x0000000008007ad0       0x30 Middlewares/Third_Party/FreeRTOS/Source/CMSIS_RTOS/cmsis_os.o
 .text.osKernelStart
                0x0000000008007b00        0xe Middlewares/Third_Party/FreeRTOS/Source/CMSIS_RTOS/cmsis_os.o
                0x0000000008007b00                osKernelStart
 .text.osThreadCreate
                0x0000000008007b0e       0x98 Middlewares/Third_Party/FreeRTOS/Source/CMSIS_RTOS/cmsis_os.o
                0x0000000008007b0e                osThreadCreate
 .text.osDelay  0x0000000008007ba6       0x28 Middlewares/Third_Party/FreeRTOS/Source/CMSIS_RTOS/cmsis_os.o
                0x0000000008007ba6                osDelay
 .text.osMutexCreate
                0x0000000008007bce       0x30 Middlewares/Third_Party/FreeRTOS/Source/CMSIS_RTOS/cmsis_os.o
                0x0000000008007bce                osMutexCreate
 .text.osMessageCreate
                0x0000000008007bfe       0x50 Middlewares/Third_Party/FreeRTOS/Source/CMSIS_RTOS/cmsis_os.o
                0x0000000008007bfe                osMessageCreate
 .text.vListInitialise
                0x0000000008007c4e       0x40 Middlewares/Third_Party/FreeRTOS/Source/list.o
                0x0000000008007c4e                vListInitialise
 .text.vListInitialiseItem
                0x0000000008007c8e       0x1a Middlewares/Third_Party/FreeRTOS/Source/list.o
                0x0000000008007c8e                vListInitialiseItem
 .text.vListInsertEnd
                0x0000000008007ca8       0x48 Middlewares/Third_Party/FreeRTOS/Source/list.o
                0x0000000008007ca8                vListInsertEnd
 .text.vListInsert
                0x0000000008007cf0       0x72 Middlewares/Third_Party/FreeRTOS/Source/list.o
                0x0000000008007cf0                vListInsert
 .text.uxListRemove
                0x0000000008007d62       0x54 Middlewares/Third_Party/FreeRTOS/Source/list.o
                0x0000000008007d62                uxListRemove
 *fill*         0x0000000008007db6        0x2 
 .text.xQueueGenericReset
                0x0000000008007db8       0xd4 Middlewares/Third_Party/FreeRTOS/Source/queue.o
                0x0000000008007db8                xQueueGenericReset
 .text.xQueueGenericCreateStatic
                0x0000000008007e8c      0x104 Middlewares/Third_Party/FreeRTOS/Source/queue.o
                0x0000000008007e8c                xQueueGenericCreateStatic
 .text.xQueueGenericCreate
                0x0000000008007f90       0x84 Middlewares/Third_Party/FreeRTOS/Source/queue.o
                0x0000000008007f90                xQueueGenericCreate
 .text.prvInitialiseNewQueue
                0x0000000008008014       0x3e Middlewares/Third_Party/FreeRTOS/Source/queue.o
 .text.prvInitialiseMutex
                0x0000000008008052       0x34 Middlewares/Third_Party/FreeRTOS/Source/queue.o
 .text.xQueueCreateMutex
                0x0000000008008086       0x30 Middlewares/Third_Party/FreeRTOS/Source/queue.o
                0x0000000008008086                xQueueCreateMutex
 .text.xQueueCreateMutexStatic
                0x00000000080080b6       0x36 Middlewares/Third_Party/FreeRTOS/Source/queue.o
                0x00000000080080b6                xQueueCreateMutexStatic
 .text.xQueueGenericSend
                0x00000000080080ec      0x20c Middlewares/Third_Party/FreeRTOS/Source/queue.o
                0x00000000080080ec                xQueueGenericSend
 .text.prvCopyDataToQueue
                0x00000000080082f8       0xd4 Middlewares/Third_Party/FreeRTOS/Source/queue.o
 .text.prvUnlockQueue
                0x00000000080083cc       0xa4 Middlewares/Third_Party/FreeRTOS/Source/queue.o
 .text.prvIsQueueFull
                0x0000000008008470       0x30 Middlewares/Third_Party/FreeRTOS/Source/queue.o
 .text.xTaskCreateStatic
                0x00000000080084a0       0xc6 Middlewares/Third_Party/FreeRTOS/Source/tasks.o
                0x00000000080084a0                xTaskCreateStatic
 .text.xTaskCreate
                0x0000000008008566       0x8a Middlewares/Third_Party/FreeRTOS/Source/tasks.o
                0x0000000008008566                xTaskCreate
 .text.prvInitialiseNewTask
                0x00000000080085f0      0x112 Middlewares/Third_Party/FreeRTOS/Source/tasks.o
 *fill*         0x0000000008008702        0x2 
 .text.prvAddNewTaskToReadyList
                0x0000000008008704       0xd4 Middlewares/Third_Party/FreeRTOS/Source/tasks.o
 .text.vTaskDelay
                0x00000000080087d8       0x6c Middlewares/Third_Party/FreeRTOS/Source/tasks.o
                0x00000000080087d8                vTaskDelay
 .text.vTaskStartScheduler
                0x0000000008008844       0xc8 Middlewares/Third_Party/FreeRTOS/Source/tasks.o
                0x0000000008008844                vTaskStartScheduler
 .text.vTaskSuspendAll
                0x000000000800890c       0x1c Middlewares/Third_Party/FreeRTOS/Source/tasks.o
                0x000000000800890c                vTaskSuspendAll
 .text.xTaskResumeAll
                0x0000000008008928      0x13c Middlewares/Third_Party/FreeRTOS/Source/tasks.o
                0x0000000008008928                xTaskResumeAll
 .text.xTaskIncrementTick
                0x0000000008008a64      0x174 Middlewares/Third_Party/FreeRTOS/Source/tasks.o
                0x0000000008008a64                xTaskIncrementTick
 .text.vTaskSwitchContext
                0x0000000008008bd8       0xbc Middlewares/Third_Party/FreeRTOS/Source/tasks.o
                0x0000000008008bd8                vTaskSwitchContext
 .text.vTaskPlaceOnEventList
                0x0000000008008c94       0x4c Middlewares/Third_Party/FreeRTOS/Source/tasks.o
                0x0000000008008c94                vTaskPlaceOnEventList
 .text.xTaskRemoveFromEventList
                0x0000000008008ce0       0xc8 Middlewares/Third_Party/FreeRTOS/Source/tasks.o
                0x0000000008008ce0                xTaskRemoveFromEventList
 .text.vTaskInternalSetTimeOutState
                0x0000000008008da8       0x2c Middlewares/Third_Party/FreeRTOS/Source/tasks.o
                0x0000000008008da8                vTaskInternalSetTimeOutState
 .text.xTaskCheckForTimeOut
                0x0000000008008dd4       0xcc Middlewares/Third_Party/FreeRTOS/Source/tasks.o
                0x0000000008008dd4                xTaskCheckForTimeOut
 .text.vTaskMissedYield
                0x0000000008008ea0       0x18 Middlewares/Third_Party/FreeRTOS/Source/tasks.o
                0x0000000008008ea0                vTaskMissedYield
 .text.prvIdleTask
                0x0000000008008eb8       0x30 Middlewares/Third_Party/FreeRTOS/Source/tasks.o
 .text.prvInitialiseTaskLists
                0x0000000008008ee8       0x80 Middlewares/Third_Party/FreeRTOS/Source/tasks.o
 .text.prvCheckTasksWaitingTermination
                0x0000000008008f68       0x5c Middlewares/Third_Party/FreeRTOS/Source/tasks.o
 .text.prvDeleteTCB
                0x0000000008008fc4       0x62 Middlewares/Third_Party/FreeRTOS/Source/tasks.o
 *fill*         0x0000000008009026        0x2 
 .text.prvResetNextTaskUnblockTime
                0x0000000008009028       0x40 Middlewares/Third_Party/FreeRTOS/Source/tasks.o
 .text.xTaskGetSchedulerState
                0x0000000008009068       0x3c Middlewares/Third_Party/FreeRTOS/Source/tasks.o
                0x0000000008009068                xTaskGetSchedulerState
 .text.xTaskPriorityDisinherit
                0x00000000080090a4      0x114 Middlewares/Third_Party/FreeRTOS/Source/tasks.o
                0x00000000080090a4                xTaskPriorityDisinherit
 .text.prvAddCurrentTaskToDelayedList
                0x00000000080091b8       0xcc Middlewares/Third_Party/FreeRTOS/Source/tasks.o
 .text.pxPortInitialiseStack
                0x0000000008009284       0x68 Middlewares/Third_Party/FreeRTOS/Source/portable/GCC/ARM_CM7/r0p1/port.o
                0x0000000008009284                pxPortInitialiseStack
 .text.prvTaskExitError
                0x00000000080092ec       0x60 Middlewares/Third_Party/FreeRTOS/Source/portable/GCC/ARM_CM7/r0p1/port.o
 *fill*         0x000000000800934c        0x4 
 .text.SVC_Handler
                0x0000000008009350       0x28 Middlewares/Third_Party/FreeRTOS/Source/portable/GCC/ARM_CM7/r0p1/port.o
                0x0000000008009350                SVC_Handler
 .text.prvPortStartFirstTask
                0x0000000008009378       0x28 Middlewares/Third_Party/FreeRTOS/Source/portable/GCC/ARM_CM7/r0p1/port.o
 .text.xPortStartScheduler
                0x00000000080093a0       0xfc Middlewares/Third_Party/FreeRTOS/Source/portable/GCC/ARM_CM7/r0p1/port.o
                0x00000000080093a0                xPortStartScheduler
 .text.vPortEnterCritical
                0x000000000800949c       0x68 Middlewares/Third_Party/FreeRTOS/Source/portable/GCC/ARM_CM7/r0p1/port.o
                0x000000000800949c                vPortEnterCritical
 .text.vPortExitCritical
                0x0000000008009504       0x58 Middlewares/Third_Party/FreeRTOS/Source/portable/GCC/ARM_CM7/r0p1/port.o
                0x0000000008009504                vPortExitCritical
 *fill*         0x000000000800955c        0x4 
 .text.PendSV_Handler
                0x0000000008009560       0x68 Middlewares/Third_Party/FreeRTOS/Source/portable/GCC/ARM_CM7/r0p1/port.o
                0x0000000008009560                PendSV_Handler
 .text.SysTick_Handler
                0x00000000080095c8       0x48 Middlewares/Third_Party/FreeRTOS/Source/portable/GCC/ARM_CM7/r0p1/port.o
                0x00000000080095c8                SysTick_Handler
 .text.vPortSetupTimerInterrupt
                0x0000000008009610       0x48 Middlewares/Third_Party/FreeRTOS/Source/portable/GCC/ARM_CM7/r0p1/port.o
                0x0000000008009610                vPortSetupTimerInterrupt
 .text.vPortEnableVFP
                0x0000000008009658       0x14 Middlewares/Third_Party/FreeRTOS/Source/portable/GCC/ARM_CM7/r0p1/port.o
 .text.pvPortMalloc
                0x000000000800966c      0x194 Middlewares/Third_Party/FreeRTOS/Source/portable/MemMang/heap_4.o
                0x000000000800966c                pvPortMalloc
 .text.vPortFree
                0x0000000008009800       0xbc Middlewares/Third_Party/FreeRTOS/Source/portable/MemMang/heap_4.o
                0x0000000008009800                vPortFree
 .text.prvHeapInit
                0x00000000080098bc       0xc4 Middlewares/Third_Party/FreeRTOS/Source/portable/MemMang/heap_4.o
 .text.prvInsertBlockIntoFreeList
                0x0000000008009980       0xb4 Middlewares/Third_Party/FreeRTOS/Source/portable/MemMang/heap_4.o
 .text.__libc_init_array
                0x0000000008009a34       0x48 c:/st/stm32cubeide_1.5.1/stm32cubeide/plugins/com.st.stm32cube.ide.mcu.externaltools.gnu-tools-for-stm32.9-2020-q2-update.win32_1.5.0.202011040924/tools/bin/../lib/gcc/arm-none-eabi/9.3.1/../../../../arm-none-eabi/lib/thumb/v7e-m+fp/hard\libc_nano.a(lib_a-init.o)
                0x0000000008009a34                __libc_init_array
 .text.memcpy   0x0000000008009a7c       0x1c c:/st/stm32cubeide_1.5.1/stm32cubeide/plugins/com.st.stm32cube.ide.mcu.externaltools.gnu-tools-for-stm32.9-2020-q2-update.win32_1.5.0.202011040924/tools/bin/../lib/gcc/arm-none-eabi/9.3.1/../../../../arm-none-eabi/lib/thumb/v7e-m+fp/hard\libc_nano.a(lib_a-memcpy-stub.o)
                0x0000000008009a7c                memcpy
 .text.memset   0x0000000008009a98       0x10 c:/st/stm32cubeide_1.5.1/stm32cubeide/plugins/com.st.stm32cube.ide.mcu.externaltools.gnu-tools-for-stm32.9-2020-q2-update.win32_1.5.0.202011040924/tools/bin/../lib/gcc/arm-none-eabi/9.3.1/../../../../arm-none-eabi/lib/thumb/v7e-m+fp/hard\libc_nano.a(lib_a-memset.o)
                0x0000000008009a98                memset
 *(.glue_7)
 .glue_7        0x0000000008009aa8        0x0 linker stubs
 *(.glue_7t)
 .glue_7t       0x0000000008009aa8        0x0 linker stubs
 *(.eh_frame)
 .eh_frame      0x0000000008009aa8        0x0 c:/st/stm32cubeide_1.5.1/stm32cubeide/plugins/com.st.stm32cube.ide.mcu.externaltools.gnu-tools-for-stm32.9-2020-q2-update.win32_1.5.0.202011040924/tools/bin/../lib/gcc/arm-none-eabi/9.3.1/thumb/v7e-m+fp/hard/crtbegin.o
 *(.init)
 .init          0x0000000008009aa8        0x4 c:/st/stm32cubeide_1.5.1/stm32cubeide/plugins/com.st.stm32cube.ide.mcu.externaltools.gnu-tools-for-stm32.9-2020-q2-update.win32_1.5.0.202011040924/tools/bin/../lib/gcc/arm-none-eabi/9.3.1/thumb/v7e-m+fp/hard/crti.o
                0x0000000008009aa8                _init
 .init          0x0000000008009aac        0x8 c:/st/stm32cubeide_1.5.1/stm32cubeide/plugins/com.st.stm32cube.ide.mcu.externaltools.gnu-tools-for-stm32.9-2020-q2-update.win32_1.5.0.202011040924/tools/bin/../lib/gcc/arm-none-eabi/9.3.1/thumb/v7e-m+fp/hard/crtn.o
 *(.fini)
 .fini          0x0000000008009ab4        0x4 c:/st/stm32cubeide_1.5.1/stm32cubeide/plugins/com.st.stm32cube.ide.mcu.externaltools.gnu-tools-for-stm32.9-2020-q2-update.win32_1.5.0.202011040924/tools/bin/../lib/gcc/arm-none-eabi/9.3.1/thumb/v7e-m+fp/hard/crti.o
                0x0000000008009ab4                _fini
 .fini          0x0000000008009ab8        0x8 c:/st/stm32cubeide_1.5.1/stm32cubeide/plugins/com.st.stm32cube.ide.mcu.externaltools.gnu-tools-for-stm32.9-2020-q2-update.win32_1.5.0.202011040924/tools/bin/../lib/gcc/arm-none-eabi/9.3.1/thumb/v7e-m+fp/hard/crtn.o
                0x0000000008009ac0                . = ALIGN (0x4)
                0x0000000008009ac0                _etext = .

.vfp11_veneer   0x0000000008009ac0        0x0
 .vfp11_veneer  0x0000000008009ac0        0x0 linker stubs

.v4_bx          0x0000000008009ac0        0x0
 .v4_bx         0x0000000008009ac0        0x0 linker stubs

.iplt           0x0000000008009ac0        0x0
 .iplt          0x0000000008009ac0        0x0 c:/st/stm32cubeide_1.5.1/stm32cubeide/plugins/com.st.stm32cube.ide.mcu.externaltools.gnu-tools-for-stm32.9-2020-q2-update.win32_1.5.0.202011040924/tools/bin/../lib/gcc/arm-none-eabi/9.3.1/thumb/v7e-m+fp/hard/crtbegin.o

.rodata         0x0000000008009ac0       0xd4
                0x0000000008009ac0                . = ALIGN (0x4)
 *(.rodata)
 .rodata        0x0000000008009ac0       0xb4 Core/Src/main.o
 .rodata        0x0000000008009b74        0x5 Middlewares/Third_Party/FreeRTOS/Source/tasks.o
 *(.rodata*)
 *fill*         0x0000000008009b79        0x3 
 .rodata.AHBPrescTable
                0x0000000008009b7c       0x10 Core/Src/system_stm32f7xx.o
                0x0000000008009b7c                AHBPrescTable
 .rodata.APBPrescTable
                0x0000000008009b8c        0x8 Core/Src/system_stm32f7xx.o
                0x0000000008009b8c                APBPrescTable
                0x0000000008009b94                . = ALIGN (0x4)

.ARM.extab      0x0000000008009b94        0x0
                0x0000000008009b94                . = ALIGN (0x4)
 *(.ARM.extab* .gnu.linkonce.armextab.*)
                0x0000000008009b94                . = ALIGN (0x4)

.ARM            0x0000000008009b94        0x8
                0x0000000008009b94                . = ALIGN (0x4)
                0x0000000008009b94                __exidx_start = .
 *(.ARM.exidx*)
 .ARM.exidx     0x0000000008009b94        0x8 c:/st/stm32cubeide_1.5.1/stm32cubeide/plugins/com.st.stm32cube.ide.mcu.externaltools.gnu-tools-for-stm32.9-2020-q2-update.win32_1.5.0.202011040924/tools/bin/../lib/gcc/arm-none-eabi/9.3.1/thumb/v7e-m+fp/hard\libgcc.a(_udivmoddi4.o)
                0x0000000008009b9c                __exidx_end = .
                0x0000000008009b9c                . = ALIGN (0x4)

.rel.dyn        0x0000000008009b9c        0x0
 .rel.iplt      0x0000000008009b9c        0x0 c:/st/stm32cubeide_1.5.1/stm32cubeide/plugins/com.st.stm32cube.ide.mcu.externaltools.gnu-tools-for-stm32.9-2020-q2-update.win32_1.5.0.202011040924/tools/bin/../lib/gcc/arm-none-eabi/9.3.1/thumb/v7e-m+fp/hard/crtbegin.o

.preinit_array  0x0000000008009b9c        0x0
                0x0000000008009b9c                . = ALIGN (0x4)
                0x0000000008009b9c                PROVIDE (__preinit_array_start = .)
 *(.preinit_array*)
                0x0000000008009b9c                PROVIDE (__preinit_array_end = .)
                0x0000000008009b9c                . = ALIGN (0x4)

.init_array     0x0000000008009b9c        0x4
                0x0000000008009b9c                . = ALIGN (0x4)
                0x0000000008009b9c                PROVIDE (__init_array_start = .)
 *(SORT_BY_NAME(.init_array.*))
 *(.init_array*)
 .init_array    0x0000000008009b9c        0x4 c:/st/stm32cubeide_1.5.1/stm32cubeide/plugins/com.st.stm32cube.ide.mcu.externaltools.gnu-tools-for-stm32.9-2020-q2-update.win32_1.5.0.202011040924/tools/bin/../lib/gcc/arm-none-eabi/9.3.1/thumb/v7e-m+fp/hard/crtbegin.o
                0x0000000008009ba0                PROVIDE (__init_array_end = .)
                0x0000000008009ba0                . = ALIGN (0x4)

.fini_array     0x0000000008009ba0        0x4
                0x0000000008009ba0                . = ALIGN (0x4)
                [!provide]                        PROVIDE (__fini_array_start = .)
 *(SORT_BY_NAME(.fini_array.*))
 *(.fini_array*)
 .fini_array    0x0000000008009ba0        0x4 c:/st/stm32cubeide_1.5.1/stm32cubeide/plugins/com.st.stm32cube.ide.mcu.externaltools.gnu-tools-for-stm32.9-2020-q2-update.win32_1.5.0.202011040924/tools/bin/../lib/gcc/arm-none-eabi/9.3.1/thumb/v7e-m+fp/hard/crtbegin.o
                [!provide]                        PROVIDE (__fini_array_end = .)
                0x0000000008009ba4                . = ALIGN (0x4)
                0x0000000008009ba4                _sidata = LOADADDR (.data)

.data           0x0000000020000000       0x10 load address 0x0000000008009ba4
                0x0000000020000000                . = ALIGN (0x4)
                0x0000000020000000                _sdata = .
 *(.data)
 *(.data*)
 .data.SystemCoreClock
                0x0000000020000000        0x4 Core/Src/system_stm32f7xx.o
                0x0000000020000000                SystemCoreClock
 .data.uwTickPrio
                0x0000000020000004        0x4 Drivers/STM32F7xx_HAL_Driver/Src/stm32f7xx_hal.o
                0x0000000020000004                uwTickPrio
 .data.uwTickFreq
                0x0000000020000008        0x1 Drivers/STM32F7xx_HAL_Driver/Src/stm32f7xx_hal.o
                0x0000000020000008                uwTickFreq
 *fill*         0x0000000020000009        0x3 
 .data.uxCriticalNesting
                0x000000002000000c        0x4 Middlewares/Third_Party/FreeRTOS/Source/portable/GCC/ARM_CM7/r0p1/port.o
 *(.RamFunc)
 *(.RamFunc*)
                0x0000000020000010                . = ALIGN (0x4)
                0x0000000020000010                _edata = .

.igot.plt       0x0000000020000010        0x0 load address 0x0000000008009bb4
 .igot.plt      0x0000000020000010        0x0 c:/st/stm32cubeide_1.5.1/stm32cubeide/plugins/com.st.stm32cube.ide.mcu.externaltools.gnu-tools-for-stm32.9-2020-q2-update.win32_1.5.0.202011040924/tools/bin/../lib/gcc/arm-none-eabi/9.3.1/thumb/v7e-m+fp/hard/crtbegin.o
                0x0000000020000010                . = ALIGN (0x4)

.bss            0x0000000020000010     0x4610 load address 0x0000000008009bb4
                0x0000000020000010                _sbss = .
                0x0000000020000010                __bss_start__ = _sbss
 *(.bss)
 .bss           0x0000000020000010       0x1c c:/st/stm32cubeide_1.5.1/stm32cubeide/plugins/com.st.stm32cube.ide.mcu.externaltools.gnu-tools-for-stm32.9-2020-q2-update.win32_1.5.0.202011040924/tools/bin/../lib/gcc/arm-none-eabi/9.3.1/thumb/v7e-m+fp/hard/crtbegin.o
 *(.bss*)
 .bss.xIdleTaskTCBBuffer
                0x000000002000002c       0x54 Core/Src/freertos.o
 .bss.xIdleStack
                0x0000000020000080      0x200 Core/Src/freertos.o
 .bss.FMC_Initialized
                0x0000000020000280        0x4 Core/Src/stm32f7xx_hal_msp.o
 .bss.pxCurrentTCB
                0x0000000020000284        0x4 Middlewares/Third_Party/FreeRTOS/Source/tasks.o
                0x0000000020000284                pxCurrentTCB
 .bss.pxReadyTasksLists
                0x0000000020000288       0x8c Middlewares/Third_Party/FreeRTOS/Source/tasks.o
 .bss.xDelayedTaskList1
                0x0000000020000314       0x14 Middlewares/Third_Party/FreeRTOS/Source/tasks.o
 .bss.xDelayedTaskList2
                0x0000000020000328       0x14 Middlewares/Third_Party/FreeRTOS/Source/tasks.o
 .bss.pxDelayedTaskList
                0x000000002000033c        0x4 Middlewares/Third_Party/FreeRTOS/Source/tasks.o
 .bss.pxOverflowDelayedTaskList
                0x0000000020000340        0x4 Middlewares/Third_Party/FreeRTOS/Source/tasks.o
 .bss.xPendingReadyList
                0x0000000020000344       0x14 Middlewares/Third_Party/FreeRTOS/Source/tasks.o
 .bss.xTasksWaitingTermination
                0x0000000020000358       0x14 Middlewares/Third_Party/FreeRTOS/Source/tasks.o
 .bss.uxDeletedTasksWaitingCleanUp
                0x000000002000036c        0x4 Middlewares/Third_Party/FreeRTOS/Source/tasks.o
 .bss.xSuspendedTaskList
                0x0000000020000370       0x14 Middlewares/Third_Party/FreeRTOS/Source/tasks.o
 .bss.uxCurrentNumberOfTasks
                0x0000000020000384        0x4 Middlewares/Third_Party/FreeRTOS/Source/tasks.o
 .bss.xTickCount
                0x0000000020000388        0x4 Middlewares/Third_Party/FreeRTOS/Source/tasks.o
 .bss.uxTopReadyPriority
                0x000000002000038c        0x4 Middlewares/Third_Party/FreeRTOS/Source/tasks.o
 .bss.xSchedulerRunning
                0x0000000020000390        0x4 Middlewares/Third_Party/FreeRTOS/Source/tasks.o
 .bss.uxPendedTicks
                0x0000000020000394        0x4 Middlewares/Third_Party/FreeRTOS/Source/tasks.o
 .bss.xYieldPending
                0x0000000020000398        0x4 Middlewares/Third_Party/FreeRTOS/Source/tasks.o
 .bss.xNumOfOverflows
                0x000000002000039c        0x4 Middlewares/Third_Party/FreeRTOS/Source/tasks.o
 .bss.uxTaskNumber
                0x00000000200003a0        0x4 Middlewares/Third_Party/FreeRTOS/Source/tasks.o
 .bss.xNextTaskUnblockTime
                0x00000000200003a4        0x4 Middlewares/Third_Party/FreeRTOS/Source/tasks.o
 .bss.xIdleTaskHandle
                0x00000000200003a8        0x4 Middlewares/Third_Party/FreeRTOS/Source/tasks.o
 .bss.uxSchedulerSuspended
                0x00000000200003ac        0x4 Middlewares/Third_Party/FreeRTOS/Source/tasks.o
 .bss.ucMaxSysCallPriority
                0x00000000200003b0        0x1 Middlewares/Third_Party/FreeRTOS/Source/portable/GCC/ARM_CM7/r0p1/port.o
 *fill*         0x00000000200003b1        0x3 
 .bss.ulMaxPRIGROUPValue
                0x00000000200003b4        0x4 Middlewares/Third_Party/FreeRTOS/Source/portable/GCC/ARM_CM7/r0p1/port.o
 .bss.ucHeap    0x00000000200003b8     0x3c00 Middlewares/Third_Party/FreeRTOS/Source/portable/MemMang/heap_4.o
 .bss.xStart    0x0000000020003fb8        0x8 Middlewares/Third_Party/FreeRTOS/Source/portable/MemMang/heap_4.o
 .bss.pxEnd     0x0000000020003fc0        0x4 Middlewares/Third_Party/FreeRTOS/Source/portable/MemMang/heap_4.o
 .bss.xFreeBytesRemaining
                0x0000000020003fc4        0x4 Middlewares/Third_Party/FreeRTOS/Source/portable/MemMang/heap_4.o
 .bss.xMinimumEverFreeBytesRemaining
                0x0000000020003fc8        0x4 Middlewares/Third_Party/FreeRTOS/Source/portable/MemMang/heap_4.o
 .bss.xBlockAllocatedBit
                0x0000000020003fcc        0x4 Middlewares/Third_Party/FreeRTOS/Source/portable/MemMang/heap_4.o
 *(COMMON)
 COMMON         0x0000000020003fd0      0x600 Core/Src/main.o
                0x0000000020003fd0                SourisHandle
                0x0000000020003fd4                defaultTaskHandle
                0x0000000020003fd8                hi2c3
                0x0000000020004024                hspi2
                0x0000000020004088                huart7
                0x000000002000410c                htim8
                0x0000000020004158                hi2c1
                0x00000000200041a4                htim5
                0x00000000200041f0                htim3
                0x000000002000423c                hltdc
                0x00000000200042e4                hadc1
                0x000000002000432c                affichageHandle
                0x0000000020004330                myQueueP2VHandle
                0x0000000020004334                hadc3
                0x000000002000437c                huart1
                0x0000000020004400                ChatHandle
                0x0000000020004404                hdac
                0x0000000020004418                TimeHandle
                0x000000002000441c                hrtc
                0x000000002000443c                htim1
                0x0000000020004488                huart6
                0x000000002000450c                hdma2d
                0x000000002000454c                htim2
                0x0000000020004598                hsdram1
                0x00000000200045cc                myQueueU2HHandle
 COMMON         0x00000000200045d0       0x4c Core/Src/stm32f7xx_hal_timebase_tim.o
                0x00000000200045d0                htim6
 COMMON         0x000000002000461c        0x4 Drivers/STM32F7xx_HAL_Driver/Src/stm32f7xx_hal.o
                0x000000002000461c                uwTick
                0x0000000020004620                . = ALIGN (0x4)
                0x0000000020004620                _ebss = .
                0x0000000020004620                __bss_end__ = _ebss

._user_heap_stack
                0x0000000020004620      0x600 load address 0x0000000008009bb4
                0x0000000020004620                . = ALIGN (0x8)
                [!provide]                        PROVIDE (end = .)
                [!provide]                        PROVIDE (_end = .)
                0x0000000020004820                . = (. + _Min_Heap_Size)
 *fill*         0x0000000020004620      0x200 
                0x0000000020004c20                . = (. + _Min_Stack_Size)
 *fill*         0x0000000020004820      0x400 
                0x0000000020004c20                . = ALIGN (0x8)

/DISCARD/
 libc.a(*)
 libm.a(*)
 libgcc.a(*)

.ARM.attributes
                0x0000000000000000       0x30
 *(.ARM.attributes)
 .ARM.attributes
                0x0000000000000000       0x1e c:/st/stm32cubeide_1.5.1/stm32cubeide/plugins/com.st.stm32cube.ide.mcu.externaltools.gnu-tools-for-stm32.9-2020-q2-update.win32_1.5.0.202011040924/tools/bin/../lib/gcc/arm-none-eabi/9.3.1/thumb/v7e-m+fp/hard/crti.o
 .ARM.attributes
                0x000000000000001e       0x34 c:/st/stm32cubeide_1.5.1/stm32cubeide/plugins/com.st.stm32cube.ide.mcu.externaltools.gnu-tools-for-stm32.9-2020-q2-update.win32_1.5.0.202011040924/tools/bin/../lib/gcc/arm-none-eabi/9.3.1/thumb/v7e-m+fp/hard/crtbegin.o
 .ARM.attributes
                0x0000000000000052       0x34 Core/Src/freertos.o
 .ARM.attributes
                0x0000000000000086       0x34 Core/Src/main.o
 .ARM.attributes
                0x00000000000000ba       0x34 Core/Src/stm32f7xx_hal_msp.o
 .ARM.attributes
                0x00000000000000ee       0x34 Core/Src/stm32f7xx_hal_timebase_tim.o
 .ARM.attributes
                0x0000000000000122       0x34 Core/Src/stm32f7xx_it.o
 .ARM.attributes
                0x0000000000000156       0x34 Core/Src/system_stm32f7xx.o
 .ARM.attributes
                0x000000000000018a       0x21 Core/Startup/startup_stm32f746nghx.o
 .ARM.attributes
                0x00000000000001ab       0x34 Drivers/STM32F7xx_HAL_Driver/Src/stm32f7xx_hal.o
 .ARM.attributes
                0x00000000000001df       0x34 Drivers/STM32F7xx_HAL_Driver/Src/stm32f7xx_hal_adc.o
 .ARM.attributes
                0x0000000000000213       0x34 Drivers/STM32F7xx_HAL_Driver/Src/stm32f7xx_hal_cortex.o
 .ARM.attributes
                0x0000000000000247       0x34 Drivers/STM32F7xx_HAL_Driver/Src/stm32f7xx_hal_dac.o
 .ARM.attributes
                0x000000000000027b       0x34 Drivers/STM32F7xx_HAL_Driver/Src/stm32f7xx_hal_dac_ex.o
 .ARM.attributes
                0x00000000000002af       0x34 Drivers/STM32F7xx_HAL_Driver/Src/stm32f7xx_hal_dma.o
 .ARM.attributes
                0x00000000000002e3       0x34 Drivers/STM32F7xx_HAL_Driver/Src/stm32f7xx_hal_dma2d.o
 .ARM.attributes
                0x0000000000000317       0x34 Drivers/STM32F7xx_HAL_Driver/Src/stm32f7xx_hal_gpio.o
 .ARM.attributes
                0x000000000000034b       0x34 Drivers/STM32F7xx_HAL_Driver/Src/stm32f7xx_hal_i2c.o
 .ARM.attributes
                0x000000000000037f       0x34 Drivers/STM32F7xx_HAL_Driver/Src/stm32f7xx_hal_i2c_ex.o
 .ARM.attributes
                0x00000000000003b3       0x34 Drivers/STM32F7xx_HAL_Driver/Src/stm32f7xx_hal_ltdc.o
 .ARM.attributes
                0x00000000000003e7       0x34 Drivers/STM32F7xx_HAL_Driver/Src/stm32f7xx_hal_pwr.o
 .ARM.attributes
                0x000000000000041b       0x34 Drivers/STM32F7xx_HAL_Driver/Src/stm32f7xx_hal_pwr_ex.o
 .ARM.attributes
                0x000000000000044f       0x34 Drivers/STM32F7xx_HAL_Driver/Src/stm32f7xx_hal_rcc.o
 .ARM.attributes
                0x0000000000000483       0x34 Drivers/STM32F7xx_HAL_Driver/Src/stm32f7xx_hal_rcc_ex.o
 .ARM.attributes
                0x00000000000004b7       0x34 Drivers/STM32F7xx_HAL_Driver/Src/stm32f7xx_hal_rtc.o
 .ARM.attributes
                0x00000000000004eb       0x34 Drivers/STM32F7xx_HAL_Driver/Src/stm32f7xx_hal_rtc_ex.o
 .ARM.attributes
                0x000000000000051f       0x34 Drivers/STM32F7xx_HAL_Driver/Src/stm32f7xx_hal_sdram.o
 .ARM.attributes
                0x0000000000000553       0x34 Drivers/STM32F7xx_HAL_Driver/Src/stm32f7xx_hal_spi.o
 .ARM.attributes
                0x0000000000000587       0x34 Drivers/STM32F7xx_HAL_Driver/Src/stm32f7xx_hal_tim.o
 .ARM.attributes
                0x00000000000005bb       0x34 Drivers/STM32F7xx_HAL_Driver/Src/stm32f7xx_hal_tim_ex.o
 .ARM.attributes
                0x00000000000005ef       0x34 Drivers/STM32F7xx_HAL_Driver/Src/stm32f7xx_hal_uart.o
 .ARM.attributes
                0x0000000000000623       0x34 Drivers/STM32F7xx_HAL_Driver/Src/stm32f7xx_ll_fmc.o
 .ARM.attributes
                0x0000000000000657       0x34 Middlewares/Third_Party/FreeRTOS/Source/CMSIS_RTOS/cmsis_os.o
 .ARM.attributes
                0x000000000000068b       0x34 Middlewares/Third_Party/FreeRTOS/Source/list.o
 .ARM.attributes
                0x00000000000006bf       0x34 Middlewares/Third_Party/FreeRTOS/Source/queue.o
 .ARM.attributes
                0x00000000000006f3       0x34 Middlewares/Third_Party/FreeRTOS/Source/tasks.o
 .ARM.attributes
                0x0000000000000727       0x34 Middlewares/Third_Party/FreeRTOS/Source/portable/GCC/ARM_CM7/r0p1/port.o
 .ARM.attributes
                0x000000000000075b       0x34 Middlewares/Third_Party/FreeRTOS/Source/portable/MemMang/heap_4.o
 .ARM.attributes
                0x000000000000078f       0x34 c:/st/stm32cubeide_1.5.1/stm32cubeide/plugins/com.st.stm32cube.ide.mcu.externaltools.gnu-tools-for-stm32.9-2020-q2-update.win32_1.5.0.202011040924/tools/bin/../lib/gcc/arm-none-eabi/9.3.1/../../../../arm-none-eabi/lib/thumb/v7e-m+fp/hard\libc_nano.a(lib_a-init.o)
 .ARM.attributes
                0x00000000000007c3       0x34 c:/st/stm32cubeide_1.5.1/stm32cubeide/plugins/com.st.stm32cube.ide.mcu.externaltools.gnu-tools-for-stm32.9-2020-q2-update.win32_1.5.0.202011040924/tools/bin/../lib/gcc/arm-none-eabi/9.3.1/../../../../arm-none-eabi/lib/thumb/v7e-m+fp/hard\libc_nano.a(lib_a-memcpy-stub.o)
 .ARM.attributes
                0x00000000000007f7       0x34 c:/st/stm32cubeide_1.5.1/stm32cubeide/plugins/com.st.stm32cube.ide.mcu.externaltools.gnu-tools-for-stm32.9-2020-q2-update.win32_1.5.0.202011040924/tools/bin/../lib/gcc/arm-none-eabi/9.3.1/../../../../arm-none-eabi/lib/thumb/v7e-m+fp/hard\libc_nano.a(lib_a-memset.o)
 .ARM.attributes
                0x000000000000082b       0x1e c:/st/stm32cubeide_1.5.1/stm32cubeide/plugins/com.st.stm32cube.ide.mcu.externaltools.gnu-tools-for-stm32.9-2020-q2-update.win32_1.5.0.202011040924/tools/bin/../lib/gcc/arm-none-eabi/9.3.1/thumb/v7e-m+fp/hard\libgcc.a(_aeabi_uldivmod.o)
 .ARM.attributes
                0x0000000000000849       0x34 c:/st/stm32cubeide_1.5.1/stm32cubeide/plugins/com.st.stm32cube.ide.mcu.externaltools.gnu-tools-for-stm32.9-2020-q2-update.win32_1.5.0.202011040924/tools/bin/../lib/gcc/arm-none-eabi/9.3.1/thumb/v7e-m+fp/hard\libgcc.a(_udivmoddi4.o)
 .ARM.attributes
                0x000000000000087d       0x1e c:/st/stm32cubeide_1.5.1/stm32cubeide/plugins/com.st.stm32cube.ide.mcu.externaltools.gnu-tools-for-stm32.9-2020-q2-update.win32_1.5.0.202011040924/tools/bin/../lib/gcc/arm-none-eabi/9.3.1/thumb/v7e-m+fp/hard\libgcc.a(_dvmd_tls.o)
 .ARM.attributes
                0x000000000000089b       0x1e c:/st/stm32cubeide_1.5.1/stm32cubeide/plugins/com.st.stm32cube.ide.mcu.externaltools.gnu-tools-for-stm32.9-2020-q2-update.win32_1.5.0.202011040924/tools/bin/../lib/gcc/arm-none-eabi/9.3.1/thumb/v7e-m+fp/hard/crtn.o
OUTPUT(rtos_interface.elf elf32-littlearm)
LOAD linker stubs
LOAD c:/st/stm32cubeide_1.5.1/stm32cubeide/plugins/com.st.stm32cube.ide.mcu.externaltools.gnu-tools-for-stm32.9-2020-q2-update.win32_1.5.0.202011040924/tools/bin/../lib/gcc/arm-none-eabi/9.3.1/../../../../arm-none-eabi/lib/thumb/v7e-m+fp/hard\libc.a
LOAD c:/st/stm32cubeide_1.5.1/stm32cubeide/plugins/com.st.stm32cube.ide.mcu.externaltools.gnu-tools-for-stm32.9-2020-q2-update.win32_1.5.0.202011040924/tools/bin/../lib/gcc/arm-none-eabi/9.3.1/../../../../arm-none-eabi/lib/thumb/v7e-m+fp/hard\libm.a
LOAD c:/st/stm32cubeide_1.5.1/stm32cubeide/plugins/com.st.stm32cube.ide.mcu.externaltools.gnu-tools-for-stm32.9-2020-q2-update.win32_1.5.0.202011040924/tools/bin/../lib/gcc/arm-none-eabi/9.3.1/thumb/v7e-m+fp/hard\libgcc.a

.debug_info     0x0000000000000000    0x285bd
 .debug_info    0x0000000000000000      0x36d Core/Src/freertos.o
 .debug_info    0x000000000000036d     0x3ab9 Core/Src/main.o
 .debug_info    0x0000000000003e26     0x2e6f Core/Src/stm32f7xx_hal_msp.o
 .debug_info    0x0000000000006c95      0xd41 Core/Src/stm32f7xx_hal_timebase_tim.o
 .debug_info    0x00000000000079d6     0x10e6 Core/Src/stm32f7xx_it.o
 .debug_info    0x0000000000008abc      0x7ad Core/Src/system_stm32f7xx.o
 .debug_info    0x0000000000009269       0x22 Core/Startup/startup_stm32f746nghx.o
 .debug_info    0x000000000000928b      0xa42 Drivers/STM32F7xx_HAL_Driver/Src/stm32f7xx_hal.o
 .debug_info    0x0000000000009ccd      0xd66 Drivers/STM32F7xx_HAL_Driver/Src/stm32f7xx_hal_adc.o
 .debug_info    0x000000000000aa33     0x1116 Drivers/STM32F7xx_HAL_Driver/Src/stm32f7xx_hal_cortex.o
 .debug_info    0x000000000000bb49      0xac4 Drivers/STM32F7xx_HAL_Driver/Src/stm32f7xx_hal_dac.o
 .debug_info    0x000000000000c60d      0x8a7 Drivers/STM32F7xx_HAL_Driver/Src/stm32f7xx_hal_dac_ex.o
 .debug_info    0x000000000000ceb4      0x9f1 Drivers/STM32F7xx_HAL_Driver/Src/stm32f7xx_hal_dma.o
 .debug_info    0x000000000000d8a5     0x1067 Drivers/STM32F7xx_HAL_Driver/Src/stm32f7xx_hal_dma2d.o
 .debug_info    0x000000000000e90c      0x868 Drivers/STM32F7xx_HAL_Driver/Src/stm32f7xx_hal_gpio.o
 .debug_info    0x000000000000f174     0x221e Drivers/STM32F7xx_HAL_Driver/Src/stm32f7xx_hal_i2c.o
 .debug_info    0x0000000000011392      0xa8e Drivers/STM32F7xx_HAL_Driver/Src/stm32f7xx_hal_i2c_ex.o
 .debug_info    0x0000000000011e20     0x1205 Drivers/STM32F7xx_HAL_Driver/Src/stm32f7xx_hal_ltdc.o
 .debug_info    0x0000000000013025      0xa4c Drivers/STM32F7xx_HAL_Driver/Src/stm32f7xx_hal_pwr.o
 .debug_info    0x0000000000013a71      0x9f6 Drivers/STM32F7xx_HAL_Driver/Src/stm32f7xx_hal_pwr_ex.o
 .debug_info    0x0000000000014467      0x9cc Drivers/STM32F7xx_HAL_Driver/Src/stm32f7xx_hal_rcc.o
 .debug_info    0x0000000000014e33      0x82c Drivers/STM32F7xx_HAL_Driver/Src/stm32f7xx_hal_rcc_ex.o
 .debug_info    0x000000000001565f      0xde8 Drivers/STM32F7xx_HAL_Driver/Src/stm32f7xx_hal_rtc.o
 .debug_info    0x0000000000016447     0x10f0 Drivers/STM32F7xx_HAL_Driver/Src/stm32f7xx_hal_rtc_ex.o
 .debug_info    0x0000000000017537      0xd5f Drivers/STM32F7xx_HAL_Driver/Src/stm32f7xx_hal_sdram.o
 .debug_info    0x0000000000018296     0x1825 Drivers/STM32F7xx_HAL_Driver/Src/stm32f7xx_hal_spi.o
 .debug_info    0x0000000000019abb     0x2bad Drivers/STM32F7xx_HAL_Driver/Src/stm32f7xx_hal_tim.o
 .debug_info    0x000000000001c668     0x1608 Drivers/STM32F7xx_HAL_Driver/Src/stm32f7xx_hal_tim_ex.o
 .debug_info    0x000000000001dc70     0x194c Drivers/STM32F7xx_HAL_Driver/Src/stm32f7xx_hal_uart.o
 .debug_info    0x000000000001f5bc      0xd81 Drivers/STM32F7xx_HAL_Driver/Src/stm32f7xx_ll_fmc.o
 .debug_info    0x000000000002033d     0x204a Middlewares/Third_Party/FreeRTOS/Source/CMSIS_RTOS/cmsis_os.o
 .debug_info    0x0000000000022387      0xb82 Middlewares/Third_Party/FreeRTOS/Source/list.o
 .debug_info    0x0000000000022f09     0x1fea Middlewares/Third_Party/FreeRTOS/Source/queue.o
 .debug_info    0x0000000000024ef3     0x259f Middlewares/Third_Party/FreeRTOS/Source/tasks.o
 .debug_info    0x0000000000027492      0x4b4 Middlewares/Third_Party/FreeRTOS/Source/portable/GCC/ARM_CM7/r0p1/port.o
 .debug_info    0x0000000000027946      0xc77 Middlewares/Third_Party/FreeRTOS/Source/portable/MemMang/heap_4.o

.debug_abbrev   0x0000000000000000     0x4e0f
 .debug_abbrev  0x0000000000000000      0x11d Core/Src/freertos.o
 .debug_abbrev  0x000000000000011d      0x2e4 Core/Src/main.o
 .debug_abbrev  0x0000000000000401      0x27f Core/Src/stm32f7xx_hal_msp.o
 .debug_abbrev  0x0000000000000680      0x1bf Core/Src/stm32f7xx_hal_timebase_tim.o
 .debug_abbrev  0x000000000000083f      0x187 Core/Src/stm32f7xx_it.o
 .debug_abbrev  0x00000000000009c6      0x165 Core/Src/system_stm32f7xx.o
 .debug_abbrev  0x0000000000000b2b       0x12 Core/Startup/startup_stm32f746nghx.o
 .debug_abbrev  0x0000000000000b3d      0x1ed Drivers/STM32F7xx_HAL_Driver/Src/stm32f7xx_hal.o
 .debug_abbrev  0x0000000000000d2a      0x22f Drivers/STM32F7xx_HAL_Driver/Src/stm32f7xx_hal_adc.o
 .debug_abbrev  0x0000000000000f59      0x33c Drivers/STM32F7xx_HAL_Driver/Src/stm32f7xx_hal_cortex.o
 .debug_abbrev  0x0000000000001295      0x1f2 Drivers/STM32F7xx_HAL_Driver/Src/stm32f7xx_hal_dac.o
 .debug_abbrev  0x0000000000001487      0x214 Drivers/STM32F7xx_HAL_Driver/Src/stm32f7xx_hal_dac_ex.o
 .debug_abbrev  0x000000000000169b      0x259 Drivers/STM32F7xx_HAL_Driver/Src/stm32f7xx_hal_dma.o
 .debug_abbrev  0x00000000000018f4      0x23f Drivers/STM32F7xx_HAL_Driver/Src/stm32f7xx_hal_dma2d.o
 .debug_abbrev  0x0000000000001b33      0x1f1 Drivers/STM32F7xx_HAL_Driver/Src/stm32f7xx_hal_gpio.o
 .debug_abbrev  0x0000000000001d24      0x256 Drivers/STM32F7xx_HAL_Driver/Src/stm32f7xx_hal_i2c.o
 .debug_abbrev  0x0000000000001f7a      0x1bb Drivers/STM32F7xx_HAL_Driver/Src/stm32f7xx_hal_i2c_ex.o
 .debug_abbrev  0x0000000000002135      0x239 Drivers/STM32F7xx_HAL_Driver/Src/stm32f7xx_hal_ltdc.o
 .debug_abbrev  0x000000000000236e      0x1de Drivers/STM32F7xx_HAL_Driver/Src/stm32f7xx_hal_pwr.o
 .debug_abbrev  0x000000000000254c      0x1dc Drivers/STM32F7xx_HAL_Driver/Src/stm32f7xx_hal_pwr_ex.o
 .debug_abbrev  0x0000000000002728      0x246 Drivers/STM32F7xx_HAL_Driver/Src/stm32f7xx_hal_rcc.o
 .debug_abbrev  0x000000000000296e      0x1d1 Drivers/STM32F7xx_HAL_Driver/Src/stm32f7xx_hal_rcc_ex.o
 .debug_abbrev  0x0000000000002b3f      0x1e4 Drivers/STM32F7xx_HAL_Driver/Src/stm32f7xx_hal_rtc.o
 .debug_abbrev  0x0000000000002d23      0x213 Drivers/STM32F7xx_HAL_Driver/Src/stm32f7xx_hal_rtc_ex.o
 .debug_abbrev  0x0000000000002f36      0x221 Drivers/STM32F7xx_HAL_Driver/Src/stm32f7xx_hal_sdram.o
 .debug_abbrev  0x0000000000003157      0x254 Drivers/STM32F7xx_HAL_Driver/Src/stm32f7xx_hal_spi.o
 .debug_abbrev  0x00000000000033ab      0x25e Drivers/STM32F7xx_HAL_Driver/Src/stm32f7xx_hal_tim.o
 .debug_abbrev  0x0000000000003609      0x266 Drivers/STM32F7xx_HAL_Driver/Src/stm32f7xx_hal_tim_ex.o
 .debug_abbrev  0x000000000000386f      0x23f Drivers/STM32F7xx_HAL_Driver/Src/stm32f7xx_hal_uart.o
 .debug_abbrev  0x0000000000003aae      0x18e Drivers/STM32F7xx_HAL_Driver/Src/stm32f7xx_ll_fmc.o
 .debug_abbrev  0x0000000000003c3c      0x3c2 Middlewares/Third_Party/FreeRTOS/Source/CMSIS_RTOS/cmsis_os.o
 .debug_abbrev  0x0000000000003ffe      0x1f7 Middlewares/Third_Party/FreeRTOS/Source/list.o
 .debug_abbrev  0x00000000000041f5      0x380 Middlewares/Third_Party/FreeRTOS/Source/queue.o
 .debug_abbrev  0x0000000000004575      0x380 Middlewares/Third_Party/FreeRTOS/Source/tasks.o
 .debug_abbrev  0x00000000000048f5      0x247 Middlewares/Third_Party/FreeRTOS/Source/portable/GCC/ARM_CM7/r0p1/port.o
 .debug_abbrev  0x0000000000004b3c      0x2d3 Middlewares/Third_Party/FreeRTOS/Source/portable/MemMang/heap_4.o

.debug_aranges  0x0000000000000000     0x21e8
 .debug_aranges
                0x0000000000000000       0x20 Core/Src/freertos.o
 .debug_aranges
                0x0000000000000020       0xf8 Core/Src/main.o
 .debug_aranges
                0x0000000000000118       0xd8 Core/Src/stm32f7xx_hal_msp.o
 .debug_aranges
                0x00000000000001f0       0x30 Core/Src/stm32f7xx_hal_timebase_tim.o
 .debug_aranges
                0x0000000000000220       0x70 Core/Src/stm32f7xx_it.o
 .debug_aranges
                0x0000000000000290       0x28 Core/Src/system_stm32f7xx.o
 .debug_aranges
                0x00000000000002b8       0x28 Core/Startup/startup_stm32f746nghx.o
 .debug_aranges
                0x00000000000002e0      0x100 Drivers/STM32F7xx_HAL_Driver/Src/stm32f7xx_hal.o
 .debug_aranges
                0x00000000000003e0       0xe8 Drivers/STM32F7xx_HAL_Driver/Src/stm32f7xx_hal_adc.o
 .debug_aranges
                0x00000000000004c8      0x118 Drivers/STM32F7xx_HAL_Driver/Src/stm32f7xx_hal_cortex.o
 .debug_aranges
                0x00000000000005e0       0xc0 Drivers/STM32F7xx_HAL_Driver/Src/stm32f7xx_hal_dac.o
 .debug_aranges
                0x00000000000006a0       0x80 Drivers/STM32F7xx_HAL_Driver/Src/stm32f7xx_hal_dac_ex.o
 .debug_aranges
                0x0000000000000720       0x90 Drivers/STM32F7xx_HAL_Driver/Src/stm32f7xx_hal_dma.o
 .debug_aranges
                0x00000000000007b0      0x118 Drivers/STM32F7xx_HAL_Driver/Src/stm32f7xx_hal_dma2d.o
 .debug_aranges
                0x00000000000008c8       0x58 Drivers/STM32F7xx_HAL_Driver/Src/stm32f7xx_hal_gpio.o
 .debug_aranges
                0x0000000000000920      0x290 Drivers/STM32F7xx_HAL_Driver/Src/stm32f7xx_hal_i2c.o
 .debug_aranges
                0x0000000000000bb0       0x38 Drivers/STM32F7xx_HAL_Driver/Src/stm32f7xx_hal_i2c_ex.o
 .debug_aranges
                0x0000000000000be8      0x158 Drivers/STM32F7xx_HAL_Driver/Src/stm32f7xx_hal_ltdc.o
 .debug_aranges
                0x0000000000000d40       0xa0 Drivers/STM32F7xx_HAL_Driver/Src/stm32f7xx_hal_pwr.o
 .debug_aranges
                0x0000000000000de0       0x80 Drivers/STM32F7xx_HAL_Driver/Src/stm32f7xx_hal_pwr_ex.o
 .debug_aranges
                0x0000000000000e60       0x88 Drivers/STM32F7xx_HAL_Driver/Src/stm32f7xx_hal_rcc.o
 .debug_aranges
                0x0000000000000ee8       0x50 Drivers/STM32F7xx_HAL_Driver/Src/stm32f7xx_hal_rcc_ex.o
 .debug_aranges
                0x0000000000000f38       0xe0 Drivers/STM32F7xx_HAL_Driver/Src/stm32f7xx_hal_rtc.o
 .debug_aranges
                0x0000000000001018      0x140 Drivers/STM32F7xx_HAL_Driver/Src/stm32f7xx_hal_rtc_ex.o
 .debug_aranges
                0x0000000000001158       0xd0 Drivers/STM32F7xx_HAL_Driver/Src/stm32f7xx_hal_sdram.o
 .debug_aranges
                0x0000000000001228      0x1d8 Drivers/STM32F7xx_HAL_Driver/Src/stm32f7xx_hal_spi.o
 .debug_aranges
                0x0000000000001400      0x3e0 Drivers/STM32F7xx_HAL_Driver/Src/stm32f7xx_hal_tim.o
 .debug_aranges
                0x00000000000017e0      0x178 Drivers/STM32F7xx_HAL_Driver/Src/stm32f7xx_hal_tim_ex.o
 .debug_aranges
                0x0000000000001958      0x228 Drivers/STM32F7xx_HAL_Driver/Src/stm32f7xx_hal_uart.o
 .debug_aranges
                0x0000000000001b80       0xc8 Drivers/STM32F7xx_HAL_Driver/Src/stm32f7xx_ll_fmc.o
 .debug_aranges
                0x0000000000001c48      0x1d8 Middlewares/Third_Party/FreeRTOS/Source/CMSIS_RTOS/cmsis_os.o
 .debug_aranges
                0x0000000000001e20       0x40 Middlewares/Third_Party/FreeRTOS/Source/list.o
 .debug_aranges
                0x0000000000001e60      0x108 Middlewares/Third_Party/FreeRTOS/Source/queue.o
 .debug_aranges
                0x0000000000001f68      0x1b0 Middlewares/Third_Party/FreeRTOS/Source/tasks.o
 .debug_aranges
                0x0000000000002118       0x80 Middlewares/Third_Party/FreeRTOS/Source/portable/GCC/ARM_CM7/r0p1/port.o
 .debug_aranges
                0x0000000000002198       0x50 Middlewares/Third_Party/FreeRTOS/Source/portable/MemMang/heap_4.o

.debug_ranges   0x0000000000000000     0x1fe0
 .debug_ranges  0x0000000000000000       0x10 Core/Src/freertos.o
 .debug_ranges  0x0000000000000010       0xe8 Core/Src/main.o
 .debug_ranges  0x00000000000000f8       0xc8 Core/Src/stm32f7xx_hal_msp.o
 .debug_ranges  0x00000000000001c0       0x20 Core/Src/stm32f7xx_hal_timebase_tim.o
 .debug_ranges  0x00000000000001e0       0x60 Core/Src/stm32f7xx_it.o
 .debug_ranges  0x0000000000000240       0x18 Core/Src/system_stm32f7xx.o
 .debug_ranges  0x0000000000000258       0x20 Core/Startup/startup_stm32f746nghx.o
 .debug_ranges  0x0000000000000278       0xf0 Drivers/STM32F7xx_HAL_Driver/Src/stm32f7xx_hal.o
 .debug_ranges  0x0000000000000368       0xd8 Drivers/STM32F7xx_HAL_Driver/Src/stm32f7xx_hal_adc.o
 .debug_ranges  0x0000000000000440      0x108 Drivers/STM32F7xx_HAL_Driver/Src/stm32f7xx_hal_cortex.o
 .debug_ranges  0x0000000000000548       0xb0 Drivers/STM32F7xx_HAL_Driver/Src/stm32f7xx_hal_dac.o
 .debug_ranges  0x00000000000005f8       0x70 Drivers/STM32F7xx_HAL_Driver/Src/stm32f7xx_hal_dac_ex.o
 .debug_ranges  0x0000000000000668       0x80 Drivers/STM32F7xx_HAL_Driver/Src/stm32f7xx_hal_dma.o
 .debug_ranges  0x00000000000006e8      0x108 Drivers/STM32F7xx_HAL_Driver/Src/stm32f7xx_hal_dma2d.o
 .debug_ranges  0x00000000000007f0       0x48 Drivers/STM32F7xx_HAL_Driver/Src/stm32f7xx_hal_gpio.o
 .debug_ranges  0x0000000000000838      0x280 Drivers/STM32F7xx_HAL_Driver/Src/stm32f7xx_hal_i2c.o
 .debug_ranges  0x0000000000000ab8       0x28 Drivers/STM32F7xx_HAL_Driver/Src/stm32f7xx_hal_i2c_ex.o
 .debug_ranges  0x0000000000000ae0      0x148 Drivers/STM32F7xx_HAL_Driver/Src/stm32f7xx_hal_ltdc.o
 .debug_ranges  0x0000000000000c28       0x90 Drivers/STM32F7xx_HAL_Driver/Src/stm32f7xx_hal_pwr.o
 .debug_ranges  0x0000000000000cb8       0x70 Drivers/STM32F7xx_HAL_Driver/Src/stm32f7xx_hal_pwr_ex.o
 .debug_ranges  0x0000000000000d28       0x78 Drivers/STM32F7xx_HAL_Driver/Src/stm32f7xx_hal_rcc.o
 .debug_ranges  0x0000000000000da0       0x40 Drivers/STM32F7xx_HAL_Driver/Src/stm32f7xx_hal_rcc_ex.o
 .debug_ranges  0x0000000000000de0       0xd0 Drivers/STM32F7xx_HAL_Driver/Src/stm32f7xx_hal_rtc.o
 .debug_ranges  0x0000000000000eb0      0x130 Drivers/STM32F7xx_HAL_Driver/Src/stm32f7xx_hal_rtc_ex.o
 .debug_ranges  0x0000000000000fe0       0xc0 Drivers/STM32F7xx_HAL_Driver/Src/stm32f7xx_hal_sdram.o
 .debug_ranges  0x00000000000010a0      0x1c8 Drivers/STM32F7xx_HAL_Driver/Src/stm32f7xx_hal_spi.o
 .debug_ranges  0x0000000000001268      0x3d0 Drivers/STM32F7xx_HAL_Driver/Src/stm32f7xx_hal_tim.o
 .debug_ranges  0x0000000000001638      0x168 Drivers/STM32F7xx_HAL_Driver/Src/stm32f7xx_hal_tim_ex.o
 .debug_ranges  0x00000000000017a0      0x248 Drivers/STM32F7xx_HAL_Driver/Src/stm32f7xx_hal_uart.o
 .debug_ranges  0x00000000000019e8       0xb8 Drivers/STM32F7xx_HAL_Driver/Src/stm32f7xx_ll_fmc.o
 .debug_ranges  0x0000000000001aa0      0x1c8 Middlewares/Third_Party/FreeRTOS/Source/CMSIS_RTOS/cmsis_os.o
 .debug_ranges  0x0000000000001c68       0x30 Middlewares/Third_Party/FreeRTOS/Source/list.o
 .debug_ranges  0x0000000000001c98       0xf8 Middlewares/Third_Party/FreeRTOS/Source/queue.o
 .debug_ranges  0x0000000000001d90      0x1a0 Middlewares/Third_Party/FreeRTOS/Source/tasks.o
 .debug_ranges  0x0000000000001f30       0x70 Middlewares/Third_Party/FreeRTOS/Source/portable/GCC/ARM_CM7/r0p1/port.o
 .debug_ranges  0x0000000000001fa0       0x40 Middlewares/Third_Party/FreeRTOS/Source/portable/MemMang/heap_4.o

.debug_macro    0x0000000000000000    0x2c508
 .debug_macro   0x0000000000000000      0x2f4 Core/Src/freertos.o
 .debug_macro   0x00000000000002f4      0xaa8 Core/Src/freertos.o
 .debug_macro   0x0000000000000d9c      0x174 Core/Src/freertos.o
 .debug_macro   0x0000000000000f10       0x22 Core/Src/freertos.o
 .debug_macro   0x0000000000000f32       0x8e Core/Src/freertos.o
 .debug_macro   0x0000000000000fc0       0x51 Core/Src/freertos.o
 .debug_macro   0x0000000000001011      0x103 Core/Src/freertos.o
 .debug_macro   0x0000000000001114       0x6a Core/Src/freertos.o
 .debug_macro   0x000000000000117e      0x1df Core/Src/freertos.o
 .debug_macro   0x000000000000135d       0xea Core/Src/freertos.o
 .debug_macro   0x0000000000001447      0x15a Core/Src/freertos.o
 .debug_macro   0x00000000000015a1       0xde Core/Src/freertos.o
 .debug_macro   0x000000000000167f       0x1c Core/Src/freertos.o
 .debug_macro   0x000000000000169b       0x26 Core/Src/freertos.o
 .debug_macro   0x00000000000016c1      0x4e8 Core/Src/freertos.o
 .debug_macro   0x0000000000001ba9       0xb5 Core/Src/freertos.o
 .debug_macro   0x0000000000001c5e       0xaa Core/Src/freertos.o
 .debug_macro   0x0000000000001d08      0x2bd Core/Src/freertos.o
 .debug_macro   0x0000000000001fc5       0x2e Core/Src/freertos.o
 .debug_macro   0x0000000000001ff3       0x3b Core/Src/freertos.o
 .debug_macro   0x000000000000202e       0x1c Core/Src/freertos.o
 .debug_macro   0x000000000000204a       0x22 Core/Src/freertos.o
 .debug_macro   0x000000000000206c       0xdf Core/Src/freertos.o
 .debug_macro   0x000000000000214b     0x12cd Core/Src/freertos.o
 .debug_macro   0x0000000000003418      0x11f Core/Src/freertos.o
 .debug_macro   0x0000000000003537       0x19 Core/Src/freertos.o
 .debug_macro   0x0000000000003550    0x191cb Core/Src/freertos.o
 .debug_macro   0x000000000001c71b       0x43 Core/Src/freertos.o
 .debug_macro   0x000000000001c75e     0x36c9 Core/Src/freertos.o
 .debug_macro   0x000000000001fe27       0x63 Core/Src/freertos.o
 .debug_macro   0x000000000001fe8a     0x18ad Core/Src/freertos.o
 .debug_macro   0x0000000000021737      0x6c4 Core/Src/freertos.o
 .debug_macro   0x0000000000021dfb      0x185 Core/Src/freertos.o
 .debug_macro   0x0000000000021f80      0x117 Core/Src/freertos.o
 .debug_macro   0x0000000000022097      0x1fe Core/Src/freertos.o
 .debug_macro   0x0000000000022295       0x27 Core/Src/freertos.o
 .debug_macro   0x00000000000222bc      0x24f Core/Src/freertos.o
 .debug_macro   0x000000000002250b       0x41 Core/Src/freertos.o
 .debug_macro   0x000000000002254c       0x58 Core/Src/freertos.o
 .debug_macro   0x00000000000225a4      0x236 Core/Src/freertos.o
 .debug_macro   0x00000000000227da      0x416 Core/Src/freertos.o
 .debug_macro   0x0000000000022bf0      0x153 Core/Src/freertos.o
 .debug_macro   0x0000000000022d43      0x107 Core/Src/freertos.o
 .debug_macro   0x0000000000022e4a      0x20f Core/Src/freertos.o
 .debug_macro   0x0000000000023059      0x122 Core/Src/freertos.o
 .debug_macro   0x000000000002317b       0xa6 Core/Src/freertos.o
 .debug_macro   0x0000000000023221      0x14f Core/Src/freertos.o
 .debug_macro   0x0000000000023370      0x25b Core/Src/freertos.o
 .debug_macro   0x00000000000235cb       0x12 Core/Src/freertos.o
 .debug_macro   0x00000000000235dd      0x514 Core/Src/freertos.o
 .debug_macro   0x0000000000023af1      0x22c Core/Src/freertos.o
 .debug_macro   0x0000000000023d1d       0x61 Core/Src/freertos.o
 .debug_macro   0x0000000000023d7e       0xa5 Core/Src/freertos.o
 .debug_macro   0x0000000000023e23      0x198 Core/Src/freertos.o
 .debug_macro   0x0000000000023fbb       0xd6 Core/Src/freertos.o
 .debug_macro   0x0000000000024091      0x12f Core/Src/freertos.o
 .debug_macro   0x00000000000241c0      0x108 Core/Src/freertos.o
 .debug_macro   0x00000000000242c8       0x35 Core/Src/freertos.o
 .debug_macro   0x00000000000242fd      0x313 Core/Src/freertos.o
 .debug_macro   0x0000000000024610      0x4ca Core/Src/freertos.o
 .debug_macro   0x0000000000024ada       0xd6 Core/Src/freertos.o
 .debug_macro   0x0000000000024bb0      0x2fe Core/Src/freertos.o
 .debug_macro   0x0000000000024eae      0xa60 Core/Src/freertos.o
 .debug_macro   0x000000000002590e       0x59 Core/Src/freertos.o
 .debug_macro   0x0000000000025967      0x558 Core/Src/freertos.o
 .debug_macro   0x0000000000025ebf       0x44 Core/Src/freertos.o
 .debug_macro   0x0000000000025f03      0x14e Core/Src/freertos.o
 .debug_macro   0x0000000000026051      0x415 Core/Src/freertos.o
 .debug_macro   0x0000000000026466      0x33f Core/Src/main.o
 .debug_macro   0x00000000000267a5       0xea Core/Src/main.o
 .debug_macro   0x000000000002688f       0x91 Core/Src/main.o
 .debug_macro   0x0000000000026920       0x8d Core/Src/main.o
 .debug_macro   0x00000000000269ad       0x7e Core/Src/main.o
 .debug_macro   0x0000000000026a2b       0x19 Core/Src/main.o
 .debug_macro   0x0000000000026a44       0xf2 Core/Src/main.o
 .debug_macro   0x0000000000026b36      0x28c Core/Src/stm32f7xx_hal_msp.o
 .debug_macro   0x0000000000026dc2      0x27d Core/Src/stm32f7xx_hal_timebase_tim.o