core_cm7.h:2491:22:SCB_CleanDCache_by_Addr	32	static,ignoring_inline_asm
main.c:190:5:main	168	static
main.c:334:6:SystemClock_Config	216	static
main.c:408:13:MX_NVIC_Init	8	static
main.c:423:13:MX_ADC1_Init	24	static
main.c:473:13:MX_ADC3_Init	24	static
main.c:523:13:MX_DAC_Init	16	static
main.c:561:13:MX_DMA2D_Init	8	static
main.c:598:13:MX_I2C1_Init	8	static
main.c:644:13:MX_I2C3_Init	8	static
main.c:690:13:MX_LTDC_Init	64	static
main.c:752:13:MX_RTC_Init	80	static
main.c:844:13:MX_SPI2_Init	8	static
main.c:884:13:MX_TIM1_Init	40	static
main.c:931:13:MX_TIM2_Init	40	static
main.c:976:13:MX_TIM3_Init	88	static
main.c:1042:13:MX_TIM5_Init	40	static
main.c:1087:13:MX_TIM8_Init	112	static
main.c:1166:13:MX_UART7_Init	8	static
main.c:1201:13:MX_USART1_UART_Init	8	static
main.c:1236:13:MX_USART6_UART_Init	8	static
main.c:1267:13:MX_FMC_Init	40	static
main.c:1318:13:MX_GPIO_Init	72	static
main.c:1495:9:CheckForUserInput	8	static
main.c:1506:6:AudioLoopback_demo	16	static
main.c:1596:13:AudioLoopback_SetHint	16	static
main.c:1618:6:AudioPlay_demo	320	static
main.c:1782:13:Audio_SetHint	16	static
main.c:1812:20:AUDIO_Start	24	static
main.c:1841:9:AUDIO_Process	16	static
main.c:1906:17:GetData	32	static
main.c:1931:6:BSP_AUDIO_OUT_TransferComplete_CallBack	4	static
main.c:1945:6:BSP_AUDIO_OUT_HalfTransfer_CallBack	4	static
main.c:1959:6:BSP_AUDIO_OUT_Error_CallBack	8	static
main.c:1985:6:StartDefaultTask	16	static
main.c:2003:6:GetTime	16	static
main.c:2021:6:MouseTask	16	static
main.c:2039:6:CatTask	16	static
main.c:2058:6:HAL_TIM_PeriodElapsedCallback	16	static
main.c:2075:6:Error_Handler	4	static,ignoring_inline_asm
