stm32f7xx_hal_sai.c:324:19:HAL_SAI_InitProtocol	32	static
stm32f7xx_hal_sai.c:363:19:HAL_SAI_Init	40	static
stm32f7xx_hal_sai.c:583:19:HAL_SAI_DeInit	16	static
stm32f7xx_hal_sai.c:632:13:HAL_SAI_MspInit	16	static
stm32f7xx_hal_sai.c:648:13:HAL_SAI_MspDeInit	16	static
stm32f7xx_hal_sai.c:889:19:HAL_SAI_Transmit	32	static
stm32f7xx_hal_sai.c:989:19:HAL_SAI_Receive	32	static
stm32f7xx_hal_sai.c:1086:19:HAL_SAI_Transmit_IT	24	static
stm32f7xx_hal_sai.c:1148:19:HAL_SAI_Receive_IT	24	static
stm32f7xx_hal_sai.c:1206:19:HAL_SAI_DMAPause	16	static
stm32f7xx_hal_sai.c:1226:19:HAL_SAI_DMAResume	16	static
stm32f7xx_hal_sai.c:1253:19:HAL_SAI_DMAStop	24	static
stm32f7xx_hal_sai.c:1312:19:HAL_SAI_Abort	24	static
stm32f7xx_hal_sai.c:1380:19:HAL_SAI_Transmit_DMA	24	static
stm32f7xx_hal_sai.c:1449:19:HAL_SAI_Receive_DMA	24	static
stm32f7xx_hal_sai.c:1518:19:HAL_SAI_EnableTxMuteMode	16	static
stm32f7xx_hal_sai.c:1537:19:HAL_SAI_DisableTxMuteMode	16	static
stm32f7xx_hal_sai.c:1555:19:HAL_SAI_EnableRxMuteMode	24	static
stm32f7xx_hal_sai.c:1578:19:HAL_SAI_DisableRxMuteMode	16	static
stm32f7xx_hal_sai.c:1597:6:HAL_SAI_IRQHandler	32	static
stm32f7xx_hal_sai.c:1783:13:HAL_SAI_TxCpltCallback	16	static
stm32f7xx_hal_sai.c:1799:14:HAL_SAI_TxHalfCpltCallback	16	static
stm32f7xx_hal_sai.c:1815:13:HAL_SAI_RxCpltCallback	16	static
stm32f7xx_hal_sai.c:1831:13:HAL_SAI_RxHalfCpltCallback	16	static
stm32f7xx_hal_sai.c:1847:13:HAL_SAI_ErrorCallback	16	static
stm32f7xx_hal_sai.c:1882:22:HAL_SAI_GetState	16	static
stm32f7xx_hal_sai.c:1893:10:HAL_SAI_GetError	16	static
stm32f7xx_hal_sai.c:1923:26:SAI_InitI2S	24	static
stm32f7xx_hal_sai.c:2016:26:SAI_InitPCM	24	static
stm32f7xx_hal_sai.c:2083:13:SAI_FillFifo	16	static
stm32f7xx_hal_sai.c:2113:17:SAI_InterruptFlag	24	static
stm32f7xx_hal_sai.c:2146:26:SAI_Disable	24	static
stm32f7xx_hal_sai.c:2175:13:SAI_Transmit_IT8Bit	16	static
stm32f7xx_hal_sai.c:2203:13:SAI_Transmit_IT16Bit	16	static
stm32f7xx_hal_sai.c:2232:13:SAI_Transmit_IT32Bit	16	static
stm32f7xx_hal_sai.c:2261:13:SAI_Receive_IT8Bit	16	static
stm32f7xx_hal_sai.c:2291:13:SAI_Receive_IT16Bit	16	static
stm32f7xx_hal_sai.c:2322:13:SAI_Receive_IT32Bit	16	static
stm32f7xx_hal_sai.c:2353:13:SAI_DMATxCplt	24	static
stm32f7xx_hal_sai.c:2382:13:SAI_DMATxHalfCplt	24	static
stm32f7xx_hal_sai.c:2399:13:SAI_DMARxCplt	24	static
stm32f7xx_hal_sai.c:2427:13:SAI_DMARxHalfCplt	24	static
stm32f7xx_hal_sai.c:2444:13:SAI_DMAError	24	static
stm32f7xx_hal_sai.c:2479:13:SAI_DMAAbort	24	static
